Component: ARM Compiler 5.06 update 6 (build 750) Tool: armlink [4d35ed]

==============================================================================

Section Cross References

    startup_stm32f411xe.o(RESET) refers to startup_stm32f411xe.o(STACK) for __initial_sp
    startup_stm32f411xe.o(RESET) refers to startup_stm32f411xe.o(.text) for Reset_Handler
    startup_stm32f411xe.o(RESET) refers to stm32f4xx_it.o(i.NMI_Handler) for NMI_Handler
    startup_stm32f411xe.o(RESET) refers to stm32f4xx_it.o(i.HardFault_Handler) for HardFault_Handler
    startup_stm32f411xe.o(RESET) refers to stm32f4xx_it.o(i.MemManage_Handler) for MemManage_Handler
    startup_stm32f411xe.o(RESET) refers to stm32f4xx_it.o(i.BusFault_Handler) for BusFault_Handler
    startup_stm32f411xe.o(RESET) refers to stm32f4xx_it.o(i.UsageFault_Handler) for UsageFault_Handler
    startup_stm32f411xe.o(RESET) refers to stm32f4xx_it.o(i.SVC_Handler) for SVC_Handler
    startup_stm32f411xe.o(RESET) refers to stm32f4xx_it.o(i.DebugMon_Handler) for DebugMon_Handler
    startup_stm32f411xe.o(RESET) refers to stm32f4xx_it.o(i.PendSV_Handler) for PendSV_Handler
    startup_stm32f411xe.o(RESET) refers to stm32f4xx_it.o(i.SysTick_Handler) for SysTick_Handler
    startup_stm32f411xe.o(RESET) refers to stm32f4xx_it.o(i.SDIO_IRQHandler) for SDIO_IRQHandler
    startup_stm32f411xe.o(RESET) refers to stm32f4xx_it.o(i.DMA2_Stream3_IRQHandler) for DMA2_Stream3_IRQHandler
    startup_stm32f411xe.o(RESET) refers to stm32f4xx_it.o(i.DMA2_Stream6_IRQHandler) for DMA2_Stream6_IRQHandler
    startup_stm32f411xe.o(.text) refers to system_stm32f4xx.o(i.SystemInit) for SystemInit
    startup_stm32f411xe.o(.text) refers to entry.o(.ARM.Collect$$$$00000000) for __main
    firmware.o(i.BOOTLOADER_UploadFirmware) refers to ff.o(i.f_open) for f_open
    firmware.o(i.BOOTLOADER_UploadFirmware) refers to firmware.o(i.SD_GetStringFromFileOnCard) for SD_GetStringFromFileOnCard
    firmware.o(i.BOOTLOADER_UploadFirmware) refers to firmware.o(i.FW_ProcessingString) for FW_ProcessingString
    firmware.o(i.BOOTLOADER_UploadFirmware) refers to firmware.o(i.FW_SELECT_SECTOR) for FW_SELECT_SECTOR
    firmware.o(i.BOOTLOADER_UploadFirmware) refers to firmware.o(i.FW_ERASE_AND_PROGRAM) for FW_ERASE_AND_PROGRAM
    firmware.o(i.BOOTLOADER_UploadFirmware) refers to ff.o(i.f_close) for f_close
    firmware.o(i.BOOTLOADER_UploadFirmware) refers to firmware.o(.bss) for fil
    firmware.o(i.FW_ERASE_AND_PROGRAM) refers to memcpya.o(.text) for __aeabi_memcpy4
    firmware.o(i.FW_ERASE_AND_PROGRAM) refers to stm32f4xx_hal_flash.o(i.HAL_FLASH_Unlock) for HAL_FLASH_Unlock
    firmware.o(i.FW_ERASE_AND_PROGRAM) refers to stm32f4xx_hal_flash_ex.o(i.HAL_FLASHEx_Erase) for HAL_FLASHEx_Erase
    firmware.o(i.FW_ERASE_AND_PROGRAM) refers to stm32f4xx_hal_flash.o(i.HAL_FLASH_Lock) for HAL_FLASH_Lock
    firmware.o(i.FW_ERASE_AND_PROGRAM) refers to firmware.o(i.FW_WriteToFlash) for FW_WriteToFlash
    firmware.o(i.FW_ERASE_AND_PROGRAM) refers to printf1.o(i.__0printf$1) for __2printf
    firmware.o(i.FW_ERASE_AND_PROGRAM) refers to firmware.o(.constdata) for .constdata
    firmware.o(i.FW_ERASE_AND_PROGRAM) refers to firmware.o(.data) for stat222
    firmware.o(i.FW_ERASE_AND_PROGRAM) refers to firmware.o(.bss) for g_stringHex
    firmware.o(i.FW_ProcessingString) refers to firmware.o(i.FW_SumToByte) for FW_SumToByte
    firmware.o(i.FW_ProcessingString) refers to firmware.o(.bss) for g_stringHex
    firmware.o(i.FW_SELECT_SECTOR) refers to firmware.o(.data) for sector
    firmware.o(i.FW_WriteToFlash) refers to stm32f4xx_hal_flash.o(i.HAL_FLASH_Program) for HAL_FLASH_Program
    firmware.o(i.SD_GetStringFromFileOnCard) refers to ff.o(i.f_gets) for f_gets
    firmware.o(i.SD_GetStringFromFileOnCard) refers to firmware.o(.bss) for fil
    main.o(i.SystemClock_Config) refers to memseta.o(.text) for __aeabi_memclr4
    main.o(i.SystemClock_Config) refers to stm32f4xx_hal_rcc.o(i.HAL_RCC_OscConfig) for HAL_RCC_OscConfig
    main.o(i.SystemClock_Config) refers to main.o(i.Error_Handler) for Error_Handler
    main.o(i.SystemClock_Config) refers to stm32f4xx_hal_rcc.o(i.HAL_RCC_ClockConfig) for HAL_RCC_ClockConfig
    main.o(i.main) refers to stm32f4xx_hal.o(i.HAL_Init) for HAL_Init
    main.o(i.main) refers to main.o(i.SystemClock_Config) for SystemClock_Config
    main.o(i.main) refers to gpio.o(i.MX_GPIO_Init) for MX_GPIO_Init
    main.o(i.main) refers to dma.o(i.MX_DMA_Init) for MX_DMA_Init
    main.o(i.main) refers to sdio.o(i.MX_SDIO_SD_Init) for MX_SDIO_SD_Init
    main.o(i.main) refers to fatfs.o(i.MX_FATFS_Init) for MX_FATFS_Init
    main.o(i.main) refers to ff.o(i.f_mount) for f_mount
    main.o(i.main) refers to ff.o(i.f_opendir) for f_opendir
    main.o(i.main) refers to ff.o(i.f_readdir) for f_readdir
    main.o(i.main) refers to strncmp.o(.text) for strncmp
    main.o(i.main) refers to stm32f4xx_hal_gpio.o(i.HAL_GPIO_WritePin) for HAL_GPIO_WritePin
[...]
    i.FLASH_Program_DoubleWord               0x08000730   Section        0  stm32f4xx_hal_flash.o(i.FLASH_Program_DoubleWord)
    FLASH_Program_DoubleWord                 0x08000731   Thumb Code    56  stm32f4xx_hal_flash.o(i.FLASH_Program_DoubleWord)
    i.FLASH_Program_HalfWord                 0x0800076c   Section        0  stm32f4xx_hal_flash.o(i.FLASH_Program_HalfWord)
    FLASH_Program_HalfWord                   0x0800076d   Thumb Code    36  stm32f4xx_hal_flash.o(i.FLASH_Program_HalfWord)
    i.FLASH_Program_Word                     0x08000794   Section        0  stm32f4xx_hal_flash.o(i.FLASH_Program_Word)
    FLASH_Program_Word                       0x08000795   Thumb Code    36  stm32f4xx_hal_flash.o(i.FLASH_Program_Word)
    i.FLASH_SetErrorCode                     0x080007bc   Section        0  stm32f4xx_hal_flash.o(i.FLASH_SetErrorCode)
    FLASH_SetErrorCode                       0x080007bd   Thumb Code   172  stm32f4xx_hal_flash.o(i.FLASH_SetErrorCode)
    i.FLASH_WaitForLastOperation             0x08000870   Section        0  stm32f4xx_hal_flash.o(i.FLASH_WaitForLastOperation)
    i.FW_ERASE_AND_PROGRAM                   0x080008d4   Section        0  firmware.o(i.FW_ERASE_AND_PROGRAM)
    i.FW_ProcessingString                    0x08000974   Section        0  firmware.o(i.FW_ProcessingString)
    i.FW_SELECT_SECTOR                       0x08000ab0   Section        0  firmware.o(i.FW_SELECT_SECTOR)
    i.FW_SumToByte                           0x08000af0   Section        0  firmware.o(i.FW_SumToByte)
    FW_SumToByte                             0x08000af1   Thumb Code    20  firmware.o(i.FW_SumToByte)
    i.FW_WriteToFlash                        0x08000b04   Section        0  firmware.o(i.FW_WriteToFlash)
    FW_WriteToFlash                          0x08000b05   Thumb Code    50  firmware.o(i.FW_WriteToFlash)
    i.HAL_DMA_Abort_IT                       0x08000b36   Section        0  stm32f4xx_hal_dma.o(i.HAL_DMA_Abort_IT)
    i.HAL_DMA_IRQHandler                     0x08000b60   Section        0  stm32f4xx_hal_dma.o(i.HAL_DMA_IRQHandler)
    i.HAL_DMA_Init                           0x08000da0   Section        0  stm32f4xx_hal_dma.o(i.HAL_DMA_Init)
    i.HAL_DeInit                             0x08000e8c   Section        0  stm32f4xx_hal.o(i.HAL_DeInit)
    i.HAL_Delay                              0x08000ed0   Section        0  stm32f4xx_hal.o(i.HAL_Delay)
    i.HAL_FLASHEx_Erase                      0x08000ef8   Section        0  stm32f4xx_hal_flash_ex.o(i.HAL_FLASHEx_Erase)
    i.HAL_FLASH_Lock                         0x08000fa4   Section        0  stm32f4xx_hal_flash.o(i.HAL_FLASH_Lock)
    i.HAL_FLASH_Program                      0x08000fb8   Section        0  stm32f4xx_hal_flash.o(i.HAL_FLASH_Program)
    i.HAL_FLASH_Unlock                       0x08001050   Section        0  stm32f4xx_hal_flash.o(i.HAL_FLASH_Unlock)
    i.HAL_GPIO_Init                          0x08001084   Section        0  stm32f4xx_hal_gpio.o(i.HAL_GPIO_Init)
    i.HAL_GPIO_WritePin                      0x0800124c   Section        0  stm32f4xx_hal_gpio.o(i.HAL_GPIO_WritePin)
    i.HAL_GetTick                            0x08001258   Section        0  stm32f4xx_hal.o(i.HAL_GetTick)
    i.HAL_IncTick                            0x08001264   Section        0  stm32f4xx_hal.o(i.HAL_IncTick)
    i.HAL_Init                               0x0800127c   Section        0  stm32f4xx_hal.o(i.HAL_Init)
    i.HAL_InitTick                           0x080012b8   Section        0  stm32f4xx_hal.o(i.HAL_InitTick)
    i.HAL_MspDeInit                          0x08001304   Section        0  stm32f4xx_hal.o(i.HAL_MspDeInit)
    i.HAL_MspInit                            0x08001308   Section        0  stm32f4xx_hal_msp.o(i.HAL_MspInit)
    i.HAL_NVIC_EnableIRQ                     0x08001350   Section        0  stm32f4xx_hal_cortex.o(i.HAL_NVIC_EnableIRQ)
    i.HAL_NVIC_SetPriority                   0x08001370   Section        0  stm32f4xx_hal_cortex.o(i.HAL_NVIC_SetPriority)
    i.HAL_NVIC_SetPriorityGrouping           0x080013ec   Section        0  stm32f4xx_hal_cortex.o(i.HAL_NVIC_SetPriorityGrouping)
    i.HAL_RCC_ClockConfig                    0x08001414   Section        0  stm32f4xx_hal_rcc.o(i.HAL_RCC_ClockConfig)
    i.HAL_RCC_DeInit                         0x08001598   Section        0  stm32f4xx_hal_rcc_ex.o(i.HAL_RCC_DeInit)
    i.HAL_RCC_GetSysClockFreq                0x08001718   Section        0  stm32f4xx_hal_rcc.o(i.HAL_RCC_GetSysClockFreq)
    i.HAL_RCC_OscConfig                      0x080017c8   Section        0  stm32f4xx_hal_rcc.o(i.HAL_RCC_OscConfig)
    i.HAL_SD_AbortCallback                   0x08001c64   Section        0  bsp_driver_sd.o(i.HAL_SD_AbortCallback)
    i.HAL_SD_ConfigWideBusOperation          0x08001c70   Section        0  stm32f4xx_hal_sd.o(i.HAL_SD_ConfigWideBusOperation)
    i.HAL_SD_ErrorCallback                   0x08001d38   Section        0  stm32f4xx_hal_sd.o(i.HAL_SD_ErrorCallback)
    i.HAL_SD_GetCardCSD                      0x08001d3c   Section        0  stm32f4xx_hal_sd.o(i.HAL_SD_GetCardCSD)
    i.HAL_SD_GetCardInfo                     0x08001f04   Section        0  stm32f4xx_hal_sd.o(i.HAL_SD_GetCardInfo)
    i.HAL_SD_GetCardState                    0x08001f2a   Section        0  stm32f4xx_hal_sd.o(i.HAL_SD_GetCardState)
    i.HAL_SD_IRQHandler                      0x08001f50   Section        0  stm32f4xx_hal_sd.o(i.HAL_SD_IRQHandler)
    i.HAL_SD_Init                            0x0800216c   Section        0  stm32f4xx_hal_sd.o(i.HAL_SD_Init)
    i.HAL_SD_InitCard                        0x080021a8   Section        0  stm32f4xx_hal_sd.o(i.HAL_SD_InitCard)
    i.HAL_SD_MspInit                         0x08002254   Section        0  sdio.o(i.HAL_SD_MspInit)
    i.HAL_SD_ReadBlocks                      0x080023e0   Section        0  stm32f4xx_hal_sd.o(i.HAL_SD_ReadBlocks)
    i.HAL_SD_RxCpltCallback                  0x08002678   Section        0  bsp_driver_sd.o(i.HAL_SD_RxCpltCallback)
    i.HAL_SD_TxCpltCallback                  0x08002682   Section        0  bsp_driver_sd.o(i.HAL_SD_TxCpltCallback)
    i.HAL_SD_WriteBlocks                     0x0800268c   Section        0  stm32f4xx_hal_sd.o(i.HAL_SD_WriteBlocks)
    i.HAL_SYSTICK_Config                     0x080028bc   Section        0  stm32f4xx_hal_cortex.o(i.HAL_SYSTICK_Config)
    i.HardFault_Handler                      0x080028f0   Section        0  stm32f4xx_it.o(i.HardFault_Handler)
    i.ITM_SendChar                           0x080028f4   Section        0  retarget_io.o(i.ITM_SendChar)
    i.MX_DMA_Init                            0x08002924   Section        0  dma.o(i.MX_DMA_Init)
    i.MX_FATFS_Init                          0x0800296c   Section        0  fatfs.o(i.MX_FATFS_Init)
    i.MX_GPIO_Init                           0x08002988   Section        0  gpio.o(i.MX_GPIO_Init)
    i.MX_SDIO_SD_Init                        0x08002a3c   Section        0  sdio.o(i.MX_SDIO_SD_Init)
    i.MemManage_Handler                      0x08002a60   Section        0  stm32f4xx_it.o(i.MemManage_Handler)
    i.NMI_Handler                            0x08002a64   Section        0  stm32f4xx_it.o(i.NMI_Handler)
    i.PendSV_Handler                         0x08002a68   Section        0  stm32f4xx_it.o(i.PendSV_Handler)
    i.SDIO_ConfigData                        0x08002a6a   Section        0  stm32f4xx_ll_sdmmc.o(i.SDIO_ConfigData)
    i.SDIO_GetCommandResponse                0x08002a96   Section        0  stm32f4xx_ll_sdmmc.o(i.SDIO_GetCommandResponse)
    i.SDIO_GetPowerState                     0x08002a9e   Section        0  stm32f4xx_ll_sdmmc.o(i.SDIO_GetPowerState)
    i.SDIO_GetResponse                       0x08002aa8   Section        0  stm32f4xx_ll_sdmmc.o(i.SDIO_GetResponse)
    i.SDIO_IRQHandler                        0x08002ab4   Section        0  stm32f4xx_it.o(i.SDIO_IRQHandler)
    i.SDIO_Init                              0x08002ac4   Section        0  stm32f4xx_ll_sdmmc.o(i.SDIO_Init)
    i.SDIO_PowerState_ON                     0x08002af8   Section        0  stm32f4xx_ll_sdmmc.o(i.SDIO_PowerState_ON)
    i.SDIO_ReadFIFO                          0x08002b0a   Section        0  stm32f4xx_ll_sdmmc.o(i.SDIO_ReadFIFO)
    i.SDIO_SendCommand                       0x08002b12   Section        0  stm32f4xx_ll_sdmmc.o(i.SDIO_SendCommand)
    i.SDIO_WriteFIFO                         0x08002b3a   Section        0  stm32f4xx_ll_sdmmc.o(i.SDIO_WriteFIFO)
    i.SDMMC_CmdAppCommand                    0x08002b46   Section        0  stm32f4xx_ll_sdmmc.o(i.SDMMC_CmdAppCommand)
    i.SDMMC_CmdAppOperCommand                0x08002b80   Section        0  stm32f4xx_ll_sdmmc.o(i.SDMMC_CmdAppOperCommand)
    i.SDMMC_CmdBlockLength                   0x08002bbc   Section        0  stm32f4xx_ll_sdmmc.o(i.SDMMC_CmdBlockLength)
    i.SDMMC_CmdBusWidth                      0x08002bf4   Section        0  stm32f4xx_ll_sdmmc.o(i.SDMMC_CmdBusWidth)
    i.SDMMC_CmdGoIdleState                   0x08002c2c   Section        0  stm32f4xx_ll_sdmmc.o(i.SDMMC_CmdGoIdleState)
    i.SDMMC_CmdOperCond                      0x08002c58   Section        0  stm32f4xx_ll_sdmmc.o(i.SDMMC_CmdOperCond)
    i.SDMMC_CmdReadMultiBlock                0x08002c8c   Section        0  stm32f4xx_ll_sdmmc.o(i.SDMMC_CmdReadMultiBlock)
    i.SDMMC_CmdReadSingleBlock               0x08002cc4   Section        0  stm32f4xx_ll_sdmmc.o(i.SDMMC_CmdReadSingleBlock)
    i.SDMMC_CmdSelDesel                      0x08002cfc   Section        0  stm32f4xx_ll_sdmmc.o(i.SDMMC_CmdSelDesel)
    i.SDMMC_CmdSendCID                       0x08002d36   Section        0  stm32f4xx_ll_sdmmc.o(i.SDMMC_CmdSendCID)
    i.SDMMC_CmdSendCSD                       0x08002d68   Section        0  stm32f4xx_ll_sdmmc.o(i.SDMMC_CmdSendCSD)
    i.SDMMC_CmdSendSCR                       0x08002d9a   Section        0  stm32f4xx_ll_sdmmc.o(i.SDMMC_CmdSendSCR)
    i.SDMMC_CmdSendStatus                    0x08002dd2   Section        0  stm32f4xx_ll_sdmmc.o(i.SDMMC_CmdSendStatus)
    i.SDMMC_CmdSetRelAdd                     0x08002e0a   Section        0  stm32f4xx_ll_sdmmc.o(i.SDMMC_CmdSetRelAdd)
    i.SDMMC_CmdStopTransfer                  0x08002e44   Section        0  stm32f4xx_ll_sdmmc.o(i.SDMMC_CmdStopTransfer)
    i.SDMMC_CmdWriteMultiBlock               0x08002e80   Section        0  stm32f4xx_ll_sdmmc.o(i.SDMMC_CmdWriteMultiBlock)
    i.SDMMC_CmdWriteSingleBlock              0x08002eb8   Section        0  stm32f4xx_ll_sdmmc.o(i.SDMMC_CmdWriteSingleBlock)
    i.SDMMC_GetCmdError                      0x08002ef0   Section        0  stm32f4xx_ll_sdmmc.o(i.SDMMC_GetCmdError)
    SDMMC_GetCmdError                        0x08002ef1   Thumb Code    58  stm32f4xx_ll_sdmmc.o(i.SDMMC_GetCmdError)
    i.SDMMC_GetCmdResp1                      0x08002f30   Section        0  stm32f4xx_ll_sdmmc.o(i.SDMMC_GetCmdResp1)
    SDMMC_GetCmdResp1                        0x08002f31   Thumb Code   418  stm32f4xx_ll_sdmmc.o(i.SDMMC_GetCmdResp1)
    i.SDMMC_GetCmdResp2                      0x080030dc   Section        0  stm32f4xx_ll_sdmmc.o(i.SDMMC_GetCmdResp2)
    SDMMC_GetCmdResp2                        0x080030dd   Thumb Code    96  stm32f4xx_ll_sdmmc.o(i.SDMMC_GetCmdResp2)
    i.SDMMC_GetCmdResp3                      0x08003140   Section        0  stm32f4xx_ll_sdmmc.o(i.SDMMC_GetCmdResp3)
    SDMMC_GetCmdResp3                        0x08003141   Thumb Code    82  stm32f4xx_ll_sdmmc.o(i.SDMMC_GetCmdResp3)
    i.SDMMC_GetCmdResp6                      0x08003198   Section        0  stm32f4xx_ll_sdmmc.o(i.SDMMC_GetCmdResp6)
    SDMMC_GetCmdResp6                        0x08003199   Thumb Code   180  stm32f4xx_ll_sdmmc.o(i.SDMMC_GetCmdResp6)
    i.SDMMC_GetCmdResp7                      0x08003250   Section        0  stm32f4xx_ll_sdmmc.o(i.SDMMC_GetCmdResp7)
    SDMMC_GetCmdResp7                        0x08003251   Thumb Code   104  stm32f4xx_ll_sdmmc.o(i.SDMMC_GetCmdResp7)
    i.SD_CheckStatus                         0x080032bc   Section        0  sd_diskio.o(i.SD_CheckStatus)
    SD_CheckStatus                           0x080032bd   Thumb Code    34  sd_diskio.o(i.SD_CheckStatus)
    i.SD_DMARxAbort                          0x080032e4   Section        0  stm32f4xx_hal_sd.o(i.SD_DMARxAbort)
    SD_DMARxAbort                            0x080032e5   Thumb Code    72  stm32f4xx_hal_sd.o(i.SD_DMARxAbort)
    i.SD_DMATxAbort                          0x0800332c   Section        0  stm32f4xx_hal_sd.o(i.SD_DMATxAbort)
    SD_DMATxAbort                            0x0800332d   Thumb Code    72  stm32f4xx_hal_sd.o(i.SD_DMATxAbort)
    i.SD_FindSCR                             0x08003374   Section        0  stm32f4xx_hal_sd.o(i.SD_FindSCR)
    SD_FindSCR                               0x08003375   Thumb Code   322  stm32f4xx_hal_sd.o(i.SD_FindSCR)
    i.SD_GetStringFromFileOnCard             0x080034b8   Section        0  firmware.o(i.SD_GetStringFromFileOnCard)
    i.SD_InitCard                            0x080034d8   Section        0  stm32f4xx_hal_sd.o(i.SD_InitCard)
    SD_InitCard                              0x080034d9   Thumb Code   258  stm32f4xx_hal_sd.o(i.SD_InitCard)
    i.SD_PowerON                             0x080035dc   Section        0  stm32f4xx_hal_sd.o(i.SD_PowerON)
    SD_PowerON                               0x080035dd   Thumb Code   198  stm32f4xx_hal_sd.o(i.SD_PowerON)
    i.SD_Read_IT                             0x080036a8   Section        0  stm32f4xx_hal_sd.o(i.SD_Read_IT)
    SD_Read_IT                               0x080036a9   Thumb Code    74  stm32f4xx_hal_sd.o(i.SD_Read_IT)
    i.SD_SendStatus                          0x080036f2   Section        0  stm32f4xx_hal_sd.o(i.SD_SendStatus)
    SD_SendStatus                            0x080036f3   Thumb Code    48  stm32f4xx_hal_sd.o(i.SD_SendStatus)
    i.SD_WideBus_Disable                     0x08003722   Section        0  stm32f4xx_hal_sd.o(i.SD_WideBus_Disable)
    SD_WideBus_Disable                       0x08003723   Thumb Code   104  stm32f4xx_hal_sd.o(i.SD_WideBus_Disable)
    i.SD_WideBus_Enable                      0x0800378a   Section        0  stm32f4xx_hal_sd.o(i.SD_WideBus_Enable)
    SD_WideBus_Enable                        0x0800378b   Thumb Code   104  stm32f4xx_hal_sd.o(i.SD_WideBus_Enable)
    i.SD_Write_IT                            0x080037f2   Section        0  stm32f4xx_hal_sd.o(i.SD_Write_IT)
    SD_Write_IT                              0x080037f3   Thumb Code    84  stm32f4xx_hal_sd.o(i.SD_Write_IT)
    i.SD_initialize                          0x08003848   Section        0  sd_diskio.o(i.SD_initialize)
    i.SD_ioctl                               0x0800386c   Section        0  sd_diskio.o(i.SD_ioctl)
    i.SD_read                                0x080038d8   Section        0  sd_diskio.o(i.SD_read)
    i.SD_status                              0x08003906   Section        0  sd_diskio.o(i.SD_status)
    i.SD_write                               0x08003912   Section        0  sd_diskio.o(i.SD_write)
    i.SVC_Handler                            0x08003940   Section        0  stm32f4xx_it.o(i.SVC_Handler)
    i.SysTick_Handler                        0x08003942   Section        0  stm32f4xx_it.o(i.SysTick_Handler)
    i.SystemClock_Config                     0x0800394c   Section        0  main.o(i.SystemClock_Config)
    i.SystemInit                             0x08003a00   Section        0  system_stm32f4xx.o(i.SystemInit)
    i.UsageFault_Handler                     0x08003a14   Section        0  stm32f4xx_it.o(i.UsageFault_Handler)
    i.__0printf$1                            0x08003a18   Section        0  printf1.o(i.__0printf$1)
    i.__NVIC_GetPriorityGrouping             0x08003a38   Section        0  stm32f4xx_hal_cortex.o(i.__NVIC_GetPriorityGrouping)
    __NVIC_GetPriorityGrouping               0x08003a39   Thumb Code    10  stm32f4xx_hal_cortex.o(i.__NVIC_GetPriorityGrouping)
    i.__NVIC_SetPriority                     0x08003a48   Section        0  stm32f4xx_hal_cortex.o(i.__NVIC_SetPriority)
    __NVIC_SetPriority                       0x08003a49   Thumb Code    32  stm32f4xx_hal_cortex.o(i.__NVIC_SetPriority)
    i.__scatterload_copy                     0x08003a70   Section       14  handlers.o(i.__scatterload_copy)
    i.__scatterload_null                     0x08003a7e   Section        2  handlers.o(i.__scatterload_null)
    i.__scatterload_zeroinit                 0x08003a80   Section       14  handlers.o(i.__scatterload_zeroinit)
    i._printf_core                           0x08003a90   Section        0  printf1.o(i._printf_core)
    _printf_core                             0x08003a91   Thumb Code   336  printf1.o(i._printf_core)
    i.check_fs                               0x08003be4   Section        0  ff.o(i.check_fs)
    check_fs                                 0x08003be5   Thumb Code   116  ff.o(i.check_fs)
    i.chk_chr                                0x08003c60   Section        0  ff.o(i.chk_chr)
    chk_chr                                  0x08003c61   Thumb Code    20  ff.o(i.chk_chr)
    i.chk_lock                               0x08003c74   Section        0  ff.o(i.chk_lock)
    chk_lock                                 0x08003c75   Thumb Code   120  ff.o(i.chk_lock)
    i.clear_lock                             0x08003cf0   Section        0  ff.o(i.clear_lock)
    clear_lock                               0x08003cf1   Thumb Code    36  ff.o(i.clear_lock)
    i.clmt_clust                             0x08003d18   Section        0  ff.o(i.clmt_clust)
    clmt_clust                               0x08003d19   Thumb Code    54  ff.o(i.clmt_clust)
    i.clust2sect                             0x08003d4e   Section        0  ff.o(i.clust2sect)
    clust2sect                               0x08003d4f   Thumb Code    26  ff.o(i.clust2sect)
    i.cmp_lfn                                0x08003d68   Section        0  ff.o(i.cmp_lfn)
    cmp_lfn                                  0x08003d69   Thumb Code   148  ff.o(i.cmp_lfn)
    i.create_chain                           0x08003e00   Section        0  ff.o(i.create_chain)
    create_chain                             0x08003e01   Thumb Code   222  ff.o(i.create_chain)
    i.create_name                            0x08003ee0   Section        0  ff.o(i.create_name)
    create_name                              0x08003ee1   Thumb Code   624  ff.o(i.create_name)
    i.dec_lock                               0x08004168   Section        0  ff.o(i.dec_lock)
    dec_lock                                 0x08004169   Thumb Code    64  ff.o(i.dec_lock)
    i.dir_alloc                              0x080041ac   Section        0  ff.o(i.dir_alloc)
    dir_alloc                                0x080041ad   Thumb Code    96  ff.o(i.dir_alloc)
    i.dir_find                               0x0800420c   Section        0  ff.o(i.dir_find)
    dir_find                                 0x0800420d   Thumb Code   252  ff.o(i.dir_find)
    i.dir_next                               0x08004308   Section        0  ff.o(i.dir_next)
    dir_next                                 0x08004309   Thumb Code   282  ff.o(i.dir_next)
    i.dir_read                               0x08004422   Section        0  ff.o(i.dir_read)
    dir_read                                 0x08004423   Thumb Code   210  ff.o(i.dir_read)
    i.dir_register                           0x080044f4   Section        0  ff.o(i.dir_register)
    dir_register                             0x080044f5   Thumb Code   322  ff.o(i.dir_register)
    i.dir_remove                             0x08004636   Section        0  ff.o(i.dir_remove)
    dir_remove                               0x08004637   Thumb Code    96  ff.o(i.dir_remove)
    i.dir_sdi                                0x08004696   Section        0  ff.o(i.dir_sdi)
    dir_sdi                                  0x08004697   Thumb Code   166  ff.o(i.dir_sdi)
    i.disk_initialize                        0x0800473c   Section        0  diskio.o(i.disk_initialize)
    i.disk_ioctl                             0x08004768   Section        0  diskio.o(i.disk_ioctl)
    i.disk_read                              0x08004790   Section        0  diskio.o(i.disk_read)
    i.disk_status                            0x080047c0   Section        0  diskio.o(i.disk_status)
    i.disk_write                             0x080047dc   Section        0  diskio.o(i.disk_write)
    i.enq_lock                               0x0800480c   Section        0  ff.o(i.enq_lock)
    enq_lock                                 0x0800480d   Thumb Code    34  ff.o(i.enq_lock)
    i.f_close                                0x08004834   Section        0  ff.o(i.f_close)
    i.f_gets                                 0x08004860   Section        0  ff.o(i.f_gets)
    i.f_mount                                0x080048b8   Section        0  ff.o(i.f_mount)
    i.f_open                                 0x08004918   Section        0  ff.o(i.f_open)
    i.f_opendir                              0x08004b5a   Section        0  ff.o(i.f_opendir)
    i.f_read                                 0x08004be8   Section        0  ff.o(i.f_read)
    i.f_readdir                              0x08004dc6   Section        0  ff.o(i.f_readdir)
    i.f_sync                                 0x08004e14   Section        0  ff.o(i.f_sync)
    i.f_unlink                               0x08004eb4   Section        0  ff.o(i.f_unlink)
    i.ff_convert                             0x08004f84   Section        0  ccsbcs.o(i.ff_convert)
    i.ff_wtoupper                            0x08004fd0   Section        0  ccsbcs.o(i.ff_wtoupper)
    i.find_volume                            0x08005074   Section        0  ff.o(i.find_volume)
    find_volume                              0x08005075   Thumb Code   838  ff.o(i.find_volume)
    i.follow_path                            0x080053d0   Section        0  ff.o(i.follow_path)
    follow_path                              0x080053d1   Thumb Code   220  ff.o(i.follow_path)
    i.fputc                                  0x080054ac   Section        0  retarget_io.o(i.fputc)
    i.gen_numname                            0x080054cc   Section        0  ff.o(i.gen_numname)
    gen_numname                              0x080054cd   Thumb Code   176  ff.o(i.gen_numname)
    i.get_fat                                0x08005580   Section        0  ff.o(i.get_fat)
    get_fat                                  0x08005581   Thumb Code   306  ff.o(i.get_fat)
    i.get_fattime                            0x080056b2   Section        0  fatfs.o(i.get_fattime)
    i.get_fileinfo                           0x080056b6   Section        0  ff.o(i.get_fileinfo)
    get_fileinfo                             0x080056b7   Thumb Code   322  ff.o(i.get_fileinfo)
    i.get_ldnumber                           0x080057f8   Section        0  ff.o(i.get_ldnumber)
    get_ldnumber                             0x080057f9   Thumb Code    72  ff.o(i.get_ldnumber)
    i.inc_lock                               0x08005840   Section        0  ff.o(i.inc_lock)
    inc_lock                                 0x08005841   Thumb Code   182  ff.o(i.inc_lock)
    i.ld_clust                               0x080058fc   Section        0  ff.o(i.ld_clust)
    ld_clust                                 0x080058fd   Thumb Code    38  ff.o(i.ld_clust)
    i.ld_dword                               0x08005922   Section        0  ff.o(i.ld_dword)
    ld_dword                                 0x08005923   Thumb Code    24  ff.o(i.ld_dword)
    i.ld_word                                0x0800593a   Section        0  ff.o(i.ld_word)
    ld_word                                  0x0800593b   Thumb Code    12  ff.o(i.ld_word)
    i.main                                   0x08005948   Section        0  main.o(i.main)
    i.mem_cmp                                0x08005ad4   Section        0  ff.o(i.mem_cmp)
    mem_cmp                                  0x08005ad5   Thumb Code    36  ff.o(i.mem_cmp)
    i.mem_cpy                                0x08005af8   Section        0  ff.o(i.mem_cpy)
    mem_cpy                                  0x08005af9   Thumb Code    26  ff.o(i.mem_cpy)
    i.mem_set                                0x08005b12   Section        0  ff.o(i.mem_set)
    mem_set                                  0x08005b13   Thumb Code    18  ff.o(i.mem_set)
    i.move_window                            0x08005b24   Section        0  ff.o(i.move_window)
    move_window                              0x08005b25   Thumb Code    52  ff.o(i.move_window)
    i.pick_lfn                               0x08005b58   Section        0  ff.o(i.pick_lfn)
    pick_lfn                                 0x08005b59   Thumb Code   130  ff.o(i.pick_lfn)
    i.put_fat                                0x08005be0   Section        0  ff.o(i.put_fat)
    put_fat                                  0x08005be1   Thumb Code   400  ff.o(i.put_fat)
    i.put_lfn                                0x08005d70   Section        0  ff.o(i.put_lfn)
    put_lfn                                  0x08005d71   Thumb Code   124  ff.o(i.put_lfn)
    i.remove_chain                           0x08005df0   Section        0  ff.o(i.remove_chain)
    remove_chain                             0x08005df1   Thumb Code   154  ff.o(i.remove_chain)
    i.st_clust                               0x08005e8a   Section        0  ff.o(i.st_clust)
    st_clust                                 0x08005e8b   Thumb Code    36  ff.o(i.st_clust)
    i.st_dword                               0x08005eae   Section        0  ff.o(i.st_dword)
    st_dword                                 0x08005eaf   Thumb Code    24  ff.o(i.st_dword)
    i.st_word                                0x08005ec6   Section        0  ff.o(i.st_word)
    st_word                                  0x08005ec7   Thumb Code    12  ff.o(i.st_word)
    i.stdout_putchar                         0x08005ed2   Section        0  retarget_io.o(i.stdout_putchar)
    stdout_putchar                           0x08005ed3   Thumb Code    12  retarget_io.o(i.stdout_putchar)
    i.sum_sfn                                0x08005ede   Section        0  ff.o(i.sum_sfn)
    sum_sfn                                  0x08005edf   Thumb Code    32  ff.o(i.sum_sfn)
    i.sync_fs                                0x08005f00   Section        0  ff.o(i.sync_fs)
    sync_fs                                  0x08005f01   Thumb Code   134  ff.o(i.sync_fs)
    i.sync_window                            0x08005f90   Section        0  ff.o(i.sync_window)
    sync_window                              0x08005f91   Thumb Code    82  ff.o(i.sync_window)
    i.validate                               0x08005fe2   Section        0  ff.o(i.validate)
    validate                                 0x08005fe3   Thumb Code    60  ff.o(i.validate)
    .constdata                               0x08006020   Section       20  firmware.o(.constdata)
    .constdata                               0x08006034   Section       20  sd_diskio.o(.constdata)
    .constdata                               0x08006048   Section        8  stm32f4xx_hal_dma.o(.constdata)
    flagBitshiftOffset                       0x08006048   Data           8  stm32f4xx_hal_dma.o(.constdata)
    .constdata                               0x08006050   Section       24  system_stm32f4xx.o(.constdata)
    .constdata                               0x08006068   Section      170  ff.o(.constdata)
    ExCvt                                    0x08006068   Data         128  ff.o(.constdata)
    LfnOfs                                   0x080060e8   Data          13  ff.o(.constdata)
    cst                                      0x080060f6   Data          14  ff.o(.constdata)
    cst32                                    0x08006104   Data          14  ff.o(.constdata)
    .constdata                               0x08006112   Section      942  ccsbcs.o(.constdata)
    Tbl                                      0x08006112   Data         256  ccsbcs.o(.constdata)
    cvt1                                     0x08006212   Data         498  ccsbcs.o(.constdata)
    cvt2                                     0x08006404   Data         188  ccsbcs.o(.constdata)
    .data                                    0x20000000   Section      130  firmware.o(.data)
    sector                                   0x20000000   Data         128  firmware.o(.data)
    .data                                    0x20000082   Section        3  main.o(.data)
    res                                      0x20000082   Data           1  main.o(.data)
    g_upload                                 0x20000083   Data           1  main.o(.data)
    g_goto                                   0x20000084   Data           1  main.o(.data)
    .data                                    0x20000085   Section        1  sd_diskio.o(.data)
    Stat                                     0x20000085   Data           1  sd_diskio.o(.data)
    .data                                    0x20000086   Section        5  fatfs.o(.data)
    .data                                    0x2000008c   Section        9  stm32f4xx_hal.o(.data)
    .data                                    0x20000098   Section        4  system_stm32f4xx.o(.data)
    .data                                    0x2000009c   Section        6  ff.o(.data)
    FatFs                                    0x2000009c   Data           4  ff.o(.data)
    Fsid                                     0x200000a0   Data           2  ff.o(.data)
    .data                                    0x200000a4   Section        4  stdout.o(.data)
    .bss                                     0x200000a8   Section     4406  firmware.o(.bss)
    fil                                      0x200000a8   Data        4144  firmware.o(.bss)
    g_stringHex                              0x200010d8   Data         262  firmware.o(.bss)
    .bss                                     0x200011e0   Section     4488  main.o(.bss)
    fileSystem                               0x200011e0   Data        4156  main.o(.bss)
    directory                                0x2000221c   Data          52  main.o(.bss)
    fileInfo                                 0x20002250   Data         280  main.o(.bss)
    .bss                                     0x20002368   Section      324  sdio.o(.bss)
    .bss                                     0x200024ac   Section       32  stm32f4xx_hal_flash.o(.bss)
    .bss                                     0x200024cc   Section      544  ff.o(.bss)
    Files                                    0x200024cc   Data          32  ff.o(.bss)
    LfnBuf                                   0x200024ec   Data         512  ff.o(.bss)
    .bss                                     0x200026ec   Section       12  ff_gen_drv.o(.bss)
    STACK                                    0x200026f8   Section     1024  startup_stm32f411xe.o(STACK)

    Global Symbols

    Symbol Name                              Value     Ov Type        Size  Object(Section)

    BuildAttributes$$THM_ISAv4$E$P$D$K$B$S$7EM$VFPi3$EXTD16$VFPS$VFMA$PE$A:L22UL41UL21$X:L11$S22US41US21$IEEE1$IW$USESV6$~STKCKD$USESV7$~SHL$OSPACE$ROPI$EBA8$MICROLIB$REQ8$PRES8$EABIv2 0x00000000   Number         0  anon$$obj.o ABSOLUTE
    __ARM_use_no_argv                        0x00000000   Number         0  main.o ABSOLUTE
    _printf_a                                0x00000000   Number         0  stubs.o ABSOLUTE
    _printf_c                                0x00000000   Number         0  stubs.o ABSOLUTE
    _printf_charcount                        0x00000000   Number         0  stubs.o ABSOLUTE
    _printf_d                                0x00000000   Number         0  stubs.o ABSOLUTE
    _printf_e                                0x00000000   Number         0  stubs.o ABSOLUTE
    _printf_f                                0x00000000   Number         0  stubs.o ABSOLUTE
    _printf_flags                            0x00000000   Number         0  stubs.o ABSOLUTE
    _printf_fp_dec                           0x00000000   Number         0  stubs.o ABSOLUTE
    _printf_fp_hex                           0x00000000   Number         0  stubs.o ABSOLUTE
    _printf_g                                0x00000000   Number         0  stubs.o ABSOLUTE
    _printf_i                                0x00000000   Number         0  stubs.o ABSOLUTE
    _printf_int_dec                          0x00000000   Number         0  stubs.o ABSOLUTE
    _printf_l                                0x00000000   Number         0  stubs.o ABSOLUTE
    _printf_lc                               0x00000000   Number         0  stubs.o ABSOLUTE
    _printf_ll                               0x00000000   Number         0  stubs.o ABSOLUTE
    _printf_lld                              0x00000000   Number         0  stubs.o ABSOLUTE
    _printf_lli                              0x00000000   Number         0  stubs.o ABSOLUTE
    _printf_llo                              0x00000000   Number         0  stubs.o ABSOLUTE
    _printf_llu                              0x00000000   Number         0  stubs.o ABSOLUTE
    _printf_llx                              0x00000000   Number         0  stubs.o ABSOLUTE
    _printf_longlong_dec                     0x00000000   Number         0  stubs.o ABSOLUTE
    _printf_longlong_hex                     0x00000000   Number         0  stubs.o ABSOLUTE
    _printf_longlong_oct                     0x00000000   Number         0  stubs.o ABSOLUTE
    _printf_ls                               0x00000000   Number         0  stubs.o ABSOLUTE
    _printf_mbtowc                           0x00000000   Number         0  stubs.o ABSOLUTE
    _printf_n                                0x00000000   Number         0  stubs.o ABSOLUTE
    _printf_o                                0x00000000   Number         0  stubs.o ABSOLUTE
    _printf_p                                0x00000000   Number         0  stubs.o ABSOLUTE
    _printf_percent                          0x00000000   Number         0  stubs.o ABSOLUTE
    _printf_pre_padding                      0x00000000   Number         0  stubs.o ABSOLUTE
    _printf_return_value                     0x00000000   Number         0  stubs.o ABSOLUTE
    _printf_s                                0x00000000   Number         0  stubs.o ABSOLUTE
    _printf_sizespec                         0x00000000   Number         0  stubs.o ABSOLUTE
    _printf_str                              0x00000000   Number         0  stubs.o ABSOLUTE
    _printf_truncate_signed                  0x00000000   Number         0  stubs.o ABSOLUTE
    _printf_truncate_unsigned                0x00000000   Number         0  stubs.o ABSOLUTE
    _printf_u                                0x00000000   Number         0  stubs.o ABSOLUTE
    _printf_wc                               0x00000000   Number         0  stubs.o ABSOLUTE
    _printf_wctomb                           0x00000000   Number         0  stubs.o ABSOLUTE
    _printf_widthprec                        0x00000000   Number         0  stubs.o ABSOLUTE
    _printf_x                                0x00000000   Number         0  stubs.o ABSOLUTE
    __cpp_initialize__aeabi_                  - Undefined Weak Reference
    __cxa_finalize                            - Undefined Weak Reference
    __decompress                              - Undefined Weak Reference
    _clock_init                               - Undefined Weak Reference
    _microlib_exit                            - Undefined Weak Reference
    __Vectors_Size                           0x00000198   Number         0  startup_stm32f411xe.o ABSOLUTE
    __Vectors                                0x08000000   Data           4  startup_stm32f411xe.o(RESET)
    __Vectors_End                            0x08000198   Data           0  startup_stm32f411xe.o(RESET)
    __main                                   0x08000199   Thumb Code     0  entry.o(.ARM.Collect$$$$00000000)
    _main_stk                                0x08000199   Thumb Code     0  entry2.o(.ARM.Collect$$$$00000001)
    _main_scatterload                        0x0800019d   Thumb Code     0  entry5.o(.ARM.Collect$$$$00000004)
    __main_after_scatterload                 0x080001a1   Thumb Code     0  entry5.o(.ARM.Collect$$$$00000004)
    _main_clock                              0x080001a1   Thumb Code     0  entry7b.o(.ARM.Collect$$$$00000008)
    _main_cpp_init                           0x080001a1   Thumb Code     0  entry8b.o(.ARM.Collect$$$$0000000A)
    _main_init                               0x080001a1   Thumb Code     0  entry9a.o(.ARM.Collect$$$$0000000B)
    __rt_final_cpp                           0x080001a9   Thumb Code     0  entry10a.o(.ARM.Collect$$$$0000000D)
    __rt_final_exit                          0x080001a9   Thumb Code     0  entry11a.o(.ARM.Collect$$$$0000000F)
    Reset_Handler                            0x080001ad   Thumb Code     8  startup_stm32f411xe.o(.text)
    ADC_IRQHandler                           0x080001c7   Thumb Code     0  startup_stm32f411xe.o(.text)
    DMA1_Stream0_IRQHandler                  0x080001c7   Thumb Code     0  startup_stm32f411xe.o(.text)
    DMA1_Stream1_IRQHandler                  0x080001c7   Thumb Code     0  startup_stm32f411xe.o(.text)
    DMA1_Stream2_IRQHandler                  0x080001c7   Thumb Code     0  startup_stm32f411xe.o(.text)
    DMA1_Stream3_IRQHandler                  0x080001c7   Thumb Code     0  startup_stm32f411xe.o(.text)
    DMA1_Stream4_IRQHandler                  0x080001c7   Thumb Code     0  startup_stm32f411xe.o(.text)
    DMA1_Stream5_IRQHandler                  0x080001c7   Thumb Code     0  startup_stm32f411xe.o(.text)
    DMA1_Stream6_IRQHandler                  0x080001c7   Thumb Code     0  startup_stm32f411xe.o(.text)
    DMA1_Stream7_IRQHandler                  0x080001c7   Thumb Code     0  startup_stm32f411xe.o(.text)
    DMA2_Stream0_IRQHandler                  0x080001c7   Thumb Code     0  startup_stm32f411xe.o(.text)
    DMA2_Stream1_IRQHandler                  0x080001c7   Thumb Code     0  startup_stm32f411xe.o(.text)
    DMA2_Stream2_IRQHandler                  0x080001c7   Thumb Code     0  startup_stm32f411xe.o(.text)
    DMA2_Stream4_IRQHandler                  0x080001c7   Thumb Code     0  startup_stm32f411xe.o(.text)
    DMA2_Stream5_IRQHandler                  0x080001c7   Thumb Code     0  startup_stm32f411xe.o(.text)
    DMA2_Stream7_IRQHandler                  0x080001c7   Thumb Code     0  startup_stm32f411xe.o(.text)
    EXTI0_IRQHandler                         0x080001c7   Thumb Code     0  startup_stm32f411xe.o(.text)
    EXTI15_10_IRQHandler                     0x080001c7   Thumb Code     0  startup_stm32f411xe.o(.text)
    EXTI1_IRQHandler                         0x080001c7   Thumb Code     0  startup_stm32f411xe.o(.text)
    EXTI2_IRQHandler                         0x080001c7   Thumb Code     0  startup_stm32f411xe.o(.text)
    EXTI3_IRQHandler                         0x080001c7   Thumb Code     0  startup_stm32f411xe.o(.text)
    EXTI4_IRQHandler                         0x080001c7   Thumb Code     0  startup_stm32f411xe.o(.text)
    EXTI9_5_IRQHandler                       0x080001c7   Thumb Code     0  startup_stm32f411xe.o(.text)
    FLASH_IRQHandler                         0x080001c7   Thumb Code     0  startup_stm32f411xe.o(.text)
    FPU_IRQHandler                           0x080001c7   Thumb Code     0  startup_stm32f411xe.o(.text)
    I2C1_ER_IRQHandler                       0x080001c7   Thumb Code     0  startup_stm32f411xe.o(.text)
    I2C1_EV_IRQHandler                       0x080001c7   Thumb Code     0  startup_stm32f411xe.o(.text)
    I2C2_ER_IRQHandler                       0x080001c7   Thumb Code     0  startup_stm32f411xe.o(.text)
    I2C2_EV_IRQHandler                       0x080001c7   Thumb Code     0  startup_stm32f411xe.o(.text)
    I2C3_ER_IRQHandler                       0x080001c7   Thumb Code     0  startup_stm32f411xe.o(.text)
    I2C3_EV_IRQHandler                       0x080001c7   Thumb Code     0  startup_stm32f411xe.o(.text)
    OTG_FS_IRQHandler                        0x080001c7   Thumb Code     0  startup_stm32f411xe.o(.text)
    OTG_FS_WKUP_IRQHandler                   0x080001c7   Thumb Code     0  startup_stm32f411xe.o(.text)
    PVD_IRQHandler                           0x080001c7   Thumb Code     0  startup_stm32f411xe.o(.text)
    RCC_IRQHandler                           0x080001c7   Thumb Code     0  startup_stm32f411xe.o(.text)
    RTC_Alarm_IRQHandler                     0x080001c7   Thumb Code     0  startup_stm32f411xe.o(.text)
    RTC_WKUP_IRQHandler                      0x080001c7   Thumb Code     0  startup_stm32f411xe.o(.text)
    SPI1_IRQHandler                          0x080001c7   Thumb Code     0  startup_stm32f411xe.o(.text)
    SPI2_IRQHandler                          0x080001c7   Thumb Code     0  startup_stm32f411xe.o(.text)
    SPI3_IRQHandler                          0x080001c7   Thumb Code     0  startup_stm32f411xe.o(.text)
    SPI4_IRQHandler                          0x080001c7   Thumb Code     0  startup_stm32f411xe.o(.text)
    SPI5_IRQHandler                          0x080001c7   Thumb Code     0  startup_stm32f411xe.o(.text)
    TAMP_STAMP_IRQHandler                    0x080001c7   Thumb Code     0  startup_stm32f411xe.o(.text)
    TIM1_BRK_TIM9_IRQHandler                 0x080001c7   Thumb Code     0  startup_stm32f411xe.o(.text)
    TIM1_CC_IRQHandler                       0x080001c7   Thumb Code     0  startup_stm32f411xe.o(.text)
    TIM1_TRG_COM_TIM11_IRQHandler            0x080001c7   Thumb Code     0  startup_stm32f411xe.o(.text)
    TIM1_UP_TIM10_IRQHandler                 0x080001c7   Thumb Code     0  startup_stm32f411xe.o(.text)
    TIM2_IRQHandler                          0x080001c7   Thumb Code     0  startup_stm32f411xe.o(.text)
    TIM3_IRQHandler                          0x080001c7   Thumb Code     0  startup_stm32f411xe.o(.text)
    TIM4_IRQHandler                          0x080001c7   Thumb Code     0  startup_stm32f411xe.o(.text)
    TIM5_IRQHandler                          0x080001c7   Thumb Code     0  startup_stm32f411xe.o(.text)
    USART1_IRQHandler                        0x080001c7   Thumb Code     0  startup_stm32f411xe.o(.text)
    USART2_IRQHandler                        0x080001c7   Thumb Code     0  startup_stm32f411xe.o(.text)
    USART6_IRQHandler                        0x080001c7   Thumb Code     0  startup_stm32f411xe.o(.text)
    WWDG_IRQHandler                          0x080001c7   Thumb Code     0  startup_stm32f411xe.o(.text)
    __aeabi_uldivmod                         0x080001d1   Thumb Code    98  uldiv.o(.text)
    __aeabi_memcpy                           0x08000233   Thumb Code    36  memcpya.o(.text)
    __aeabi_memcpy4                          0x08000233   Thumb Code     0  memcpya.o(.text)
    __aeabi_memcpy8                          0x08000233   Thumb Code     0  memcpya.o(.text)
    __aeabi_memset                           0x08000257   Thumb Code    14  memseta.o(.text)
    __aeabi_memset4                          0x08000257   Thumb Code     0  memseta.o(.text)
    __aeabi_memset8                          0x08000257   Thumb Code     0  memseta.o(.text)
    __aeabi_memclr                           0x08000265   Thumb Code     4  memseta.o(.text)
    __aeabi_memclr4                          0x08000265   Thumb Code     0  memseta.o(.text)
    __aeabi_memclr8                          0x08000265   Thumb Code     0  memseta.o(.text)
    _memset$wrapper                          0x08000269   Thumb Code    18  memseta.o(.text)
    strncmp                                  0x0800027b   Thumb Code    30  strncmp.o(.text)
    __aeabi_uidiv                            0x08000299   Thumb Code     0  uidiv.o(.text)
    __aeabi_uidivmod                         0x08000299   Thumb Code    44  uidiv.o(.text)
    __aeabi_llsl                             0x080002c5   Thumb Code    30  llshl.o(.text)
    _ll_shift_l                              0x080002c5   Thumb Code     0  llshl.o(.text)
    __aeabi_llsr                             0x080002e3   Thumb Code    32  llushr.o(.text)
    _ll_ushift_r                             0x080002e3   Thumb Code     0  llushr.o(.text)
    __scatterload                            0x08000305   Thumb Code    28  init.o(.text)
    __scatterload_rt2                        0x08000305   Thumb Code     0  init.o(.text)
    BOOTLOADER_UploadFirmware                0x08000329   Thumb Code   118  firmware.o(i.BOOTLOADER_UploadFirmware)
    BSP_SD_AbortCallback                     0x080003c5   Thumb Code     2  bsp_driver_sd.o(i.BSP_SD_AbortCallback)
    BSP_SD_GetCardInfo                       0x080003c9   Thumb Code    14  bsp_driver_sd.o(i.BSP_SD_GetCardInfo)
    BSP_SD_GetCardState                      0x080003dd   Thumb Code    20  bsp_driver_sd.o(i.BSP_SD_GetCardState)
    BSP_SD_Init                              0x080003f5   Thumb Code    44  bsp_driver_sd.o(i.BSP_SD_Init)
    BSP_SD_IsDetected                        0x08000425   Thumb Code    12  bsp_driver_sd.o(i.BSP_SD_IsDetected)
    BSP_SD_ReadBlocks                        0x08000431   Thumb Code    42  bsp_driver_sd.o(i.BSP_SD_ReadBlocks)
    BSP_SD_ReadCpltCallback                  0x08000461   Thumb Code     2  bsp_driver_sd.o(i.BSP_SD_ReadCpltCallback)
    BSP_SD_WriteBlocks                       0x08000465   Thumb Code    42  bsp_driver_sd.o(i.BSP_SD_WriteBlocks)
    BSP_SD_WriteCpltCallback                 0x08000495   Thumb Code     2  bsp_driver_sd.o(i.BSP_SD_WriteCpltCallback)
    BusFault_Handler                         0x08000497   Thumb Code     4  stm32f4xx_it.o(i.BusFault_Handler)
    DMA2_Stream3_IRQHandler                  0x0800049d   Thumb Code    10  stm32f4xx_it.o(i.DMA2_Stream3_IRQHandler)
    DMA2_Stream6_IRQHandler                  0x080004ad   Thumb Code    10  stm32f4xx_it.o(i.DMA2_Stream6_IRQHandler)
    DebugMon_Handler                         0x0800059b   Thumb Code     2  stm32f4xx_it.o(i.DebugMon_Handler)
    Error_Handler                            0x0800059d   Thumb Code     6  main.o(i.Error_Handler)
    FATFS_LinkDriver                         0x080005a3   Thumb Code    18  ff_gen_drv.o(i.FATFS_LinkDriver)
    FATFS_LinkDriverEx                       0x080005b5   Thumb Code    78  ff_gen_drv.o(i.FATFS_LinkDriverEx)
    FLASH_Erase_Sector                       0x08000609   Thumb Code    86  stm32f4xx_hal_flash_ex.o(i.FLASH_Erase_Sector)
    FLASH_FlushCaches                        0x08000665   Thumb Code   114  stm32f4xx_hal_flash_ex.o(i.FLASH_FlushCaches)
    FLASH_WaitForLastOperation               0x08000871   Thumb Code    90  stm32f4xx_hal_flash.o(i.FLASH_WaitForLastOperation)
    FW_ERASE_AND_PROGRAM                     0x080008d5   Thumb Code   128  firmware.o(i.FW_ERASE_AND_PROGRAM)
    FW_ProcessingString                      0x08000975   Thumb Code   310  firmware.o(i.FW_ProcessingString)
    FW_SELECT_SECTOR                         0x08000ab1   Thumb Code    60  firmware.o(i.FW_SELECT_SECTOR)
    HAL_DMA_Abort_IT                         0x08000b37   Thumb Code    40  stm32f4xx_hal_dma.o(i.HAL_DMA_Abort_IT)
    HAL_DMA_IRQHandler                       0x08000b61   Thumb Code   570  stm32f4xx_hal_dma.o(i.HAL_DMA_IRQHandler)
    HAL_DMA_Init                             0x08000da1   Thumb Code   232  stm32f4xx_hal_dma.o(i.HAL_DMA_Init)
    HAL_DeInit                               0x08000e8d   Thumb Code    64  stm32f4xx_hal.o(i.HAL_DeInit)
    HAL_Delay                                0x08000ed1   Thumb Code    36  stm32f4xx_hal.o(i.HAL_Delay)
    HAL_FLASHEx_Erase                        0x08000ef9   Thumb Code   164  stm32f4xx_hal_flash_ex.o(i.HAL_FLASHEx_Erase)
    HAL_FLASH_Lock                           0x08000fa5   Thumb Code    16  stm32f4xx_hal_flash.o(i.HAL_FLASH_Lock)
    HAL_FLASH_Program                        0x08000fb9   Thumb Code   142  stm32f4xx_hal_flash.o(i.HAL_FLASH_Program)
    HAL_FLASH_Unlock                         0x08001051   Thumb Code    38  stm32f4xx_hal_flash.o(i.HAL_FLASH_Unlock)
    HAL_GPIO_Init                            0x08001085   Thumb Code   422  stm32f4xx_hal_gpio.o(i.HAL_GPIO_Init)
    HAL_GPIO_WritePin                        0x0800124d   Thumb Code    12  stm32f4xx_hal_gpio.o(i.HAL_GPIO_WritePin)
    HAL_GetTick                              0x08001259   Thumb Code     6  stm32f4xx_hal.o(i.HAL_GetTick)
    HAL_IncTick                              0x08001265   Thumb Code    16  stm32f4xx_hal.o(i.HAL_IncTick)
    HAL_Init                                 0x0800127d   Thumb Code    54  stm32f4xx_hal.o(i.HAL_Init)
    HAL_InitTick                             0x080012b9   Thumb Code    64  stm32f4xx_hal.o(i.HAL_InitTick)
    HAL_MspDeInit                            0x08001305   Thumb Code     2  stm32f4xx_hal.o(i.HAL_MspDeInit)
    HAL_MspInit                              0x08001309   Thumb Code    68  stm32f4xx_hal_msp.o(i.HAL_MspInit)
    HAL_NVIC_EnableIRQ                       0x08001351   Thumb Code    32  stm32f4xx_hal_cortex.o(i.HAL_NVIC_EnableIRQ)
    HAL_NVIC_SetPriority                     0x08001371   Thumb Code   124  stm32f4xx_hal_cortex.o(i.HAL_NVIC_SetPriority)
    HAL_NVIC_SetPriorityGrouping             0x080013ed   Thumb Code    32  stm32f4xx_hal_cortex.o(i.HAL_NVIC_SetPriorityGrouping)
    HAL_RCC_ClockConfig                      0x08001415   Thumb Code   368  stm32f4xx_hal_rcc.o(i.HAL_RCC_ClockConfig)
    HAL_RCC_DeInit                           0x08001599   Thumb Code   358  stm32f4xx_hal_rcc_ex.o(i.HAL_RCC_DeInit)
    HAL_RCC_GetSysClockFreq                  0x08001719   Thumb Code   162  stm32f4xx_hal_rcc.o(i.HAL_RCC_GetSysClockFreq)
    HAL_RCC_OscConfig                        0x080017c9   Thumb Code  1172  stm32f4xx_hal_rcc.o(i.HAL_RCC_OscConfig)
    HAL_SD_AbortCallback                     0x08001c65   Thumb Code    10  bsp_driver_sd.o(i.HAL_SD_AbortCallback)
    HAL_SD_ConfigWideBusOperation            0x08001c71   Thumb Code   196  stm32f4xx_hal_sd.o(i.HAL_SD_ConfigWideBusOperation)
    HAL_SD_ErrorCallback                     0x08001d39   Thumb Code     2  stm32f4xx_hal_sd.o(i.HAL_SD_ErrorCallback)
    HAL_SD_GetCardCSD                        0x08001d3d   Thumb Code   450  stm32f4xx_hal_sd.o(i.HAL_SD_GetCardCSD)
    HAL_SD_GetCardInfo                       0x08001f05   Thumb Code    38  stm32f4xx_hal_sd.o(i.HAL_SD_GetCardInfo)
    HAL_SD_GetCardState                      0x08001f2b   Thumb Code    36  stm32f4xx_hal_sd.o(i.HAL_SD_GetCardState)
    HAL_SD_IRQHandler                        0x08001f51   Thumb Code   530  stm32f4xx_hal_sd.o(i.HAL_SD_IRQHandler)
    HAL_SD_Init                              0x0800216d   Thumb Code    60  stm32f4xx_hal_sd.o(i.HAL_SD_Init)
    HAL_SD_InitCard                          0x080021a9   Thumb Code   162  stm32f4xx_hal_sd.o(i.HAL_SD_InitCard)
    HAL_SD_MspInit                           0x08002255   Thumb Code   368  sdio.o(i.HAL_SD_MspInit)
    HAL_SD_ReadBlocks                        0x080023e1   Thumb Code   660  stm32f4xx_hal_sd.o(i.HAL_SD_ReadBlocks)
    HAL_SD_RxCpltCallback                    0x08002679   Thumb Code    10  bsp_driver_sd.o(i.HAL_SD_RxCpltCallback)
    HAL_SD_TxCpltCallback                    0x08002683   Thumb Code    10  bsp_driver_sd.o(i.HAL_SD_TxCpltCallback)
    HAL_SD_WriteBlocks                       0x0800268d   Thumb Code   556  stm32f4xx_hal_sd.o(i.HAL_SD_WriteBlocks)
    HAL_SYSTICK_Config                       0x080028bd   Thumb Code    52  stm32f4xx_hal_cortex.o(i.HAL_SYSTICK_Config)
    HardFault_Handler                        0x080028f1   Thumb Code     4  stm32f4xx_it.o(i.HardFault_Handler)
    ITM_SendChar                             0x080028f5   Thumb Code    42  retarget_io.o(i.ITM_SendChar)
    MX_DMA_Init                              0x08002925   Thumb Code    68  dma.o(i.MX_DMA_Init)
    MX_FATFS_Init                            0x0800296d   Thumb Code    16  fatfs.o(i.MX_FATFS_Init)
    MX_GPIO_Init                             0x08002989   Thumb Code   172  gpio.o(i.MX_GPIO_Init)
    MX_SDIO_SD_Init                          0x08002a3d   Thumb Code    28  sdio.o(i.MX_SDIO_SD_Init)
    MemManage_Handler                        0x08002a61   Thumb Code     4  stm32f4xx_it.o(i.MemManage_Handler)
    NMI_Handler                              0x08002a65   Thumb Code     4  stm32f4xx_it.o(i.NMI_Handler)
    PendSV_Handler                           0x08002a69   Thumb Code     2  stm32f4xx_it.o(i.PendSV_Handler)
    SDIO_ConfigData                          0x08002a6b   Thumb Code    44  stm32f4xx_ll_sdmmc.o(i.SDIO_ConfigData)
    SDIO_GetCommandResponse                  0x08002a97   Thumb Code     8  stm32f4xx_ll_sdmmc.o(i.SDIO_GetCommandResponse)
    SDIO_GetPowerState                       0x08002a9f   Thumb Code    10  stm32f4xx_ll_sdmmc.o(i.SDIO_GetPowerState)
    SDIO_GetResponse                         0x08002aa9   Thumb Code    12  stm32f4xx_ll_sdmmc.o(i.SDIO_GetResponse)
    SDIO_IRQHandler                          0x08002ab5   Thumb Code    10  stm32f4xx_it.o(i.SDIO_IRQHandler)
    SDIO_Init                                0x08002ac5   Thumb Code    52  stm32f4xx_ll_sdmmc.o(i.SDIO_Init)
    SDIO_PowerState_ON                       0x08002af9   Thumb Code    18  stm32f4xx_ll_sdmmc.o(i.SDIO_PowerState_ON)
    SDIO_ReadFIFO                            0x08002b0b   Thumb Code     8  stm32f4xx_ll_sdmmc.o(i.SDIO_ReadFIFO)
    SDIO_SendCommand                         0x08002b13   Thumb Code    40  stm32f4xx_ll_sdmmc.o(i.SDIO_SendCommand)
    SDIO_WriteFIFO                           0x08002b3b   Thumb Code    12  stm32f4xx_ll_sdmmc.o(i.SDIO_WriteFIFO)
    SDMMC_CmdAppCommand                      0x08002b47   Thumb Code    56  stm32f4xx_ll_sdmmc.o(i.SDMMC_CmdAppCommand)
    SDMMC_CmdAppOperCommand                  0x08002b81   Thumb Code    54  stm32f4xx_ll_sdmmc.o(i.SDMMC_CmdAppOperCommand)
    SDMMC_CmdBlockLength                     0x08002bbd   Thumb Code    56  stm32f4xx_ll_sdmmc.o(i.SDMMC_CmdBlockLength)
    SDMMC_CmdBusWidth                        0x08002bf5   Thumb Code    56  stm32f4xx_ll_sdmmc.o(i.SDMMC_CmdBusWidth)
    SDMMC_CmdGoIdleState                     0x08002c2d   Thumb Code    44  stm32f4xx_ll_sdmmc.o(i.SDMMC_CmdGoIdleState)
    SDMMC_CmdOperCond                        0x08002c59   Thumb Code    52  stm32f4xx_ll_sdmmc.o(i.SDMMC_CmdOperCond)
    SDMMC_CmdReadMultiBlock                  0x08002c8d   Thumb Code    56  stm32f4xx_ll_sdmmc.o(i.SDMMC_CmdReadMultiBlock)
    SDMMC_CmdReadSingleBlock                 0x08002cc5   Thumb Code    56  stm32f4xx_ll_sdmmc.o(i.SDMMC_CmdReadSingleBlock)
    SDMMC_CmdSelDesel                        0x08002cfd   Thumb Code    58  stm32f4xx_ll_sdmmc.o(i.SDMMC_CmdSelDesel)
    SDMMC_CmdSendCID                         0x08002d37   Thumb Code    50  stm32f4xx_ll_sdmmc.o(i.SDMMC_CmdSendCID)
    SDMMC_CmdSendCSD                         0x08002d69   Thumb Code    50  stm32f4xx_ll_sdmmc.o(i.SDMMC_CmdSendCSD)
    SDMMC_CmdSendSCR                         0x08002d9b   Thumb Code    56  stm32f4xx_ll_sdmmc.o(i.SDMMC_CmdSendSCR)
    SDMMC_CmdSendStatus                      0x08002dd3   Thumb Code    56  stm32f4xx_ll_sdmmc.o(i.SDMMC_CmdSendStatus)
    SDMMC_CmdSetRelAdd                       0x08002e0b   Thumb Code    56  stm32f4xx_ll_sdmmc.o(i.SDMMC_CmdSetRelAdd)
    SDMMC_CmdStopTransfer                    0x08002e45   Thumb Code    54  stm32f4xx_ll_sdmmc.o(i.SDMMC_CmdStopTransfer)
    SDMMC_CmdWriteMultiBlock                 0x08002e81   Thumb Code    56  stm32f4xx_ll_sdmmc.o(i.SDMMC_CmdWriteMultiBlock)
    SDMMC_CmdWriteSingleBlock                0x08002eb9   Thumb Code    56  stm32f4xx_ll_sdmmc.o(i.SDMMC_CmdWriteSingleBlock)
    SD_GetStringFromFileOnCard               0x080034b9   Thumb Code    26  firmware.o(i.SD_GetStringFromFileOnCard)
    SD_initialize                            0x08003849   Thumb Code    32  sd_diskio.o(i.SD_initialize)
    SD_ioctl                                 0x0800386d   Thumb Code   102  sd_diskio.o(i.SD_ioctl)
    SD_read                                  0x080038d9   Thumb Code    46  sd_diskio.o(i.SD_read)
    SD_status                                0x08003907   Thumb Code    12  sd_diskio.o(i.SD_status)
    SD_write                                 0x08003913   Thumb Code    46  sd_diskio.o(i.SD_write)
    SVC_Handler                              0x08003941   Thumb Code     2  stm32f4xx_it.o(i.SVC_Handler)
    SysTick_Handler                          0x08003943   Thumb Code     8  stm32f4xx_it.o(i.SysTick_Handler)
    SystemClock_Config                       0x0800394d   Thumb Code   172  main.o(i.SystemClock_Config)
    SystemInit                               0x08003a01   Thumb Code    14  system_stm32f4xx.o(i.SystemInit)
    UsageFault_Handler                       0x08003a15   Thumb Code     4  stm32f4xx_it.o(i.UsageFault_Handler)
    __0printf$1                              0x08003a19   Thumb Code    22  printf1.o(i.__0printf$1)
    __1printf$1                              0x08003a19   Thumb Code     0  printf1.o(i.__0printf$1)
    __2printf                                0x08003a19   Thumb Code     0  printf1.o(i.__0printf$1)
    __scatterload_copy                       0x08003a71   Thumb Code    14  handlers.o(i.__scatterload_copy)
    __scatterload_null                       0x08003a7f   Thumb Code     2  handlers.o(i.__scatterload_null)
    __scatterload_zeroinit                   0x08003a81   Thumb Code    14  handlers.o(i.__scatterload_zeroinit)
    disk_initialize                          0x0800473d   Thumb Code    40  diskio.o(i.disk_initialize)
    disk_ioctl                               0x08004769   Thumb Code    36  diskio.o(i.disk_ioctl)
    disk_read                                0x08004791   Thumb Code    42  diskio.o(i.disk_read)
    disk_status                              0x080047c1   Thumb Code    24  diskio.o(i.disk_status)
    disk_write                               0x080047dd   Thumb Code    42  diskio.o(i.disk_write)
    f_close                                  0x08004835   Thumb Code    44  ff.o(i.f_close)
    f_gets                                   0x08004861   Thumb Code    86  ff.o(i.f_gets)
    f_mount                                  0x080048b9   Thumb Code    92  ff.o(i.f_mount)
    f_open                                   0x08004919   Thumb Code   578  ff.o(i.f_open)
    f_opendir                                0x08004b5b   Thumb Code   142  ff.o(i.f_opendir)
    f_read                                   0x08004be9   Thumb Code   478  ff.o(i.f_read)
    f_readdir                                0x08004dc7   Thumb Code    78  ff.o(i.f_readdir)
    f_sync                                   0x08004e15   Thumb Code   160  ff.o(i.f_sync)
    f_unlink                                 0x08004eb5   Thumb Code   206  ff.o(i.f_unlink)
    ff_convert                               0x08004f85   Thumb Code    70  ccsbcs.o(i.ff_convert)
    ff_wtoupper                              0x08004fd1   Thumb Code   156  ccsbcs.o(i.ff_wtoupper)
    fputc                                    0x080054ad   Thumb Code    26  retarget_io.o(i.fputc)
    get_fattime                              0x080056b3   Thumb Code     4  fatfs.o(i.get_fattime)
    main                                     0x08005949   Thumb Code   302  main.o(i.main)
    SD_Driver                                0x08006034   Data          20  sd_diskio.o(.constdata)
    AHBPrescTable                            0x08006050   Data          16  system_stm32f4xx.o(.constdata)
    APBPrescTable                            0x08006060   Data           8  system_stm32f4xx.o(.constdata)
    Region$$Table$$Base                      0x080064c0   Number         0  anon$$obj.o(Region$$Table)
    Region$$Table$$Limit                     0x080064e0   Number         0  anon$$obj.o(Region$$Table)
    stat222                                  0x20000080   Data           1  firmware.o(.data)
    stat333                                  0x20000081   Data           1  firmware.o(.data)
    retSD                                    0x20000086   Data           1  fatfs.o(.data)
    SDPath                                   0x20000087   Data           4  fatfs.o(.data)
    uwTick                                   0x2000008c   Data           4  stm32f4xx_hal.o(.data)
    uwTickPrio                               0x20000090   Data           4  stm32f4xx_hal.o(.data)
    uwTickFreq                               0x20000094   Data           1  stm32f4xx_hal.o(.data)
    SystemCoreClock                          0x20000098   Data           4  system_stm32f4xx.o(.data)
    __stdout                                 0x200000a4   Data           4  stdout.o(.data)
    hsd                                      0x20002368   Data         132  sdio.o(.bss)
    hdma_sdio_rx                             0x200023ec   Data          96  sdio.o(.bss)
    hdma_sdio_tx                             0x2000244c   Data          96  sdio.o(.bss)
    pFlash                                   0x200024ac   Data          32  stm32f4xx_hal_flash.o(.bss)
    disk                                     0x200026ec   Data          12  ff_gen_drv.o(.bss)
    __initial_sp                             0x20002af8   Data           0  startup_stm32f411xe.o(STACK)



==============================================================================

Memory Map of the image

  Image Entry point : 0x08000199

  Load Region LR_IROM1 (Base: 0x08000000, Size: 0x00006588, Max: 0x00080000, ABSOLUTE)

    Execution Region ER_IROM1 (Exec base: 0x08000000, Load base: 0x08000000, Size: 0x000064e0, Max: 0x00080000, ABSOLUTE)

    Exec Addr    Load Addr    Size         Type   Attr      Idx    E Section Name        Object

    0x08000000   0x08000000   0x00000198   Data   RO            3    RESET               startup_stm32f411xe.o
    0x08000198   0x08000198   0x00000000   Code   RO         3201  * .ARM.Collect$$$$00000000  mc_w.l(entry.o)
    0x08000198   0x08000198   0x00000004   Code   RO         3481    .ARM.Collect$$$$00000001  mc_w.l(entry2.o)
    0x0800019c   0x0800019c   0x00000004   Code   RO         3484    .ARM.Collect$$$$00000004  mc_w.l(entry5.o)
    0x080001a0   0x080001a0   0x00000000   Code   RO         3486    .ARM.Collect$$$$00000008  mc_w.l(entry7b.o)
    0x080001a0   0x080001a0   0x00000000   Code   RO         3488    .ARM.Collect$$$$0000000A  mc_w.l(entry8b.o)
    0x080001a0   0x080001a0   0x00000008   Code   RO         3489    .ARM.Collect$$$$0000000B  mc_w.l(entry9a.o)
    0x080001a8   0x080001a8   0x00000000   Code   RO         3491    .ARM.Collect$$$$0000000D  mc_w.l(entry10a.o)
    0x080001a8   0x080001a8   0x00000000   Code   RO         3493    .ARM.Collect$$$$0000000F  mc_w.l(entry11a.o)
    0x080001a8   0x080001a8   0x00000004   Code   RO         3482    .ARM.Collect$$$$00002712  mc_w.l(entry2.o)
    0x080001ac   0x080001ac   0x00000024   Code   RO            4    .text               startup_stm32f411xe.o
    0x080001d0   0x080001d0   0x00000062   Code   RO         3210    .text               mc_w.l(uldiv.o)
    0x08000232   0x08000232   0x00000024   Code   RO         3212    .text               mc_w.l(memcpya.o)
    0x08000256   0x08000256   0x00000024   Code   RO         3214    .text               mc_w.l(memseta.o)
    0x0800027a   0x0800027a   0x0000001e   Code   RO         3216    .text               mc_w.l(strncmp.o)
    0x08000298   0x08000298   0x0000002c   Code   RO         3495    .text               mc_w.l(uidiv.o)
    0x080002c4   0x080002c4   0x0000001e   Code   RO         3497    .text               mc_w.l(llshl.o)
    0x080002e2   0x080002e2   0x00000020   Code   RO         3499    .text               mc_w.l(llushr.o)
    0x08000302   0x08000302   0x00000002   PAD
    0x08000304   0x08000304   0x00000024   Code   RO         3512    .text               mc_w.l(init.o)
    0x08000328   0x08000328   0x0000009c   Code   RO           13    i.BOOTLOADER_UploadFirmware  firmware.o
    0x080003c4   0x080003c4   0x00000002   Code   RO          475    i.BSP_SD_AbortCallback  bsp_driver_sd.o
    0x080003c6   0x080003c6   0x00000002   PAD
    0x080003c8   0x080003c8   0x00000014   Code   RO          478    i.BSP_SD_GetCardInfo  bsp_driver_sd.o
    0x080003dc   0x080003dc   0x00000018   Code   RO          479    i.BSP_SD_GetCardState  bsp_driver_sd.o
    0x080003f4   0x080003f4   0x00000030   Code   RO          481    i.BSP_SD_Init       bsp_driver_sd.o
    0x08000424   0x08000424   0x0000000c   Code   RO          482    i.BSP_SD_IsDetected  bsp_driver_sd.o
    0x08000430   0x08000430   0x00000030   Code   RO          483    i.BSP_SD_ReadBlocks  bsp_driver_sd.o
    0x08000460   0x08000460   0x00000002   Code   RO          485    i.BSP_SD_ReadCpltCallback  bsp_driver_sd.o
    0x08000462   0x08000462   0x00000002   PAD
    0x08000464   0x08000464   0x00000030   Code   RO          486    i.BSP_SD_WriteBlocks  bsp_driver_sd.o
    0x08000494   0x08000494   0x00000002   Code   RO          488    i.BSP_SD_WriteCpltCallback  bsp_driver_sd.o
    0x08000496   0x08000496   0x00000004   Code   RO          357    i.BusFault_Handler  stm32f4xx_it.o
    0x0800049a   0x0800049a   0x00000002   PAD
    0x0800049c   0x0800049c   0x00000010   Code   RO          358    i.DMA2_Stream3_IRQHandler  stm32f4xx_it.o
    0x080004ac   0x080004ac   0x00000010   Code   RO          359    i.DMA2_Stream6_IRQHandler  stm32f4xx_it.o
    0x080004bc   0x080004bc   0x00000034   Code   RO         1261    i.DMA_CalcBaseAndBitshift  stm32f4xx_hal_dma.o
    0x080004f0   0x080004f0   0x000000aa   Code   RO         1262    i.DMA_CheckFifoParam  stm32f4xx_hal_dma.o
    0x0800059a   0x0800059a   0x00000002   Code   RO          360    i.DebugMon_Handler  stm32f4xx_it.o
    0x0800059c   0x0800059c   0x00000006   Code   RO          209    i.Error_Handler     main.o
    0x080005a2   0x080005a2   0x00000012   Code   RO         3022    i.FATFS_LinkDriver  ff_gen_drv.o
    0x080005b4   0x080005b4   0x00000054   Code   RO         3023    i.FATFS_LinkDriverEx  ff_gen_drv.o
    0x08000608   0x08000608   0x0000005c   Code   RO          973    i.FLASH_Erase_Sector  stm32f4xx_hal_flash_ex.o
    0x08000664   0x08000664   0x00000078   Code   RO          974    i.FLASH_FlushCaches  stm32f4xx_hal_flash_ex.o
    0x080006dc   0x080006dc   0x00000030   Code   RO          975    i.FLASH_MassErase   stm32f4xx_hal_flash_ex.o
    0x0800070c   0x0800070c   0x00000024   Code   RO          855    i.FLASH_Program_Byte  stm32f4xx_hal_flash.o
    0x08000730   0x08000730   0x0000003c   Code   RO          856    i.FLASH_Program_DoubleWord  stm32f4xx_hal_flash.o
    0x0800076c   0x0800076c   0x00000028   Code   RO          857    i.FLASH_Program_HalfWord  stm32f4xx_hal_flash.o
    0x08000794   0x08000794   0x00000028   Code   RO          858    i.FLASH_Program_Word  stm32f4xx_hal_flash.o
    0x080007bc   0x080007bc   0x000000b4   Code   RO          859    i.FLASH_SetErrorCode  stm32f4xx_hal_flash.o
    0x08000870   0x08000870   0x00000064   Code   RO          860    i.FLASH_WaitForLastOperation  stm32f4xx_hal_flash.o
    0x080008d4   0x080008d4   0x000000a0   Code   RO           14    i.FW_ERASE_AND_PROGRAM  firmware.o
    0x08000974   0x08000974   0x0000013c   Code   RO           15    i.FW_ProcessingString  firmware.o
    0x08000ab0   0x08000ab0   0x00000040   Code   RO           16    i.FW_SELECT_SECTOR  firmware.o
    0x08000af0   0x08000af0   0x00000014   Code   RO           17    i.FW_SumToByte      firmware.o
    0x08000b04   0x08000b04   0x00000032   Code   RO           18    i.FW_WriteToFlash   firmware.o
    0x08000b36   0x08000b36   0x00000028   Code   RO         1265    i.HAL_DMA_Abort_IT  stm32f4xx_hal_dma.o
    0x08000b5e   0x08000b5e   0x00000002   PAD
    0x08000b60   0x08000b60   0x00000240   Code   RO         1269    i.HAL_DMA_IRQHandler  stm32f4xx_hal_dma.o
    0x08000da0   0x08000da0   0x000000ec   Code   RO         1270    i.HAL_DMA_Init      stm32f4xx_hal_dma.o
    0x08000e8c   0x08000e8c   0x00000044   Code   RO         1711    i.HAL_DeInit        stm32f4xx_hal.o
    0x08000ed0   0x08000ed0   0x00000028   Code   RO         1712    i.HAL_Delay         stm32f4xx_hal.o
    0x08000ef8   0x08000ef8   0x000000ac   Code   RO          989    i.HAL_FLASHEx_Erase  stm32f4xx_hal_flash_ex.o
    0x08000fa4   0x08000fa4   0x00000014   Code   RO          864    i.HAL_FLASH_Lock    stm32f4xx_hal_flash.o
    0x08000fb8   0x08000fb8   0x00000098   Code   RO          869    i.HAL_FLASH_Program  stm32f4xx_hal_flash.o
    0x08001050   0x08001050   0x00000034   Code   RO          871    i.HAL_FLASH_Unlock  stm32f4xx_hal_flash.o
    0x08001084   0x08001084   0x000001c8   Code   RO         1157    i.HAL_GPIO_Init     stm32f4xx_hal_gpio.o
    0x0800124c   0x0800124c   0x0000000c   Code   RO         1161    i.HAL_GPIO_WritePin  stm32f4xx_hal_gpio.o
    0x08001258   0x08001258   0x0000000c   Code   RO         1718    i.HAL_GetTick       stm32f4xx_hal.o
    0x08001264   0x08001264   0x00000018   Code   RO         1724    i.HAL_IncTick       stm32f4xx_hal.o
    0x0800127c   0x0800127c   0x0000003c   Code   RO         1725    i.HAL_Init          stm32f4xx_hal.o
    0x080012b8   0x080012b8   0x0000004c   Code   RO         1726    i.HAL_InitTick      stm32f4xx_hal.o
    0x08001304   0x08001304   0x00000002   Code   RO         1727    i.HAL_MspDeInit     stm32f4xx_hal.o
    0x08001306   0x08001306   0x00000002   PAD
    0x08001308   0x08001308   0x00000048   Code   RO          451    i.HAL_MspInit       stm32f4xx_hal_msp.o
    0x08001350   0x08001350   0x00000020   Code   RO         1570    i.HAL_NVIC_EnableIRQ  stm32f4xx_hal_cortex.o
    0x08001370   0x08001370   0x0000007c   Code   RO         1576    i.HAL_NVIC_SetPriority  stm32f4xx_hal_cortex.o
    0x080013ec   0x080013ec   0x00000028   Code   RO         1577    i.HAL_NVIC_SetPriorityGrouping  stm32f4xx_hal_cortex.o
    0x08001414   0x08001414   0x00000184   Code   RO          694    i.HAL_RCC_ClockConfig  stm32f4xx_hal_rcc.o
    0x08001598   0x08001598   0x00000180   Code   RO          801    i.HAL_RCC_DeInit    stm32f4xx_hal_rcc_ex.o
    0x08001718   0x08001718   0x000000b0   Code   RO          703    i.HAL_RCC_GetSysClockFreq  stm32f4xx_hal_rcc.o
    0x080017c8   0x080017c8   0x0000049c   Code   RO          706    i.HAL_RCC_OscConfig  stm32f4xx_hal_rcc.o
    0x08001c64   0x08001c64   0x0000000a   Code   RO          489    i.HAL_SD_AbortCallback  bsp_driver_sd.o
    0x08001c6e   0x08001c6e   0x00000002   PAD
    0x08001c70   0x08001c70   0x000000c8   Code   RO         2248    i.HAL_SD_ConfigWideBusOperation  stm32f4xx_hal_sd.o
    0x08001d38   0x08001d38   0x00000002   Code   RO         2251    i.HAL_SD_ErrorCallback  stm32f4xx_hal_sd.o
    0x08001d3a   0x08001d3a   0x00000002   PAD
    0x08001d3c   0x08001d3c   0x000001c8   Code   RO         2253    i.HAL_SD_GetCardCSD  stm32f4xx_hal_sd.o
    0x08001f04   0x08001f04   0x00000026   Code   RO         2254    i.HAL_SD_GetCardInfo  stm32f4xx_hal_sd.o
    0x08001f2a   0x08001f2a   0x00000024   Code   RO         2255    i.HAL_SD_GetCardState  stm32f4xx_hal_sd.o
    0x08001f4e   0x08001f4e   0x00000002   PAD
    0x08001f50   0x08001f50   0x0000021c   Code   RO         2259    i.HAL_SD_IRQHandler  stm32f4xx_hal_sd.o
    0x0800216c   0x0800216c   0x0000003c   Code   RO         2260    i.HAL_SD_Init       stm32f4xx_hal_sd.o
    0x080021a8   0x080021a8   0x000000ac   Code   RO         2261    i.HAL_SD_InitCard   stm32f4xx_hal_sd.o
    0x08002254   0x08002254   0x0000018c   Code   RO          316    i.HAL_SD_MspInit    sdio.o
    0x080023e0   0x080023e0   0x00000298   Code   RO         2264    i.HAL_SD_ReadBlocks  stm32f4xx_hal_sd.o
    0x08002678   0x08002678   0x0000000a   Code   RO          490    i.HAL_SD_RxCpltCallback  bsp_driver_sd.o
    0x08002682   0x08002682   0x0000000a   Code   RO          491    i.HAL_SD_TxCpltCallback  bsp_driver_sd.o
    0x0800268c   0x0800268c   0x00000230   Code   RO         2269    i.HAL_SD_WriteBlocks  stm32f4xx_hal_sd.o
    0x080028bc   0x080028bc   0x00000034   Code   RO         1581    i.HAL_SYSTICK_Config  stm32f4xx_hal_cortex.o
    0x080028f0   0x080028f0   0x00000004   Code   RO          361    i.HardFault_Handler  stm32f4xx_it.o
    0x080028f4   0x080028f4   0x00000030   Code   RO         3126    i.ITM_SendChar      retarget_io.o
    0x08002924   0x08002924   0x00000048   Code   RO          291    i.MX_DMA_Init       dma.o
    0x0800296c   0x0800296c   0x0000001c   Code   RO          656    i.MX_FATFS_Init     fatfs.o
    0x08002988   0x08002988   0x000000b4   Code   RO          267    i.MX_GPIO_Init      gpio.o
    0x08002a3c   0x08002a3c   0x00000024   Code   RO          317    i.MX_SDIO_SD_Init   sdio.o
    0x08002a60   0x08002a60   0x00000004   Code   RO          362    i.MemManage_Handler  stm32f4xx_it.o
    0x08002a64   0x08002a64   0x00000004   Code   RO          363    i.NMI_Handler       stm32f4xx_it.o
    0x08002a68   0x08002a68   0x00000002   Code   RO          364    i.PendSV_Handler    stm32f4xx_it.o
    0x08002a6a   0x08002a6a   0x0000002c   Code   RO         1963    i.SDIO_ConfigData   stm32f4xx_ll_sdmmc.o
    0x08002a96   0x08002a96   0x00000008   Code   RO         1964    i.SDIO_GetCommandResponse  stm32f4xx_ll_sdmmc.o
    0x08002a9e   0x08002a9e   0x0000000a   Code   RO         1967    i.SDIO_GetPowerState  stm32f4xx_ll_sdmmc.o
    0x08002aa8   0x08002aa8   0x0000000c   Code   RO         1968    i.SDIO_GetResponse  stm32f4xx_ll_sdmmc.o
    0x08002ab4   0x08002ab4   0x00000010   Code   RO          365    i.SDIO_IRQHandler   stm32f4xx_it.o
    0x08002ac4   0x08002ac4   0x00000034   Code   RO         1969    i.SDIO_Init         stm32f4xx_ll_sdmmc.o
    0x08002af8   0x08002af8   0x00000012   Code   RO         1971    i.SDIO_PowerState_ON  stm32f4xx_ll_sdmmc.o
    0x08002b0a   0x08002b0a   0x00000008   Code   RO         1972    i.SDIO_ReadFIFO     stm32f4xx_ll_sdmmc.o
    0x08002b12   0x08002b12   0x00000028   Code   RO         1973    i.SDIO_SendCommand  stm32f4xx_ll_sdmmc.o
    0x08002b3a   0x08002b3a   0x0000000c   Code   RO         1975    i.SDIO_WriteFIFO    stm32f4xx_ll_sdmmc.o
    0x08002b46   0x08002b46   0x00000038   Code   RO         1976    i.SDMMC_CmdAppCommand  stm32f4xx_ll_sdmmc.o
    0x08002b7e   0x08002b7e   0x00000002   PAD
    0x08002b80   0x08002b80   0x0000003c   Code   RO         1977    i.SDMMC_CmdAppOperCommand  stm32f4xx_ll_sdmmc.o
    0x08002bbc   0x08002bbc   0x00000038   Code   RO         1978    i.SDMMC_CmdBlockLength  stm32f4xx_ll_sdmmc.o
    0x08002bf4   0x08002bf4   0x00000038   Code   RO         1979    i.SDMMC_CmdBusWidth  stm32f4xx_ll_sdmmc.o
    0x08002c2c   0x08002c2c   0x0000002c   Code   RO         1983    i.SDMMC_CmdGoIdleState  stm32f4xx_ll_sdmmc.o
    0x08002c58   0x08002c58   0x00000034   Code   RO         1985    i.SDMMC_CmdOperCond  stm32f4xx_ll_sdmmc.o
    0x08002c8c   0x08002c8c   0x00000038   Code   RO         1986    i.SDMMC_CmdReadMultiBlock  stm32f4xx_ll_sdmmc.o
    0x08002cc4   0x08002cc4   0x00000038   Code   RO         1987    i.SDMMC_CmdReadSingleBlock  stm32f4xx_ll_sdmmc.o
    0x08002cfc   0x08002cfc   0x0000003a   Code   RO         1990    i.SDMMC_CmdSelDesel  stm32f4xx_ll_sdmmc.o
    0x08002d36   0x08002d36   0x00000032   Code   RO         1991    i.SDMMC_CmdSendCID  stm32f4xx_ll_sdmmc.o
    0x08002d68   0x08002d68   0x00000032   Code   RO         1992    i.SDMMC_CmdSendCSD  stm32f4xx_ll_sdmmc.o
    0x08002d9a   0x08002d9a   0x00000038   Code   RO         1994    i.SDMMC_CmdSendSCR  stm32f4xx_ll_sdmmc.o
    0x08002dd2   0x08002dd2   0x00000038   Code   RO         1995    i.SDMMC_CmdSendStatus  stm32f4xx_ll_sdmmc.o
    0x08002e0a   0x08002e0a   0x00000038   Code   RO         1996    i.SDMMC_CmdSetRelAdd  stm32f4xx_ll_sdmmc.o
    0x08002e42   0x08002e42   0x00000002   PAD
    0x08002e44   0x08002e44   0x0000003c   Code   RO         1998    i.SDMMC_CmdStopTransfer  stm32f4xx_ll_sdmmc.o
    0x08002e80   0x08002e80   0x00000038   Code   RO         2000    i.SDMMC_CmdWriteMultiBlock  stm32f4xx_ll_sdmmc.o
    0x08002eb8   0x08002eb8   0x00000038   Code   RO         2001    i.SDMMC_CmdWriteSingleBlock  stm32f4xx_ll_sdmmc.o
    0x08002ef0   0x08002ef0   0x00000040   Code   RO         2002    i.SDMMC_GetCmdError  stm32f4xx_ll_sdmmc.o
    0x08002f30   0x08002f30   0x000001ac   Code   RO         2003    i.SDMMC_GetCmdResp1  stm32f4xx_ll_sdmmc.o
    0x080030dc   0x080030dc   0x00000064   Code   RO         2004    i.SDMMC_GetCmdResp2  stm32f4xx_ll_sdmmc.o
    0x08003140   0x08003140   0x00000058   Code   RO         2005    i.SDMMC_GetCmdResp3  stm32f4xx_ll_sdmmc.o
    0x08003198   0x08003198   0x000000b8   Code   RO         2006    i.SDMMC_GetCmdResp6  stm32f4xx_ll_sdmmc.o
    0x08003250   0x08003250   0x0000006c   Code   RO         2007    i.SDMMC_GetCmdResp7  stm32f4xx_ll_sdmmc.o
    0x080032bc   0x080032bc   0x00000028   Code   RO          596    i.SD_CheckStatus    sd_diskio.o
    0x080032e4   0x080032e4   0x00000048   Code   RO         2274    i.SD_DMARxAbort     stm32f4xx_hal_sd.o
    0x0800332c   0x0800332c   0x00000048   Code   RO         2276    i.SD_DMATxAbort     stm32f4xx_hal_sd.o
    0x08003374   0x08003374   0x00000142   Code   RO         2277    i.SD_FindSCR        stm32f4xx_hal_sd.o
    0x080034b6   0x080034b6   0x00000002   PAD
    0x080034b8   0x080034b8   0x00000020   Code   RO           19    i.SD_GetStringFromFileOnCard  firmware.o
    0x080034d8   0x080034d8   0x00000102   Code   RO         2278    i.SD_InitCard       stm32f4xx_hal_sd.o
    0x080035da   0x080035da   0x00000002   PAD
    0x080035dc   0x080035dc   0x000000cc   Code   RO         2280    i.SD_PowerON        stm32f4xx_hal_sd.o
    0x080036a8   0x080036a8   0x0000004a   Code   RO         2281    i.SD_Read_IT        stm32f4xx_hal_sd.o
    0x080036f2   0x080036f2   0x00000030   Code   RO         2283    i.SD_SendStatus     stm32f4xx_hal_sd.o
    0x08003722   0x08003722   0x00000068   Code   RO         2284    i.SD_WideBus_Disable  stm32f4xx_hal_sd.o
    0x0800378a   0x0800378a   0x00000068   Code   RO         2285    i.SD_WideBus_Enable  stm32f4xx_hal_sd.o
    0x080037f2   0x080037f2   0x00000054   Code   RO         2286    i.SD_Write_IT       stm32f4xx_hal_sd.o
    0x08003846   0x08003846   0x00000002   PAD
    0x08003848   0x08003848   0x00000024   Code   RO          597    i.SD_initialize     sd_diskio.o
    0x0800386c   0x0800386c   0x0000006c   Code   RO          598    i.SD_ioctl          sd_diskio.o
    0x080038d8   0x080038d8   0x0000002e   Code   RO          599    i.SD_read           sd_diskio.o
    0x08003906   0x08003906   0x0000000c   Code   RO          600    i.SD_status         sd_diskio.o
    0x08003912   0x08003912   0x0000002e   Code   RO          601    i.SD_write          sd_diskio.o
    0x08003940   0x08003940   0x00000002   Code   RO          366    i.SVC_Handler       stm32f4xx_it.o
    0x08003942   0x08003942   0x00000008   Code   RO          367    i.SysTick_Handler   stm32f4xx_it.o
    0x0800394a   0x0800394a   0x00000002   PAD
    0x0800394c   0x0800394c   0x000000b4   Code   RO          210    i.SystemClock_Config  main.o
    0x08003a00   0x08003a00   0x00000014   Code   RO         2537    i.SystemInit        system_stm32f4xx.o
    0x08003a14   0x08003a14   0x00000004   Code   RO          368    i.UsageFault_Handler  stm32f4xx_it.o
    0x08003a18   0x08003a18   0x00000020   Code   RO         3265    i.__0printf$1       mc_w.l(printf1.o)
    0x08003a38   0x08003a38   0x00000010   Code   RO         1583    i.__NVIC_GetPriorityGrouping  stm32f4xx_hal_cortex.o
    0x08003a48   0x08003a48   0x00000028   Code   RO         1584    i.__NVIC_SetPriority  stm32f4xx_hal_cortex.o
    0x08003a70   0x08003a70   0x0000000e   Code   RO         3520    i.__scatterload_copy  mc_w.l(handlers.o)
    0x08003a7e   0x08003a7e   0x00000002   Code   RO         3521    i.__scatterload_null  mc_w.l(handlers.o)
    0x08003a80   0x08003a80   0x0000000e   Code   RO         3522    i.__scatterload_zeroinit  mc_w.l(handlers.o)
    0x08003a8e   0x08003a8e   0x00000002   PAD
    0x08003a90   0x08003a90   0x00000154   Code   RO         3272    i._printf_core      mc_w.l(printf1.o)
    0x08003be4   0x08003be4   0x0000007c   Code   RO         2628    i.check_fs          ff.o
    0x08003c60   0x08003c60   0x00000014   Code   RO         2629    i.chk_chr           ff.o
    0x08003c74   0x08003c74   0x0000007c   Code   RO         2630    i.chk_lock          ff.o
    0x08003cf0   0x08003cf0   0x00000028   Code   RO         2631    i.clear_lock        ff.o
    0x08003d18   0x08003d18   0x00000036   Code   RO         2632    i.clmt_clust        ff.o
    0x08003d4e   0x08003d4e   0x0000001a   Code   RO         2633    i.clust2sect        ff.o
    0x08003d68   0x08003d68   0x00000098   Code   RO         2634    i.cmp_lfn           ff.o
    0x08003e00   0x08003e00   0x000000de   Code   RO         2635    i.create_chain      ff.o
    0x08003ede   0x08003ede   0x00000002   PAD
    0x08003ee0   0x08003ee0   0x00000288   Code   RO         2636    i.create_name       ff.o
    0x08004168   0x08004168   0x00000044   Code   RO         2637    i.dec_lock          ff.o
    0x080041ac   0x080041ac   0x00000060   Code   RO         2638    i.dir_alloc         ff.o
    0x0800420c   0x0800420c   0x000000fc   Code   RO         2639    i.dir_find          ff.o
    0x08004308   0x08004308   0x0000011a   Code   RO         2640    i.dir_next          ff.o
    0x08004422   0x08004422   0x000000d2   Code   RO         2641    i.dir_read          ff.o
    0x080044f4   0x080044f4   0x00000142   Code   RO         2642    i.dir_register      ff.o
    0x08004636   0x08004636   0x00000060   Code   RO         2643    i.dir_remove        ff.o
    0x08004696   0x08004696   0x000000a6   Code   RO         2644    i.dir_sdi           ff.o
    0x0800473c   0x0800473c   0x0000002c   Code   RO         2573    i.disk_initialize   diskio.o
    0x08004768   0x08004768   0x00000028   Code   RO         2574    i.disk_ioctl        diskio.o
    0x08004790   0x08004790   0x00000030   Code   RO         2575    i.disk_read         diskio.o
    0x080047c0   0x080047c0   0x0000001c   Code   RO         2576    i.disk_status       diskio.o
    0x080047dc   0x080047dc   0x00000030   Code   RO         2577    i.disk_write        diskio.o
    0x0800480c   0x0800480c   0x00000028   Code   RO         2645    i.enq_lock          ff.o
    0x08004834   0x08004834   0x0000002c   Code   RO         2647    i.f_close           ff.o
    0x08004860   0x08004860   0x00000056   Code   RO         2651    i.f_gets            ff.o
    0x080048b6   0x080048b6   0x00000002   PAD
    0x080048b8   0x080048b8   0x00000060   Code   RO         2655    i.f_mount           ff.o
    0x08004918   0x08004918   0x00000242   Code   RO         2656    i.f_open            ff.o
    0x08004b5a   0x08004b5a   0x0000008e   Code   RO         2657    i.f_opendir         ff.o
    0x08004be8   0x08004be8   0x000001de   Code   RO         2661    i.f_read            ff.o
    0x08004dc6   0x08004dc6   0x0000004e   Code   RO         2662    i.f_readdir         ff.o
    0x08004e14   0x08004e14   0x000000a0   Code   RO         2665    i.f_sync            ff.o
    0x08004eb4   0x08004eb4   0x000000ce   Code   RO         2667    i.f_unlink          ff.o
    0x08004f82   0x08004f82   0x00000002   PAD
    0x08004f84   0x08004f84   0x0000004c   Code   RO         3096    i.ff_convert        ccsbcs.o
    0x08004fd0   0x08004fd0   0x000000a4   Code   RO         3097    i.ff_wtoupper       ccsbcs.o
    0x08005074   0x08005074   0x0000035c   Code   RO         2669    i.find_volume       ff.o
    0x080053d0   0x080053d0   0x000000dc   Code   RO         2670    i.follow_path       ff.o
    0x080054ac   0x080054ac   0x00000020   Code   RO         3131    i.fputc             retarget_io.o
    0x080054cc   0x080054cc   0x000000b4   Code   RO         2671    i.gen_numname       ff.o
    0x08005580   0x08005580   0x00000132   Code   RO         2672    i.get_fat           ff.o
    0x080056b2   0x080056b2   0x00000004   Code   RO          657    i.get_fattime       fatfs.o
    0x080056b6   0x080056b6   0x00000142   Code   RO         2673    i.get_fileinfo      ff.o
    0x080057f8   0x080057f8   0x00000048   Code   RO         2674    i.get_ldnumber      ff.o
    0x08005840   0x08005840   0x000000bc   Code   RO         2675    i.inc_lock          ff.o
    0x080058fc   0x080058fc   0x00000026   Code   RO         2676    i.ld_clust          ff.o
    0x08005922   0x08005922   0x00000018   Code   RO         2677    i.ld_dword          ff.o
    0x0800593a   0x0800593a   0x0000000c   Code   RO         2678    i.ld_word           ff.o
    0x08005946   0x08005946   0x00000002   PAD
    0x08005948   0x08005948   0x0000018c   Code   RO          211    i.main              main.o
    0x08005ad4   0x08005ad4   0x00000024   Code   RO         2679    i.mem_cmp           ff.o
    0x08005af8   0x08005af8   0x0000001a   Code   RO         2680    i.mem_cpy           ff.o
    0x08005b12   0x08005b12   0x00000012   Code   RO         2681    i.mem_set           ff.o
    0x08005b24   0x08005b24   0x00000034   Code   RO         2682    i.move_window       ff.o
    0x08005b58   0x08005b58   0x00000088   Code   RO         2683    i.pick_lfn          ff.o
    0x08005be0   0x08005be0   0x00000190   Code   RO         2684    i.put_fat           ff.o
    0x08005d70   0x08005d70   0x00000080   Code   RO         2685    i.put_lfn           ff.o
    0x08005df0   0x08005df0   0x0000009a   Code   RO         2689    i.remove_chain      ff.o
    0x08005e8a   0x08005e8a   0x00000024   Code   RO         2690    i.st_clust          ff.o
    0x08005eae   0x08005eae   0x00000018   Code   RO         2691    i.st_dword          ff.o
    0x08005ec6   0x08005ec6   0x0000000c   Code   RO         2692    i.st_word           ff.o
    0x08005ed2   0x08005ed2   0x0000000c   Code   RO         3132    i.stdout_putchar    retarget_io.o
    0x08005ede   0x08005ede   0x00000020   Code   RO         2693    i.sum_sfn           ff.o
    0x08005efe   0x08005efe   0x00000002   PAD
    0x08005f00   0x08005f00   0x00000090   Code   RO         2694    i.sync_fs           ff.o
    0x08005f90   0x08005f90   0x00000052   Code   RO         2695    i.sync_window       ff.o
    0x08005fe2   0x08005fe2   0x0000003c   Code   RO         2696    i.validate          ff.o
    0x0800601e   0x0800601e   0x00000002   PAD
    0x08006020   0x08006020   0x00000014   Data   RO           21    .constdata          firmware.o
    0x08006034   0x08006034   0x00000014   Data   RO          602    .constdata          sd_diskio.o
    0x08006048   0x08006048   0x00000008   Data   RO         1276    .constdata          stm32f4xx_hal_dma.o
    0x08006050   0x08006050   0x00000018   Data   RO         2538    .constdata          system_stm32f4xx.o
    0x08006068   0x08006068   0x000000aa   Data   RO         2698    .constdata          ff.o
    0x08006112   0x08006112   0x000003ae   Data   RO         3098    .constdata          ccsbcs.o
    0x080064c0   0x080064c0   0x00000020   Data   RO         3518    Region$$Table       anon$$obj.o


    Execution Region RW_IRAM1 (Exec base: 0x20000000, Load base: 0x080064e0, Size: 0x00002af8, Max: 0x00020000, ABSOLUTE)

    Exec Addr    Load Addr    Size         Type   Attr      Idx    E Section Name        Object

    0x20000000   0x080064e0   0x00000082   Data   RW           22    .data               firmware.o
    0x20000082   0x08006562   0x00000003   Data   RW          213    .data               main.o
    0x20000085   0x08006565   0x00000001   Data   RW          603    .data               sd_diskio.o
    0x20000086   0x08006566   0x00000005   Data   RW          659    .data               fatfs.o
    0x2000008b   0x0800656b   0x00000001   PAD
    0x2000008c   0x0800656c   0x00000009   Data   RW         1732    .data               stm32f4xx_hal.o
    0x20000095   0x08006575   0x00000003   PAD
    0x20000098   0x08006578   0x00000004   Data   RW         2539    .data               system_stm32f4xx.o
    0x2000009c   0x0800657c   0x00000006   Data   RW         2699    .data               ff.o
    0x200000a2   0x08006582   0x00000002   PAD
    0x200000a4   0x08006584   0x00000004   Data   RW         3208    .data               mc_w.l(stdout.o)
    0x200000a8        -       0x00001136   Zero   RW           20    .bss                firmware.o
    0x200011de   0x08006588   0x00000002   PAD
    0x200011e0        -       0x00001188   Zero   RW          212    .bss                main.o
    0x20002368        -       0x00000144   Zero   RW          318    .bss                sdio.o
    0x200024ac        -       0x00000020   Zero   RW          872    .bss                stm32f4xx_hal_flash.o
    0x200024cc        -       0x00000220   Zero   RW         2697    .bss                ff.o
    0x200026ec        -       0x0000000c   Zero   RW         3026    .bss                ff_gen_drv.o
    0x200026f8        -       0x00000400   Zero   RW            1    STACK               startup_stm32f411xe.o


==============================================================================

Image component sizes


      Code (inc. data)   RO Data    RW Data    ZI Data      Debug   Object Name

       236         26          0          0          0       8207   bsp_driver_sd.o
       240         24        942          0          0       2435   ccsbcs.o
       208         24          0          0          0       4285   diskio.o
        72          4          0          0          0        906   dma.o
        32         12          0          5          0       1784   fatfs.o
      8372        110        170          6        544      53412   ff.o
       102          6          0          0         12       1875   ff_gen_drv.o
       798         86         20        130       4406     421091   firmware.o
       180          8          0          0          0       1099   gpio.o
       582        102          0          3       4488      13684   main.o
        92         12          0          0          0       3147   retarget_io.o
       288         16         20          1          0       5164   sd_diskio.o
       432         36          0          0        324       2191   sdio.o
        36          8        408          0       1024        904   startup_stm32f411xe.o
       282         40          0          9          0      11030   stm32f4xx_hal.o
       304         22          0          0          0      34915   stm32f4xx_hal_cortex.o
      1074         16          8          0          0       4939   stm32f4xx_hal_dma.o
       680         62          0          0         32       6662   stm32f4xx_hal_flash.o
       432         26          0          0          0       3590   stm32f4xx_hal_flash_ex.o
       468         34          0          0          0       2288   stm32f4xx_hal_gpio.o
        72          4          0          0          0        990   stm32f4xx_hal_msp.o
      1744         58          0          0          0       4156   stm32f4xx_hal_rcc.o
       384         26          0          0          0        929   stm32f4xx_hal_rcc_ex.o
      4070         44          0          0          0      19375   stm32f4xx_hal_sd.o
        82         18          0          0          0       6520   stm32f4xx_it.o
      2110         46          0          0          0      26555   stm32f4xx_ll_sdmmc.o
         0          0          0          0          0        608   syscall.o
        20          6         24          4          0       1331   system_stm32f4xx.o

    ----------------------------------------------------------------------
     23432        876       1624        164      10832     644072   Object Totals
         0          0         32          0          0          0   (incl. Generated)
        40          0          0          6          2          0   (incl. Padding)

    ----------------------------------------------------------------------

      Code (inc. data)   RO Data    RW Data    ZI Data      Debug   Library Member Name

         0          0          0          0          0          0   entry.o
         0          0          0          0          0          0   entry10a.o
         0          0          0          0          0          0   entry11a.o
         8          4          0          0          0          0   entry2.o
         4          0          0          0          0          0   entry5.o
         0          0          0          0          0          0   entry7b.o
         0          0          0          0          0          0   entry8b.o
         8          4          0          0          0          0   entry9a.o
        30          0          0          0          0          0   handlers.o
        36          8          0          0          0         68   init.o
        30          0          0          0          0         68   llshl.o
        32          0          0          0          0         68   llushr.o
        36          0          0          0          0         68   memcpya.o
        36          0          0          0          0        108   memseta.o
       372         14          0          0          0        184   printf1.o
         0          0          0          4          0          0   stdout.o
        30          0          0          0          0         80   strncmp.o
        44          0          0          0          0         80   uidiv.o
        98          0          0          0          0         92   uldiv.o

    ----------------------------------------------------------------------
       768         30          0          4          0        816   Library Totals
         4          0          0          0          0          0   (incl. Padding)

    ----------------------------------------------------------------------

      Code (inc. data)   RO Data    RW Data    ZI Data      Debug   Library Name

       764         30          0          4          0        816   mc_w.l

    ----------------------------------------------------------------------
       768         30          0          4          0        816   Library Totals

    ----------------------------------------------------------------------

==============================================================================


      Code (inc. data)   RO Data    RW Data    ZI Data      Debug   

     24200        906       1624        168      10832     625328   Grand Totals
     24200        906       1624        168      10832     625328   ELF Image Totals
     24200        906       1624        168          0          0   ROM Totals

==============================================================================

    Total RO  Size (Code + RO Data)                25824 (  25.22kB)
    Total RW  Size (RW Data + ZI Data)             11000 (  10.74kB)
    Total ROM Size (Code + RO Data + RW Data)      25992 (  25.38kB)

==============================================================================

