Component: ARM Compiler 5.06 update 6 (build 750) Tool: armlink [4d35ed]

==============================================================================

Section Cross References

    startup_stm32f411xe.o(RESET) refers to startup_stm32f411xe.o(STACK) for __initial_sp
    startup_stm32f411xe.o(RESET) refers to startup_stm32f411xe.o(.text) for Reset_Handler
    startup_stm32f411xe.o(RESET) refers to stm32f4xx_it.o(i.NMI_Handler) for NMI_Handler
    startup_stm32f411xe.o(RESET) refers to stm32f4xx_it.o(i.MemManage_Handler) for MemManage_Handler
    startup_stm32f411xe.o(RESET) refers to stm32f4xx_it.o(i.UsageFault_Handler) for UsageFault_Handler
    startup_stm32f411xe.o(RESET) refers to port.o(.emb_text) for SVC_Handler
    startup_stm32f411xe.o(RESET) refers to stm32f4xx_it.o(i.DebugMon_Handler) for DebugMon_Handler
    startup_stm32f411xe.o(RESET) refers to port.o(i.SysTick_Handler) for SysTick_Handler
    startup_stm32f411xe.o(RESET) refers to stm32f4xx_it.o(i.ADC_IRQHandler) for ADC_IRQHandler
    startup_stm32f411xe.o(RESET) refers to stm32f4xx_it.o(i.TIM1_UP_TIM10_IRQHandler) for TIM1_UP_TIM10_IRQHandler
    startup_stm32f411xe.o(RESET) refers to stm32f4xx_it.o(i.TIM3_IRQHandler) for TIM3_IRQHandler
    startup_stm32f411xe.o(RESET) refers to stm32f4xx_it.o(i.USART2_IRQHandler) for USART2_IRQHandler
    startup_stm32f411xe.o(RESET) refers to stm32f4xx_it.o(i.SDIO_IRQHandler) for SDIO_IRQHandler
    startup_stm32f411xe.o(RESET) refers to stm32f4xx_it.o(i.DMA2_Stream1_IRQHandler) for DMA2_Stream1_IRQHandler
    startup_stm32f411xe.o(RESET) refers to stm32f4xx_it.o(i.DMA2_Stream3_IRQHandler) for DMA2_Stream3_IRQHandler
    startup_stm32f411xe.o(RESET) refers to stm32f4xx_it.o(i.DMA2_Stream6_IRQHandler) for DMA2_Stream6_IRQHandler
    startup_stm32f411xe.o(RESET) refers to stm32f4xx_it.o(i.USART6_IRQHandler) for USART6_IRQHandler
    startup_stm32f411xe.o(.text) refers to stm32f4xx_it.o(i.prvGetRegistersFromStack) for prvGetRegistersFromStack
    startup_stm32f411xe.o(.text) refers to system_stm32f4xx.o(i.SystemInit) for SystemInit
    startup_stm32f411xe.o(.text) refers to entry.o(.ARM.Collect$$$$00000000) for __main
    bootloader.o(i.PROGRAMMER_ClearSectorNumbersForErase) refers to bootloader.o(.bss) for sectorNumbersForErase
    bootloader.o(i.PROGRAMMER_EraseMemory) refers to bootloader.o(i.PROGRAMMER_FullEraseMemory) for PROGRAMMER_FullEraseMemory
    bootloader.o(i.PROGRAMMER_EraseMemory) refers to displaymenu.o(i.DISPLAY_GoToSpecifiedWindow) for DISPLAY_GoToSpecifiedWindow
    bootloader.o(i.PROGRAMMER_EraseMemory) refers to displaymenu.o(.data) for g_infoMessage
    bootloader.o(i.PROGRAMMER_EraseMemorySectors) refers to memseta.o(.text) for __aeabi_memclr4
    bootloader.o(i.PROGRAMMER_EraseMemorySectors) refers to stm32f4xx_hal_uart.o(i.HAL_UART_Transmit) for HAL_UART_Transmit
    bootloader.o(i.PROGRAMMER_EraseMemorySectors) refers to stm32f4xx_hal_uart.o(i.HAL_UART_Receive) for HAL_UART_Receive
    bootloader.o(i.PROGRAMMER_EraseMemorySectors) refers to bootloader.o(.bss) for g_deviceData
    bootloader.o(i.PROGRAMMER_EraseMemorySectors) refers to usart.o(.bss) for huart2
    bootloader.o(i.PROGRAMMER_FullEraseMemory) refers to stm32f4xx_hal_uart.o(i.HAL_UART_Transmit) for HAL_UART_Transmit
    bootloader.o(i.PROGRAMMER_FullEraseMemory) refers to stm32f4xx_hal_uart.o(i.HAL_UART_Receive) for HAL_UART_Receive
    bootloader.o(i.PROGRAMMER_FullEraseMemory) refers to bootloader.o(.bss) for g_deviceData
    bootloader.o(i.PROGRAMMER_FullEraseMemory) refers to usart.o(.bss) for huart2
    bootloader.o(i.PROGRAMMER_GetAddressesOfSectorsToCleanUp) refers to sd_card.o(i.SD_OpenFileOnCard) for SD_OpenFileOnCard
    bootloader.o(i.PROGRAMMER_GetAddressesOfSectorsToCleanUp) refers to sd_card.o(i.SD_GetStringFromFileOnCard) for SD_GetStringFromFileOnCard
    bootloader.o(i.PROGRAMMER_GetAddressesOfSectorsToCleanUp) refers to bootloader.o(i.PROGRAMMER_SumToByte) for PROGRAMMER_SumToByte
    bootloader.o(i.PROGRAMMER_GetAddressesOfSectorsToCleanUp) refers to printfa.o(i.__0sprintf) for __2sprintf
    bootloader.o(i.PROGRAMMER_GetAddressesOfSectorsToCleanUp) refers to sd_card.o(i.SD_CloseFileOnCard) for SD_CloseFileOnCard
    bootloader.o(i.PROGRAMMER_GetAddressesOfSectorsToCleanUp) refers to displaymenu.o(.data) for g_infoMessage
    bootloader.o(i.PROGRAMMER_GetAddressesOfSectorsToCleanUp) refers to bootloader.o(.data) for startAdress
    bootloader.o(i.PROGRAMMER_GetAddressesOfSectorsToCleanUp) refers to displaymenu.o(.bss) for g_infoMessageArr
    bootloader.o(i.PROGRAMMER_GetAddressesOfSectorsToCleanUp) refers to bootloader.o(.bss) for g_deviceData
    bootloader.o(i.PROGRAMMER_GetCurrentDevice) refers to bootloader.o(.bss) for g_deviceData
    bootloader.o(i.PROGRAMMER_GetCurrentDevice) refers to bootloader.o(.constdata) for stm32
    bootloader.o(i.PROGRAMMER_GetIDCommand) refers to stm32f4xx_hal_uart.o(i.HAL_UART_Transmit) for HAL_UART_Transmit
[...]
    ff_convert                               0x08014a99   Thumb Code    70  ccsbcs.o(i.ff_convert)
    ff_cre_syncobj                           0x08014ae5   Thumb Code    38  syscall.o(i.ff_cre_syncobj)
    ff_del_syncobj                           0x08014b0b   Thumb Code    14  syscall.o(i.ff_del_syncobj)
    ff_memalloc                              0x08014b19   Thumb Code    12  syscall.o(i.ff_memalloc)
    ff_memfree                               0x08014b25   Thumb Code    12  syscall.o(i.ff_memfree)
    ff_rel_grant                             0x08014b31   Thumb Code    12  syscall.o(i.ff_rel_grant)
    ff_req_grant                             0x08014b3d   Thumb Code    24  syscall.o(i.ff_req_grant)
    ff_wtoupper                              0x08014b55   Thumb Code   156  ccsbcs.o(i.ff_wtoupper)
    fputc                                    0x08015035   Thumb Code    40  retarget_io.o(i.fputc)
    free                                     0x08015065   Thumb Code    76  malloc.o(i.free)
    get_fattime                              0x0801529b   Thumb Code     4  fatfs.o(i.get_fattime)
    keyboardFunc                             0x080154f5   Thumb Code   308  freertos.o(i.keyboardFunc)
    main                                     0x080156b5   Thumb Code   134  main.o(i.main)
    malloc                                   0x08015765   Thumb Code    92  malloc.o(i.malloc)
    osDelay                                  0x08015855   Thumb Code    24  cmsis_os.o(i.osDelay)
    osKernelRunning                          0x0801586d   Thumb Code    18  cmsis_os.o(i.osKernelRunning)
    osKernelStart                            0x0801587f   Thumb Code    10  cmsis_os.o(i.osKernelStart)
    osKernelSysTick                          0x08015889   Thumb Code    20  cmsis_os.o(i.osKernelSysTick)
    osMessageCreate                          0x0801589d   Thumb Code    40  cmsis_os.o(i.osMessageCreate)
    osMessageGet                             0x080158c5   Thumb Code   150  cmsis_os.o(i.osMessageGet)
    osMessagePut                             0x08015961   Thumb Code    92  cmsis_os.o(i.osMessagePut)
    osSemaphoreCreate                        0x080159c1   Thumb Code    74  cmsis_os.o(i.osSemaphoreCreate)
    osSemaphoreDelete                        0x08015a0b   Thumb Code    24  cmsis_os.o(i.osSemaphoreDelete)
    osSemaphoreRelease                       0x08015a25   Thumb Code    76  cmsis_os.o(i.osSemaphoreRelease)
    osSemaphoreWait                          0x08015a75   Thumb Code   100  cmsis_os.o(i.osSemaphoreWait)
    osThreadCreate                           0x08015add   Thumb Code    94  cmsis_os.o(i.osThreadCreate)
    prvGetRegistersFromStack                 0x08015e69   Thumb Code    38  stm32f4xx_it.o(i.prvGetRegistersFromStack)
    pvPortMalloc                             0x080164d5   Thumb Code   306  heap_4.o(i.pvPortMalloc)
    pvTaskIncrementMutexHeldCount            0x08016621   Thumb Code    26  tasks.o(i.pvTaskIncrementMutexHeldCount)
    pxPortInitialiseStack                    0x08016641   Thumb Code    38  port.o(i.pxPortInitialiseStack)
    ringBufferFunc                           0x08016709   Thumb Code   770  freertos.o(i.ringBufferFunc)
    ssd1306_DrawPixel                        0x08016a39   Thumb Code   152  ssd1306.o(i.ssd1306_DrawPixel)
    ssd1306_Fill                             0x08016ad9   Thumb Code    28  ssd1306.o(i.ssd1306_Fill)
    ssd1306_Init                             0x08016af9   Thumb Code   264  ssd1306.o(i.ssd1306_Init)
    ssd1306_SetCursor                        0x08016c05   Thumb Code     8  ssd1306.o(i.ssd1306_SetCursor)
    ssd1306_UpdateScreen                     0x08016c11   Thumb Code   100  ssd1306.o(i.ssd1306_UpdateScreen)
    ssd1306_WriteChar                        0x08016c7d   Thumb Code   172  ssd1306.o(i.ssd1306_WriteChar)
    ssd1306_WriteString                      0x08016d59   Thumb Code    44  ssd1306.o(i.ssd1306_WriteString)
    uxListRemove                             0x08016f03   Thumb Code    40  list.o(i.uxListRemove)
    uxTaskGetSystemState                     0x08016f2d   Thumb Code   152  tasks.o(i.uxTaskGetSystemState)
    vApplicationGetIdleTaskMemory            0x08016fdd   Thumb Code    14  freertos.o(i.vApplicationGetIdleTaskMemory)
    vListInitialise                          0x08016ff5   Thumb Code    26  list.o(i.vListInitialise)
    vListInitialiseItem                      0x0801700f   Thumb Code     6  list.o(i.vListInitialiseItem)
    vListInsert                              0x08017015   Thumb Code    52  list.o(i.vListInsert)
    vListInsertEnd                           0x08017049   Thumb Code    24  list.o(i.vListInsertEnd)
    vPortEnterCritical                       0x08017061   Thumb Code    76  port.o(i.vPortEnterCritical)
    vPortExitCritical                        0x080170b5   Thumb Code    56  port.o(i.vPortExitCritical)
    vPortFree                                0x080170f1   Thumb Code   150  heap_4.o(i.vPortFree)
    vPortSetupTimerInterrupt                 0x08017195   Thumb Code    36  port.o(i.vPortSetupTimerInterrupt)
    vPortValidateInterruptPriority           0x080171bd   Thumb Code   106  port.o(i.vPortValidateInterruptPriority)
    vQueueDelete                             0x08017235   Thumb Code    50  queue.o(i.vQueueDelete)
    vQueueUnregisterQueue                    0x08017269   Thumb Code    44  queue.o(i.vQueueUnregisterQueue)
    vTaskDelay                               0x08017299   Thumb Code    82  tasks.o(i.vTaskDelay)
    vTaskGetInfo                             0x080172f5   Thumb Code   126  tasks.o(i.vTaskGetInfo)
    vTaskInternalSetTimeOutState             0x08017379   Thumb Code    14  tasks.o(i.vTaskInternalSetTimeOutState)
    vTaskList                                0x08017391   Thumb Code   200  tasks.o(i.vTaskList)
    vTaskMissedYield                         0x0801746d   Thumb Code     8  tasks.o(i.vTaskMissedYield)
    vTaskPlaceOnEventList                    0x08017479   Thumb Code    52  tasks.o(i.vTaskPlaceOnEventList)
    vTaskPriorityDisinheritAfterTimeout      0x080174b1   Thumb Code   216  tasks.o(i.vTaskPriorityDisinheritAfterTimeout)
    vTaskStartScheduler                      0x08017595   Thumb Code   146  tasks.o(i.vTaskStartScheduler)
    vTaskSuspendAll                          0x08017645   Thumb Code    12  tasks.o(i.vTaskSuspendAll)
    vTaskSwitchContext                       0x08017655   Thumb Code   118  tasks.o(i.vTaskSwitchContext)
    xPortGetFreeHeapSize                     0x08017735   Thumb Code     6  heap_4.o(i.xPortGetFreeHeapSize)
    xPortStartScheduler                      0x08017741   Thumb Code   330  port.o(i.xPortStartScheduler)
    xQueueGenericCreate                      0x080178a9   Thumb Code    90  queue.o(i.xQueueGenericCreate)
    xQueueGenericCreateStatic                0x08017903   Thumb Code   224  queue.o(i.xQueueGenericCreateStatic)
    xQueueGenericReset                       0x080179e5   Thumb Code   146  queue.o(i.xQueueGenericReset)
    xQueueGenericSend                        0x08017a7d   Thumb Code   420  queue.o(i.xQueueGenericSend)
    xQueueGenericSendFromISR                 0x08017c25   Thumb Code   252  queue.o(i.xQueueGenericSendFromISR)
    xQueueGiveFromISR                        0x08017d21   Thumb Code   224  queue.o(i.xQueueGiveFromISR)
    xQueueReceive                            0x08017e01   Thumb Code   356  queue.o(i.xQueueReceive)
    xQueueReceiveFromISR                     0x08017f69   Thumb Code   202  queue.o(i.xQueueReceiveFromISR)
    xQueueSemaphoreTake                      0x08018035   Thumb Code   434  queue.o(i.xQueueSemaphoreTake)
    xTaskCheckForTimeOut                     0x080181ed   Thumb Code   132  tasks.o(i.xTaskCheckForTimeOut)
    xTaskCreate                              0x08018279   Thumb Code   100  tasks.o(i.xTaskCreate)
    xTaskCreateStatic                        0x080182dd   Thumb Code   186  tasks.o(i.xTaskCreateStatic)
    xTaskGetSchedulerState                   0x08018399   Thumb Code    24  tasks.o(i.xTaskGetSchedulerState)
    xTaskGetTickCount                        0x080183b9   Thumb Code     6  tasks.o(i.xTaskGetTickCount)
    xTaskGetTickCountFromISR                 0x080183c5   Thumb Code    16  tasks.o(i.xTaskGetTickCountFromISR)
    xTaskIncrementTick                       0x080183d9   Thumb Code   282  tasks.o(i.xTaskIncrementTick)
    xTaskPriorityDisinherit                  0x08018521   Thumb Code   188  tasks.o(i.xTaskPriorityDisinherit)
    xTaskPriorityInherit                     0x080185e9   Thumb Code   172  tasks.o(i.xTaskPriorityInherit)
    xTaskRemoveFromEventList                 0x080186a1   Thumb Code   128  tasks.o(i.xTaskRemoveFromEventList)
    xTaskResumeAll                           0x08018739   Thumb Code   224  tasks.o(i.xTaskResumeAll)
    id410                                    0x0801883c   Data          12  bootloader.o(.constdata)
    id411                                    0x08018848   Data          36  bootloader.o(.constdata)
    id412                                    0x0801886c   Data          12  bootloader.o(.constdata)
    id413                                    0x08018878   Data          36  bootloader.o(.constdata)
    id414                                    0x0801889c   Data          12  bootloader.o(.constdata)
    Null_Menu                                0x08018d08   Data          28  displaymenu.o(.constdata)
    Boot_MAIN                                0x08019490   Data          28  freertos.o(.constdata)
    SDcard_MAIN                              0x080194ac   Data          28  freertos.o(.constdata)
    WIFI_MAIN                                0x080194c8   Data          28  freertos.o(.constdata)
    FTP_MAIN                                 0x080194e4   Data          28  freertos.o(.constdata)
    FIRMWARE_MAIN                            0x08019500   Data          28  freertos.o(.constdata)
    About_MAIN                               0x0801951c   Data          28  freertos.o(.constdata)
    DEINIT                                   0x08019538   Data          28  freertos.o(.constdata)
    INIT                                     0x08019554   Data          28  freertos.o(.constdata)
    init_BOOT                                0x08019570   Data          28  freertos.o(.constdata)
    erase_BOOT                               0x0801958c   Data          28  freertos.o(.constdata)
    Upload_BOOT                              0x080195a8   Data          28  freertos.o(.constdata)
    run_BOOT                                 0x080195c4   Data          28  freertos.o(.constdata)
    FullErase_UPLOAD                         0x080195e0   Data          28  freertos.o(.constdata)
    EraseSectors_UPLOAD                      0x080195fc   Data          28  freertos.o(.constdata)
    getList_SD                               0x08019618   Data          28  freertos.o(.constdata)
    Init_WIFI                                0x08019634   Data          28  freertos.o(.constdata)
    Networks_WIFI                            0x08019650   Data          28  freertos.o(.constdata)
    CustCommand                              0x0801966c   Data          28  freertos.o(.constdata)
    Keyboard_WIFI                            0x08019688   Data          28  freertos.o(.constdata)
    List_FTP                                 0x080196a4   Data          28  freertos.o(.constdata)
    New_FTP                                  0x080196c0   Data          28  freertos.o(.constdata)
    Adsress_NewFTP                           0x080196dc   Data          28  freertos.o(.constdata)
    Port_NewFTP                              0x080196f8   Data          28  freertos.o(.constdata)
    Login_NewFTP                             0x08019714   Data          28  freertos.o(.constdata)
    Password_NewFTP                          0x08019730   Data          28  freertos.o(.constdata)
    Path_NewFTP                              0x0801974c   Data          28  freertos.o(.constdata)
    Enter_NewFTP                             0x08019768   Data          28  freertos.o(.constdata)
    Info_NewFTP                              0x08019784   Data          28  freertos.o(.constdata)
    Delete_NewFTP                            0x080197a0   Data          28  freertos.o(.constdata)
    SD_Driver                                0x08019844   Data          20  sd_diskio.o(.constdata)
    AHBPrescTable                            0x08019870   Data          16  system_stm32f4xx.o(.constdata)
    APBPrescTable                            0x08019880   Data           8  system_stm32f4xx.o(.constdata)
    Region$$Table$$Base                      0x0801a4ac   Number         0  anon$$obj.o(Region$$Table)
    Region$$Table$$Limit                     0x0801a4dc   Number         0  anon$$obj.o(Region$$Table)
    g_pConnectedDeviceData                   0x20000000   Data           4  bootloader.o(.data)
    g_infoMessage                            0x2000000c   Data           4  displaymenu.o(.data)
    g_numberOfListItemsForShow               0x20000010   Data           2  displaymenu.o(.data)
    g_currentItemOfList                      0x20000012   Data           2  displaymenu.o(.data)
    g_typeList                               0x20000014   Data           1  displaymenu.o(.data)
    selectedMenuItem                         0x20000018   Data           4  displaymenu.o(.data)
    g_currentWindow                          0x2000001c   Data           1  displaymenu.o(.data)
    g_previousWindow                         0x2000001d   Data           1  displaymenu.o(.data)
    g_inputDestination                       0x20000020   Data           4  displaymenu.o(.data)
    g_blinkinCursor                          0x20000024   Data           1  displaymenu.o(.data)
    g_pressEnt                               0x20000028   Data           4  displaymenu.o(.data)
    g_pressR                                 0x2000002c   Data           4  displaymenu.o(.data)
    g_answerESP8266                          0x200001da   Data           1  esp8266_lib.o(.data)
    g_selectedFtpServer                      0x200001dc   Data           2  ftp.o(.data)
    g_dataTypeRingBuf                        0x200001de   Data           1  ringbuffer.o(.data)
    g_dataTypeRingBufAfterSize               0x200001df   Data           1  ringbuffer.o(.data)
    buttonUp                                 0x200001e4   Data           8  scanningbuttons.o(.data)
    buttonDown                               0x200001ec   Data           8  scanningbuttons.o(.data)
    buttonLeft                               0x200001f4   Data           8  scanningbuttons.o(.data)
    buttonRight                              0x200001fc   Data           8  scanningbuttons.o(.data)
    buttonEnter                              0x20000204   Data           8  scanningbuttons.o(.data)
    buttonFunction                           0x2000020c   Data           8  scanningbuttons.o(.data)
    Font_7x10                                0x20000218   Data           8  fonts.o(.data)
    batteryVoltage                           0x2000023c   Data           4  main.o(.data)
    HeapSize                                 0x20000244   Data           4  freertos.o(.data)
    defaultTaskHandle                        0x20000248   Data           4  freertos.o(.data)
    keyboardTaskHandle                       0x2000024c   Data           4  freertos.o(.data)
    displayTaskHandle                        0x20000250   Data           4  freertos.o(.data)
    ringBufferTaskHandle                     0x20000254   Data           4  freertos.o(.data)
    buttonsQueueHandle                       0x20000258   Data           4  freertos.o(.data)
    semRingBufHandle                         0x2000025c   Data           4  freertos.o(.data)
    xHigherPriorityTaskWoken                 0x20000260   Data           4  stm32f4xx_it.o(.data)
    retSD                                    0x2000026c   Data           1  fatfs.o(.data)
    SDPath                                   0x2000026d   Data           4  fatfs.o(.data)
    uwTick                                   0x20000274   Data           4  stm32f4xx_hal.o(.data)
    uwTickPrio                               0x20000278   Data           4  stm32f4xx_hal.o(.data)
    uwTickFreq                               0x2000027c   Data           1  stm32f4xx_hal.o(.data)
    SystemCoreClock                          0x20000280   Data           4  system_stm32f4xx.o(.data)
    pxCurrentTCB                             0x2000028c   Data           4  tasks.o(.data)
    __stdout                                 0x200002f4   Data           4  stdout.o(.data)
    __stderr                                 0x200002f8   Data           4  stderr.o(.data)
    __microlib_freelist                      0x200002fc   Data           4  mvars.o(.data)
    __microlib_freelist_initialised          0x20000300   Data           4  mvars.o(.data)
    sectorNumbersForErase                    0x20000304   Data         256  bootloader.o(.bss)
    g_infoMessageArr                         0x20000420   Data          90  displaymenu.o(.bss)
    g_rowOfListForScreen                     0x2000047a   Data       10240  displaymenu.o(.bss)
    g_fileInfo                               0x20002c80   Data        1600  displaymenu.o(.bss)
    g_inputField                             0x200032c0   Data         256  displaymenu.o(.bss)
    g_unionWifi                              0x200033d0   Data        2368  esp8266_lib.o(.bss)
    unionFtp                                 0x20004710   Data       10320  ftp.o(.bss)
    g_stringAnswer                           0x20006f60   Data         258  ringbuffer.o(.bss)
    selectedFileToUpload                     0x2000a350   Data         512  sd_card.o(.bss)
    g_fileToTransfer                         0x2000aac0   Data          16  freertos.o(.bss)
    vTaskList_data                           0x2000aad0   Data        1024  freertos.o(.bss)
    hadc1                                    0x2000b12c   Data          72  adc.o(.bss)
    hi2c1                                    0x2000b174   Data          84  i2c.o(.bss)
    hsd                                      0x2000b1c8   Data         132  sdio.o(.bss)
    hdma_sdio_rx                             0x2000b24c   Data          96  sdio.o(.bss)
    hdma_sdio_tx                             0x2000b2ac   Data          96  sdio.o(.bss)
    htim2                                    0x2000b30c   Data          72  tim.o(.bss)
    htim3                                    0x2000b354   Data          72  tim.o(.bss)
    huart2                                   0x2000b39c   Data          68  usart.o(.bss)
    huart6                                   0x2000b3e0   Data          68  usart.o(.bss)
    hdma_usart6_rx                           0x2000b424   Data          96  usart.o(.bss)
    htim1                                    0x2000b484   Data          72  stm32f4xx_hal_timebase_tim.o(.bss)
    pFlash                                   0x2000b4cc   Data          32  stm32f4xx_hal_flash.o(.bss)
    disk                                     0x2000b50c   Data          12  ff_gen_drv.o(.bss)
    xQueueRegistry                           0x2000b518   Data          64  queue.o(.bss)
    __heap_base                              0x2000cdb8   Data           0  startup_stm32f411xe.o(HEAP)
    __heap_limit                             0x2000fdb8   Data           0  startup_stm32f411xe.o(HEAP)
    __initial_sp                             0x20012db8   Data           0  startup_stm32f411xe.o(STACK)
    g_receiveBuffer                          0x2001e000   Data        7170  ringbuffer.o(RING_BUFFER)



==============================================================================

Memory Map of the image

  Image Entry point : 0x08008199

  Load Region LR_IROM1 (Base: 0x08008000, Size: 0x000143e4, Max: 0x00078000, ABSOLUTE, COMPRESSED[0x00012668])

    Execution Region ER_IROM1 (Exec base: 0x08008000, Load base: 0x08008000, Size: 0x000124dc, Max: 0x00078000, ABSOLUTE)

    Exec Addr    Load Addr    Size         Type   Attr      Idx    E Section Name        Object

    0x08008000   0x08008000   0x00000198   Data   RO            3    RESET               startup_stm32f411xe.o
    0x08008198   0x08008198   0x00000000   Code   RO         8017  * .ARM.Collect$$$$00000000  mc_w.l(entry.o)
    0x08008198   0x08008198   0x00000004   Code   RO         8343    .ARM.Collect$$$$00000001  mc_w.l(entry2.o)
    0x0800819c   0x0800819c   0x00000004   Code   RO         8346    .ARM.Collect$$$$00000004  mc_w.l(entry5.o)
    0x080081a0   0x080081a0   0x00000000   Code   RO         8348    .ARM.Collect$$$$00000008  mc_w.l(entry7b.o)
    0x080081a0   0x080081a0   0x00000000   Code   RO         8350    .ARM.Collect$$$$0000000A  mc_w.l(entry8b.o)
    0x080081a0   0x080081a0   0x00000008   Code   RO         8351    .ARM.Collect$$$$0000000B  mc_w.l(entry9a.o)
    0x080081a8   0x080081a8   0x00000000   Code   RO         8353    .ARM.Collect$$$$0000000D  mc_w.l(entry10a.o)
    0x080081a8   0x080081a8   0x00000000   Code   RO         8355    .ARM.Collect$$$$0000000F  mc_w.l(entry11a.o)
    0x080081a8   0x080081a8   0x00000004   Code   RO         8344    .ARM.Collect$$$$00002712  mc_w.l(entry2.o)
    0x080081ac   0x080081ac   0x000000be   Code   RO         7862    .emb_text           port.o
    0x0800826a   0x0800826a   0x00000002   PAD
    0x0800826c   0x0800826c   0x00000054   Code   RO            4    .text               startup_stm32f411xe.o
    0x080082c0   0x080082c0   0x00000062   Code   RO         8026    .text               mc_w.l(uldiv.o)
    0x08008322   0x08008322   0x00000024   Code   RO         8028    .text               mc_w.l(memcpya.o)
    0x08008346   0x08008346   0x00000024   Code   RO         8032    .text               mc_w.l(memseta.o)
    0x0800836a   0x0800836a   0x00000018   Code   RO         8034    .text               mc_w.l(strcat.o)
    0x08008382   0x08008382   0x00000018   Code   RO         8036    .text               mc_w.l(strncpy.o)
    0x0800839a   0x0800839a   0x0000000e   Code   RO         8038    .text               mc_w.l(strlen.o)
    0x080083a8   0x080083a8   0x0000001c   Code   RO         8040    .text               mc_w.l(strcmp.o)
    0x080083c4   0x080083c4   0x00000028   Code   RO         8042    .text               mc_w.l(strncat.o)
    0x080083ec   0x080083ec   0x00000012   Code   RO         8044    .text               mc_w.l(strcpy.o)
    0x080083fe   0x080083fe   0x000000de   Code   RO         8337    .text               mf_w.l(ddiv.o)
    0x080084dc   0x080084dc   0x0000001c   Code   RO         8339    .text               mf_w.l(ffltul.o)
    0x080084f8   0x080084f8   0x00000018   Code   RO         8341    .text               mf_w.l(dfltul.o)
    0x08008510   0x08008510   0x0000002c   Code   RO         8357    .text               mc_w.l(uidiv.o)
    0x0800853c   0x0800853c   0x0000001e   Code   RO         8359    .text               mc_w.l(llshl.o)
    0x0800855a   0x0800855a   0x00000020   Code   RO         8361    .text               mc_w.l(llushr.o)
    0x0800857a   0x0800857a   0x00000000   Code   RO         8365    .text               mc_w.l(iusefp.o)
    0x0800857a   0x0800857a   0x0000006e   Code   RO         8366    .text               mf_w.l(fepilogue.o)
    0x080085e8   0x080085e8   0x000000ba   Code   RO         8368    .text               mf_w.l(depilogue.o)
    0x080086a2   0x080086a2   0x0000014e   Code   RO         8370    .text               mf_w.l(dadd.o)
    0x080087f0   0x080087f0   0x000000e4   Code   RO         8372    .text               mf_w.l(dmul.o)
    0x080088d4   0x080088d4   0x00000030   Code   RO         8374    .text               mf_w.l(dfixul.o)
    0x08008904   0x08008904   0x00000030   Code   RO         8376    .text               mf_w.l(cdrcmple.o)
    0x08008934   0x08008934   0x00000024   Code   RO         8378    .text               mc_w.l(init.o)
    0x08008958   0x08008958   0x00000024   Code   RO         8380    .text               mc_w.l(llsshr.o)
    0x0800897c   0x0800897c   0x00000056   Code   RO         8390    .text               mc_w.l(__dczerorl2.o)
    0x080089d2   0x080089d2   0x00000002   PAD
    0x080089d4   0x080089d4   0x00000018   Code   RO         1535    i.ADC_IRQHandler    stm32f4xx_it.o
    0x080089ec   0x080089ec   0x00000160   Code   RO         1948    i.ADC_Init          stm32f4xx_hal_adc.o
    0x08008b4c   0x08008b4c   0x00000002   Code   RO         1707    i.BSP_SD_AbortCallback  bsp_driver_sd.o
    0x08008b4e   0x08008b4e   0x00000002   PAD
    0x08008b50   0x08008b50   0x00000014   Code   RO         1710    i.BSP_SD_GetCardInfo  bsp_driver_sd.o
    0x08008b64   0x08008b64   0x00000018   Code   RO         1711    i.BSP_SD_GetCardState  bsp_driver_sd.o
    0x08008b7c   0x08008b7c   0x00000030   Code   RO         1713    i.BSP_SD_Init       bsp_driver_sd.o
    0x08008bac   0x08008bac   0x0000000c   Code   RO         1714    i.BSP_SD_IsDetected  bsp_driver_sd.o
    0x08008bb8   0x08008bb8   0x00000028   Code   RO         1716    i.BSP_SD_ReadBlocks_DMA  bsp_driver_sd.o
    0x08008be0   0x08008be0   0x00000014   Code   RO         1828    i.BSP_SD_ReadCpltCallback  sd_diskio.o
    0x08008bf4   0x08008bf4   0x00000028   Code   RO         1719    i.BSP_SD_WriteBlocks_DMA  bsp_driver_sd.o
    0x08008c1c   0x08008c1c   0x00000014   Code   RO         1829    i.BSP_SD_WriteCpltCallback  sd_diskio.o
    0x08008c30   0x08008c30   0x00000018   Code   RO          306    i.ClearInputField   displaymenu.o
    0x08008c48   0x08008c48   0x00000034   Code   RO          307    i.DISPLAY_AboutVersion  displaymenu.o
    0x08008c7c   0x08008c7c   0x000001cc   Code   RO          308    i.DISPLAY_AddCharToInputField  displaymenu.o
    0x08008e48   0x08008e48   0x00000038   Code   RO          309    i.DISPLAY_GoToSpecifiedWindow  displaymenu.o
    0x08008e80   0x08008e80   0x00000074   Code   RO          310    i.DISPLAY_MovingString  displaymenu.o
    0x08008ef4   0x08008ef4   0x00000028   Code   RO          311    i.DISPLAY_PrintString  displaymenu.o
    0x08008f1c   0x08008f1c   0x00000044   Code   RO          312    i.DISPLAY_SelectTheCharacterToTheDown  displaymenu.o
    0x08008f60   0x08008f60   0x00000044   Code   RO          313    i.DISPLAY_SelectTheCharacterToTheLeft  displaymenu.o
    0x08008fa4   0x08008fa4   0x00000044   Code   RO          314    i.DISPLAY_SelectTheCharacterToTheRight  displaymenu.o
    0x08008fe8   0x08008fe8   0x00000044   Code   RO          315    i.DISPLAY_SelectTheCharacterToTheUp  displaymenu.o
    0x0800902c   0x0800902c   0x00000288   Code   RO          316    i.DISPLAY_ShowAdditionalFileInformation  displaymenu.o
    0x080092b4   0x080092b4   0x000000cc   Code   RO          317    i.DISPLAY_ShowAdditionalNetworkInformation  displaymenu.o
    0x08009380   0x08009380   0x000002e8   Code   RO          318    i.DISPLAY_ShowGeneralInformationForLists  displaymenu.o
    0x08009668   0x08009668   0x0000013c   Code   RO          319    i.DISPLAY_ShowInfo  displaymenu.o
    0x080097a4   0x080097a4   0x000001a4   Code   RO          320    i.DISPLAY_ShowKeyboard  displaymenu.o
    0x08009948   0x08009948   0x000001b0   Code   RO          321    i.DISPLAY_ShowList  displaymenu.o
    0x08009af8   0x08009af8   0x00000098   Code   RO          322    i.DISPLAY_ShowLoading  displaymenu.o
    0x08009b90   0x08009b90   0x00000274   Code   RO          323    i.DISPLAY_ShowMenu  displaymenu.o
    0x08009e04   0x08009e04   0x00000088   Code   RO          324    i.DISPLAY_ShowWaiting  displaymenu.o
    0x08009e8c   0x08009e8c   0x0000001c   Code   RO          325    i.DISPLAY_SwitchKeyboardLayout  displaymenu.o
    0x08009ea8   0x08009ea8   0x00000060   Code   RO         1536    i.DMA2_Stream1_IRQHandler  stm32f4xx_it.o
    0x08009f08   0x08009f08   0x00000010   Code   RO         1537    i.DMA2_Stream3_IRQHandler  stm32f4xx_it.o
    0x08009f18   0x08009f18   0x00000010   Code   RO         1538    i.DMA2_Stream6_IRQHandler  stm32f4xx_it.o
    0x08009f28   0x08009f28   0x00000034   Code   RO         2791    i.DMA_CalcBaseAndBitshift  stm32f4xx_hal_dma.o
    0x08009f5c   0x08009f5c   0x000000aa   Code   RO         2792    i.DMA_CheckFifoParam  stm32f4xx_hal_dma.o
    0x0800a006   0x0800a006   0x0000002c   Code   RO         2793    i.DMA_SetConfig     stm32f4xx_hal_dma.o
    0x0800a032   0x0800a032   0x00000002   Code   RO         1539    i.DebugMon_Handler  stm32f4xx_it.o
    0x0800a034   0x0800a034   0x0000004c   Code   RO          499    i.ESP8266_CheckConnection  esp8266_lib.o
    0x0800a080   0x0800a080   0x00000050   Code   RO          500    i.ESP8266_CheckForPassword  esp8266_lib.o
    0x0800a0d0   0x0800a0d0   0x00000168   Code   RO          501    i.ESP8266_ConnectViaWifi  esp8266_lib.o
    0x0800a238   0x0800a238   0x0000005c   Code   RO          502    i.ESP8266_DEinit_uart  esp8266_lib.o
    0x0800a294   0x0800a294   0x000001a4   Code   RO          503    i.ESP8266_EnterPasswordForNetwork  esp8266_lib.o
    0x0800a438   0x0800a438   0x00000088   Code   RO          504    i.ESP8266_EstablishWifiConnection  esp8266_lib.o
    0x0800a4c0   0x0800a4c0   0x00000140   Code   RO          505    i.ESP8266_GetFileViaFtp  esp8266_lib.o
    0x0800a600   0x0800a600   0x000001a4   Code   RO          506    i.ESP8266_GetListOfFilesViaFtp  esp8266_lib.o
    0x0800a7a4   0x0800a7a4   0x000000e4   Code   RO          507    i.ESP8266_GetNetworksList  esp8266_lib.o
    0x0800a888   0x0800a888   0x000000c0   Code   RO          508    i.ESP8266_GoToParentDirectoryFTP  esp8266_lib.o
    0x0800a948   0x0800a948   0x00000040   Code   RO          509    i.ESP8266_Init      esp8266_lib.o
    0x0800a988   0x0800a988   0x000001c8   Code   RO          510    i.ESP8266_OpenFolderOrSelectFileFTP  esp8266_lib.o
    0x0800ab50   0x0800ab50   0x00000048   Code   RO          511    i.ESP8266_ReceiveAnswer  esp8266_lib.o
    0x0800ab98   0x0800ab98   0x00000060   Code   RO          512    i.ESP8266_ShowListOfFiles  esp8266_lib.o
    0x0800abf8   0x0800abf8   0x0000006c   Code   RO          513    i.ESP8266_ShowNetworksList  esp8266_lib.o
    0x0800ac64   0x0800ac64   0x00000040   Code   RO          514    i.ESP8266_TransmitCommand  esp8266_lib.o
    0x0800aca4   0x0800aca4   0x0000006c   Code   RO          515    i.ESP8266_init_uart  esp8266_lib.o
    0x0800ad10   0x0800ad10   0x00000006   Code   RO         1103    i.Error_Handler     main.o
    0x0800ad16   0x0800ad16   0x00000012   Code   RO         6379    i.FATFS_LinkDriver  ff_gen_drv.o
    0x0800ad28   0x0800ad28   0x00000054   Code   RO         6380    i.FATFS_LinkDriverEx  ff_gen_drv.o
    0x0800ad7c   0x0800ad7c   0x0000005c   Code   RO         2503    i.FLASH_Erase_Sector  stm32f4xx_hal_flash_ex.o
    0x0800add8   0x0800add8   0x00000078   Code   RO         2504    i.FLASH_FlushCaches  stm32f4xx_hal_flash_ex.o
    0x0800ae50   0x0800ae50   0x00000030   Code   RO         2505    i.FLASH_MassErase   stm32f4xx_hal_flash_ex.o
    0x0800ae80   0x0800ae80   0x00000024   Code   RO         2385    i.FLASH_Program_Byte  stm32f4xx_hal_flash.o
    0x0800aea4   0x0800aea4   0x0000003c   Code   RO         2386    i.FLASH_Program_DoubleWord  stm32f4xx_hal_flash.o
    0x0800aee0   0x0800aee0   0x00000028   Code   RO         2387    i.FLASH_Program_HalfWord  stm32f4xx_hal_flash.o
    0x0800af08   0x0800af08   0x00000028   Code   RO         2388    i.FLASH_Program_Word  stm32f4xx_hal_flash.o
    0x0800af30   0x0800af30   0x000000b4   Code   RO         2389    i.FLASH_SetErrorCode  stm32f4xx_hal_flash.o
    0x0800afe4   0x0800afe4   0x00000064   Code   RO         2390    i.FLASH_WaitForLastOperation  stm32f4xx_hal_flash.o
    0x0800b048   0x0800b048   0x000000ac   Code   RO          633    i.FTP_AddNewFtpAdress  ftp.o
    0x0800b0f4   0x0800b0f4   0x00000078   Code   RO          634    i.FTP_AddNewFtpLogin  ftp.o
    0x0800b16c   0x0800b16c   0x00000078   Code   RO          635    i.FTP_AddNewFtpPassword  ftp.o
    0x0800b1e4   0x0800b1e4   0x00000060   Code   RO          636    i.FTP_AddNewFtpPath  ftp.o
    0x0800b244   0x0800b244   0x00000078   Code   RO          637    i.FTP_AddNewFtpPort  ftp.o
    0x0800b2bc   0x0800b2bc   0x000000d4   Code   RO          638    i.FTP_ConfirmInputNewFtpServer  ftp.o
    0x0800b390   0x0800b390   0x0000009c   Code   RO          639    i.FTP_DeleteCurrent  ftp.o
    0x0800b42c   0x0800b42c   0x00000018   Code   RO          640    i.FTP_GetSettingSelectedFtpServer  ftp.o
    0x0800b444   0x0800b444   0x00000030   Code   RO          641    i.FTP_InfoAboutConnection  ftp.o
    0x0800b474   0x0800b474   0x00000044   Code   RO          642    i.FTP_SelectFtpServer  ftp.o
    0x0800b4b8   0x0800b4b8   0x00000064   Code   RO          643    i.FTP_ShowFtpList   ftp.o
    0x0800b51c   0x0800b51c   0x00000054   Code   RO          644    i.FTP_WriteFtpListToScreenList  ftp.o
    0x0800b570   0x0800b570   0x000001a4   Code   RO         1950    i.HAL_ADC_ConfigChannel  stm32f4xx_hal_adc.o
    0x0800b714   0x0800b714   0x00000008   Code   RO         1957    i.HAL_ADC_GetValue  stm32f4xx_hal_adc.o
    0x0800b71c   0x0800b71c   0x00000068   Code   RO         1959    i.HAL_ADC_Init      stm32f4xx_hal_adc.o
    0x0800b784   0x0800b784   0x00000090   Code   RO         1290    i.HAL_ADC_MspInit   adc.o
    0x0800b814   0x0800b814   0x00000124   Code   RO         1967    i.HAL_ADC_Start_IT  stm32f4xx_hal_adc.o
    0x0800b938   0x0800b938   0x000000aa   Code   RO         2794    i.HAL_DMA_Abort     stm32f4xx_hal_dma.o
    0x0800b9e2   0x0800b9e2   0x00000028   Code   RO         2795    i.HAL_DMA_Abort_IT  stm32f4xx_hal_dma.o
    0x0800ba0a   0x0800ba0a   0x00000070   Code   RO         2796    i.HAL_DMA_DeInit    stm32f4xx_hal_dma.o
    0x0800ba7a   0x0800ba7a   0x00000006   Code   RO         2797    i.HAL_DMA_GetError  stm32f4xx_hal_dma.o
    0x0800ba80   0x0800ba80   0x00000240   Code   RO         2799    i.HAL_DMA_IRQHandler  stm32f4xx_hal_dma.o
    0x0800bcc0   0x0800bcc0   0x000000ec   Code   RO         2800    i.HAL_DMA_Init      stm32f4xx_hal_dma.o
    0x0800bdac   0x0800bdac   0x00000092   Code   RO         2804    i.HAL_DMA_Start_IT  stm32f4xx_hal_dma.o
    0x0800be3e   0x0800be3e   0x00000002   PAD
    0x0800be40   0x0800be40   0x00000028   Code   RO         3242    i.HAL_Delay         stm32f4xx_hal.o
    0x0800be68   0x0800be68   0x000000ac   Code   RO         2519    i.HAL_FLASHEx_Erase  stm32f4xx_hal_flash_ex.o
    0x0800bf14   0x0800bf14   0x00000014   Code   RO         2394    i.HAL_FLASH_Lock    stm32f4xx_hal_flash.o
    0x0800bf28   0x0800bf28   0x00000098   Code   RO         2399    i.HAL_FLASH_Program  stm32f4xx_hal_flash.o
    0x0800bfc0   0x0800bfc0   0x00000034   Code   RO         2401    i.HAL_FLASH_Unlock  stm32f4xx_hal_flash.o
    0x0800bff4   0x0800bff4   0x00000138   Code   RO         2684    i.HAL_GPIO_DeInit   stm32f4xx_hal_gpio.o
    0x0800c12c   0x0800c12c   0x000001d8   Code   RO         2687    i.HAL_GPIO_Init     stm32f4xx_hal_gpio.o
    0x0800c304   0x0800c304   0x00000010   Code   RO         2689    i.HAL_GPIO_ReadPin  stm32f4xx_hal_gpio.o
    0x0800c314   0x0800c314   0x00000014   Code   RO         2690    i.HAL_GPIO_TogglePin  stm32f4xx_hal_gpio.o
    0x0800c328   0x0800c328   0x0000000c   Code   RO         2691    i.HAL_GPIO_WritePin  stm32f4xx_hal_gpio.o
    0x0800c334   0x0800c334   0x0000000c   Code   RO         3248    i.HAL_GetTick       stm32f4xx_hal.o
    0x0800c340   0x0800c340   0x000001d0   Code   RO         3504    i.HAL_I2C_Init      stm32f4xx_hal_i2c.o
    0x0800c510   0x0800c510   0x00000164   Code   RO         3525    i.HAL_I2C_Mem_Write  stm32f4xx_hal_i2c.o
    0x0800c674   0x0800c674   0x00000088   Code   RO         1356    i.HAL_I2C_MspInit   i2c.o
    0x0800c6fc   0x0800c6fc   0x00000018   Code   RO         3254    i.HAL_IncTick       stm32f4xx_hal.o
    0x0800c714   0x0800c714   0x0000003c   Code   RO         3255    i.HAL_Init          stm32f4xx_hal.o
    0x0800c750   0x0800c750   0x0000008c   Code   RO         1668    i.HAL_InitTick      stm32f4xx_hal_timebase_tim.o
    0x0800c7dc   0x0800c7dc   0x00000054   Code   RO         1644    i.HAL_MspInit       stm32f4xx_hal_msp.o
    0x0800c830   0x0800c830   0x00000044   Code   RO         3099    i.HAL_NVIC_DisableIRQ  stm32f4xx_hal_cortex.o
    0x0800c874   0x0800c874   0x00000020   Code   RO         3100    i.HAL_NVIC_EnableIRQ  stm32f4xx_hal_cortex.o
    0x0800c894   0x0800c894   0x0000007c   Code   RO         3106    i.HAL_NVIC_SetPriority  stm32f4xx_hal_cortex.o
    0x0800c910   0x0800c910   0x00000028   Code   RO         3107    i.HAL_NVIC_SetPriorityGrouping  stm32f4xx_hal_cortex.o
    0x0800c938   0x0800c938   0x00000184   Code   RO         2224    i.HAL_RCC_ClockConfig  stm32f4xx_hal_rcc.o
    0x0800cabc   0x0800cabc   0x00000044   Code   RO         2228    i.HAL_RCC_GetClockConfig  stm32f4xx_hal_rcc.o
    0x0800cb00   0x0800cb00   0x0000000c   Code   RO         2229    i.HAL_RCC_GetHCLKFreq  stm32f4xx_hal_rcc.o
    0x0800cb0c   0x0800cb0c   0x00000020   Code   RO         2231    i.HAL_RCC_GetPCLK1Freq  stm32f4xx_hal_rcc.o
    0x0800cb2c   0x0800cb2c   0x00000020   Code   RO         2232    i.HAL_RCC_GetPCLK2Freq  stm32f4xx_hal_rcc.o
    0x0800cb4c   0x0800cb4c   0x000000b0   Code   RO         2233    i.HAL_RCC_GetSysClockFreq  stm32f4xx_hal_rcc.o
    0x0800cbfc   0x0800cbfc   0x0000049c   Code   RO         2236    i.HAL_RCC_OscConfig  stm32f4xx_hal_rcc.o
    0x0800d098   0x0800d098   0x0000000a   Code   RO         1721    i.HAL_SD_AbortCallback  bsp_driver_sd.o
    0x0800d0a2   0x0800d0a2   0x00000002   PAD
    0x0800d0a4   0x0800d0a4   0x000000c8   Code   RO         4280    i.HAL_SD_ConfigWideBusOperation  stm32f4xx_hal_sd.o
    0x0800d16c   0x0800d16c   0x00000002   Code   RO         4283    i.HAL_SD_ErrorCallback  stm32f4xx_hal_sd.o
    0x0800d16e   0x0800d16e   0x00000002   PAD
    0x0800d170   0x0800d170   0x000001c8   Code   RO         4285    i.HAL_SD_GetCardCSD  stm32f4xx_hal_sd.o
    0x0800d338   0x0800d338   0x00000026   Code   RO         4286    i.HAL_SD_GetCardInfo  stm32f4xx_hal_sd.o
    0x0800d35e   0x0800d35e   0x00000024   Code   RO         4287    i.HAL_SD_GetCardState  stm32f4xx_hal_sd.o
    0x0800d382   0x0800d382   0x00000002   PAD
    0x0800d384   0x0800d384   0x0000021c   Code   RO         4291    i.HAL_SD_IRQHandler  stm32f4xx_hal_sd.o
    0x0800d5a0   0x0800d5a0   0x0000003c   Code   RO         4292    i.HAL_SD_Init       stm32f4xx_hal_sd.o
    0x0800d5dc   0x0800d5dc   0x000000ac   Code   RO         4293    i.HAL_SD_InitCard   stm32f4xx_hal_sd.o
    0x0800d688   0x0800d688   0x0000018c   Code   RO         1398    i.HAL_SD_MspInit    sdio.o
    0x0800d814   0x0800d814   0x00000150   Code   RO         4297    i.HAL_SD_ReadBlocks_DMA  stm32f4xx_hal_sd.o
    0x0800d964   0x0800d964   0x0000000a   Code   RO         1722    i.HAL_SD_RxCpltCallback  bsp_driver_sd.o
    0x0800d96e   0x0800d96e   0x0000000a   Code   RO         1723    i.HAL_SD_TxCpltCallback  bsp_driver_sd.o
    0x0800d978   0x0800d978   0x00000154   Code   RO         4302    i.HAL_SD_WriteBlocks_DMA  stm32f4xx_hal_sd.o
    0x0800dacc   0x0800dacc   0x00000002   Code   RO         5249    i.HAL_TIMEx_BreakCallback  stm32f4xx_hal_tim_ex.o
    0x0800dace   0x0800dace   0x00000002   Code   RO         5250    i.HAL_TIMEx_CommutCallback  stm32f4xx_hal_tim_ex.o
    0x0800dad0   0x0800dad0   0x0000009c   Code   RO         5268    i.HAL_TIMEx_MasterConfigSynchronization  stm32f4xx_hal_tim_ex.o
    0x0800db6c   0x0800db6c   0x00000066   Code   RO         4534    i.HAL_TIM_Base_Init  stm32f4xx_hal_tim.o
    0x0800dbd2   0x0800dbd2   0x00000002   PAD
    0x0800dbd4   0x0800dbd4   0x00000070   Code   RO         1440    i.HAL_TIM_Base_MspInit  tim.o
    0x0800dc44   0x0800dc44   0x00000084   Code   RO         4537    i.HAL_TIM_Base_Start  stm32f4xx_hal_tim.o
    0x0800dcc8   0x0800dcc8   0x00000090   Code   RO         4539    i.HAL_TIM_Base_Start_IT  stm32f4xx_hal_tim.o
    0x0800dd58   0x0800dd58   0x00000108   Code   RO         4543    i.HAL_TIM_ConfigClockSource  stm32f4xx_hal_tim.o
    0x0800de60   0x0800de60   0x00000002   Code   RO         4568    i.HAL_TIM_IC_CaptureCallback  stm32f4xx_hal_tim.o
    0x0800de62   0x0800de62   0x00000196   Code   RO         4582    i.HAL_TIM_IRQHandler  stm32f4xx_hal_tim.o
    0x0800dff8   0x0800dff8   0x00000002   Code   RO         4585    i.HAL_TIM_OC_DelayElapsedCallback  stm32f4xx_hal_tim.o
    0x0800dffa   0x0800dffa   0x00000002   Code   RO         4612    i.HAL_TIM_PWM_PulseFinishedCallback  stm32f4xx_hal_tim.o
    0x0800dffc   0x0800dffc   0x00000018   Code   RO         1104    i.HAL_TIM_PeriodElapsedCallback  main.o
    0x0800e014   0x0800e014   0x00000002   Code   RO         4625    i.HAL_TIM_TriggerCallback  stm32f4xx_hal_tim.o
    0x0800e016   0x0800e016   0x00000002   Code   RO         5527    i.HAL_UARTEx_RxEventCallback  stm32f4xx_hal_uart.o
    0x0800e018   0x0800e018   0x0000003c   Code   RO         5540    i.HAL_UART_DeInit   stm32f4xx_hal_uart.o
    0x0800e054   0x0800e054   0x00000002   Code   RO         5541    i.HAL_UART_ErrorCallback  stm32f4xx_hal_uart.o
    0x0800e056   0x0800e056   0x00000002   PAD
    0x0800e058   0x0800e058   0x00000250   Code   RO         5544    i.HAL_UART_IRQHandler  stm32f4xx_hal_uart.o
    0x0800e2a8   0x0800e2a8   0x00000072   Code   RO         5545    i.HAL_UART_Init     stm32f4xx_hal_uart.o
    0x0800e31a   0x0800e31a   0x00000002   PAD
    0x0800e31c   0x0800e31c   0x00000068   Code   RO         1487    i.HAL_UART_MspDeInit  usart.o
    0x0800e384   0x0800e384   0x00000164   Code   RO         1488    i.HAL_UART_MspInit  usart.o
    0x0800e4e8   0x0800e4e8   0x000000dc   Code   RO         5548    i.HAL_UART_Receive  stm32f4xx_hal_uart.o
    0x0800e5c4   0x0800e5c4   0x00000042   Code   RO         5549    i.HAL_UART_Receive_DMA  stm32f4xx_hal_uart.o
    0x0800e606   0x0800e606   0x00000002   Code   RO         5551    i.HAL_UART_RxCpltCallback  stm32f4xx_hal_uart.o
    0x0800e608   0x0800e608   0x00000002   Code   RO         5552    i.HAL_UART_RxHalfCpltCallback  stm32f4xx_hal_uart.o
    0x0800e60a   0x0800e60a   0x000000d2   Code   RO         5553    i.HAL_UART_Transmit  stm32f4xx_hal_uart.o
    0x0800e6dc   0x0800e6dc   0x00000002   Code   RO         5556    i.HAL_UART_TxCpltCallback  stm32f4xx_hal_uart.o
    0x0800e6de   0x0800e6de   0x0000003e   Code   RO         3547    i.I2C_IsAcknowledgeFailed  stm32f4xx_hal_i2c.o
    0x0800e71c   0x0800e71c   0x000000e0   Code   RO         3559    i.I2C_RequestMemoryWrite  stm32f4xx_hal_i2c.o
    0x0800e7fc   0x0800e7fc   0x0000005c   Code   RO         3567    i.I2C_WaitOnBTFFlagUntilTimeout  stm32f4xx_hal_i2c.o
    0x0800e858   0x0800e858   0x00000086   Code   RO         3568    i.I2C_WaitOnFlagUntilTimeout  stm32f4xx_hal_i2c.o
    0x0800e8de   0x0800e8de   0x000000c4   Code   RO         3569    i.I2C_WaitOnMasterAddressFlagUntilTimeout  stm32f4xx_hal_i2c.o
    0x0800e9a2   0x0800e9a2   0x0000005c   Code   RO         3573    i.I2C_WaitOnTXEFlagUntilTimeout  stm32f4xx_hal_i2c.o
    0x0800e9fe   0x0800e9fe   0x00000002   PAD
    0x0800ea00   0x0800ea00   0x00000030   Code   RO         7940    i.ITM_SendChar      retarget_io.o
    0x0800ea30   0x0800ea30   0x0000000e   Code   RO          326    i.KeyboardMenu      displaymenu.o
    0x0800ea3e   0x0800ea3e   0x00000002   PAD
    0x0800ea40   0x0800ea40   0x00000070   Code   RO         1291    i.MX_ADC1_Init      adc.o
    0x0800eab0   0x0800eab0   0x00000058   Code   RO         1331    i.MX_DMA_Init       dma.o
    0x0800eb08   0x0800eb08   0x0000001c   Code   RO         1908    i.MX_FATFS_Init     fatfs.o
    0x0800eb24   0x0800eb24   0x000000b0   Code   RO         1207    i.MX_FREERTOS_Init  freertos.o
    0x0800ebd4   0x0800ebd4   0x00000138   Code   RO         1183    i.MX_GPIO_Init      gpio.o
    0x0800ed0c   0x0800ed0c   0x0000003c   Code   RO         1357    i.MX_I2C1_Init      i2c.o
    0x0800ed48   0x0800ed48   0x00000028   Code   RO         1399    i.MX_SDIO_SD_Init   sdio.o
    0x0800ed70   0x0800ed70   0x00000070   Code   RO         1441    i.MX_TIM2_Init      tim.o
    0x0800ede0   0x0800ede0   0x00000070   Code   RO         1442    i.MX_TIM3_Init      tim.o
    0x0800ee50   0x0800ee50   0x00000040   Code   RO         1489    i.MX_USART2_UART_Init  usart.o
    0x0800ee90   0x0800ee90   0x00000038   Code   RO         1490    i.MX_USART6_UART_Init  usart.o
    0x0800eec8   0x0800eec8   0x00000020   Code   RO         1540    i.MemManage_Handler  stm32f4xx_it.o
    0x0800eee8   0x0800eee8   0x00000004   Code   RO         1541    i.NMI_Handler       stm32f4xx_it.o
    0x0800eeec   0x0800eeec   0x00000018   Code   RO           13    i.PROGRAMMER_ClearSectorNumbersForErase  bootloader.o
    0x0800ef04   0x0800ef04   0x00000048   Code   RO           14    i.PROGRAMMER_EraseMemory  bootloader.o
    0x0800ef4c   0x0800ef4c   0x000000ec   Code   RO           15    i.PROGRAMMER_EraseMemorySectors  bootloader.o
    0x0800f038   0x0800f038   0x00000098   Code   RO           16    i.PROGRAMMER_FullEraseMemory  bootloader.o
    0x0800f0d0   0x0800f0d0   0x0000020c   Code   RO           17    i.PROGRAMMER_GetAddressesOfSectorsToCleanUp  bootloader.o
    0x0800f2dc   0x0800f2dc   0x00000038   Code   RO           18    i.PROGRAMMER_GetCurrentDevice  bootloader.o
    0x0800f314   0x0800f314   0x00000074   Code   RO           19    i.PROGRAMMER_GetIDCommand  bootloader.o
    0x0800f388   0x0800f388   0x00000074   Code   RO           20    i.PROGRAMMER_GetSupportedCommands  bootloader.o
    0x0800f3fc   0x0800f3fc   0x00000098   Code   RO           21    i.PROGRAMMER_InitBootloader  bootloader.o
    0x0800f494   0x0800f494   0x00000040   Code   RO           22    i.PROGRAMMER_InitTarget  bootloader.o
    0x0800f4d4   0x0800f4d4   0x00000024   Code   RO           23    i.PROGRAMMER_ReseteTarget  bootloader.o
    0x0800f4f8   0x0800f4f8   0x000000a0   Code   RO           24    i.PROGRAMMER_RunProgramm  bootloader.o
    0x0800f598   0x0800f598   0x00000014   Code   RO           25    i.PROGRAMMER_SumToByte  bootloader.o
    0x0800f5ac   0x0800f5ac   0x00000310   Code   RO           26    i.PROGRAMMER_UploadFirmware  bootloader.o
    0x0800f8bc   0x0800f8bc   0x000000e4   Code   RO           27    i.PROGRAMMER_UploadFirmwareAfterEraseSectors  bootloader.o
    0x0800f9a0   0x0800f9a0   0x000000c8   Code   RO           28    i.PROGRAMMER_UploadFirmwareAfterFullErase  bootloader.o
    0x0800fa68   0x0800fa68   0x00000090   Code   RO          729    i.RB_ConvertAnswerToString  ringbuffer.o
    0x0800faf8   0x0800faf8   0x000000c8   Code   RO          730    i.RB_GetSizeOfMessage  ringbuffer.o
    0x0800fbc0   0x0800fbc0   0x00000014   Code   RO          731    i.RB_SymToByte      ringbuffer.o
    0x0800fbd4   0x0800fbd4   0x00000054   Code   RO          732    i.RB_WriteByteToScreenList  ringbuffer.o
    0x0800fc28   0x0800fc28   0x000001d4   Code   RO          733    i.RB_WriteByteToScreenListAndFileInfo  ringbuffer.o
    0x0800fdfc   0x0800fdfc   0x00000024   Code   RO          784    i.SB_ScanningButton  scanningbuttons.o
    0x0800fe20   0x0800fe20   0x0000002c   Code   RO         3995    i.SDIO_ConfigData   stm32f4xx_ll_sdmmc.o
    0x0800fe4c   0x0800fe4c   0x00000008   Code   RO         3996    i.SDIO_GetCommandResponse  stm32f4xx_ll_sdmmc.o
    0x0800fe54   0x0800fe54   0x0000000a   Code   RO         3999    i.SDIO_GetPowerState  stm32f4xx_ll_sdmmc.o
    0x0800fe5e   0x0800fe5e   0x0000000c   Code   RO         4000    i.SDIO_GetResponse  stm32f4xx_ll_sdmmc.o
    0x0800fe6a   0x0800fe6a   0x00000002   PAD
    0x0800fe6c   0x0800fe6c   0x00000010   Code   RO         1542    i.SDIO_IRQHandler   stm32f4xx_it.o
    0x0800fe7c   0x0800fe7c   0x00000034   Code   RO         4001    i.SDIO_Init         stm32f4xx_ll_sdmmc.o
    0x0800feb0   0x0800feb0   0x00000012   Code   RO         4003    i.SDIO_PowerState_ON  stm32f4xx_ll_sdmmc.o
    0x0800fec2   0x0800fec2   0x00000008   Code   RO         4004    i.SDIO_ReadFIFO     stm32f4xx_ll_sdmmc.o
    0x0800feca   0x0800feca   0x00000028   Code   RO         4005    i.SDIO_SendCommand  stm32f4xx_ll_sdmmc.o
    0x0800fef2   0x0800fef2   0x0000000c   Code   RO         4007    i.SDIO_WriteFIFO    stm32f4xx_ll_sdmmc.o
    0x0800fefe   0x0800fefe   0x00000038   Code   RO         4008    i.SDMMC_CmdAppCommand  stm32f4xx_ll_sdmmc.o
    0x0800ff36   0x0800ff36   0x00000002   PAD
    0x0800ff38   0x0800ff38   0x0000003c   Code   RO         4009    i.SDMMC_CmdAppOperCommand  stm32f4xx_ll_sdmmc.o
    0x0800ff74   0x0800ff74   0x00000038   Code   RO         4010    i.SDMMC_CmdBlockLength  stm32f4xx_ll_sdmmc.o
    0x0800ffac   0x0800ffac   0x00000038   Code   RO         4011    i.SDMMC_CmdBusWidth  stm32f4xx_ll_sdmmc.o
    0x0800ffe4   0x0800ffe4   0x0000002c   Code   RO         4015    i.SDMMC_CmdGoIdleState  stm32f4xx_ll_sdmmc.o
    0x08010010   0x08010010   0x00000034   Code   RO         4017    i.SDMMC_CmdOperCond  stm32f4xx_ll_sdmmc.o
    0x08010044   0x08010044   0x00000038   Code   RO         4018    i.SDMMC_CmdReadMultiBlock  stm32f4xx_ll_sdmmc.o
    0x0801007c   0x0801007c   0x00000038   Code   RO         4019    i.SDMMC_CmdReadSingleBlock  stm32f4xx_ll_sdmmc.o
    0x080100b4   0x080100b4   0x0000003a   Code   RO         4022    i.SDMMC_CmdSelDesel  stm32f4xx_ll_sdmmc.o
    0x080100ee   0x080100ee   0x00000032   Code   RO         4023    i.SDMMC_CmdSendCID  stm32f4xx_ll_sdmmc.o
    0x08010120   0x08010120   0x00000032   Code   RO         4024    i.SDMMC_CmdSendCSD  stm32f4xx_ll_sdmmc.o
    0x08010152   0x08010152   0x00000038   Code   RO         4026    i.SDMMC_CmdSendSCR  stm32f4xx_ll_sdmmc.o
    0x0801018a   0x0801018a   0x00000038   Code   RO         4027    i.SDMMC_CmdSendStatus  stm32f4xx_ll_sdmmc.o
    0x080101c2   0x080101c2   0x00000038   Code   RO         4028    i.SDMMC_CmdSetRelAdd  stm32f4xx_ll_sdmmc.o
    0x080101fa   0x080101fa   0x00000002   PAD
    0x080101fc   0x080101fc   0x0000003c   Code   RO         4030    i.SDMMC_CmdStopTransfer  stm32f4xx_ll_sdmmc.o
    0x08010238   0x08010238   0x00000038   Code   RO         4032    i.SDMMC_CmdWriteMultiBlock  stm32f4xx_ll_sdmmc.o
    0x08010270   0x08010270   0x00000038   Code   RO         4033    i.SDMMC_CmdWriteSingleBlock  stm32f4xx_ll_sdmmc.o
    0x080102a8   0x080102a8   0x00000040   Code   RO         4034    i.SDMMC_GetCmdError  stm32f4xx_ll_sdmmc.o
    0x080102e8   0x080102e8   0x000001ac   Code   RO         4035    i.SDMMC_GetCmdResp1  stm32f4xx_ll_sdmmc.o
    0x08010494   0x08010494   0x00000064   Code   RO         4036    i.SDMMC_GetCmdResp2  stm32f4xx_ll_sdmmc.o
    0x080104f8   0x080104f8   0x00000058   Code   RO         4037    i.SDMMC_GetCmdResp3  stm32f4xx_ll_sdmmc.o
    0x08010550   0x08010550   0x000000b8   Code   RO         4038    i.SDMMC_GetCmdResp6  stm32f4xx_ll_sdmmc.o
    0x08010608   0x08010608   0x0000006c   Code   RO         4039    i.SDMMC_GetCmdResp7  stm32f4xx_ll_sdmmc.o
    0x08010674   0x08010674   0x00000028   Code   RO         1830    i.SD_CheckStatus    sd_diskio.o
    0x0801069c   0x0801069c   0x00000026   Code   RO         1831    i.SD_CheckStatusWithTimeout  sd_diskio.o
    0x080106c2   0x080106c2   0x00000002   PAD
    0x080106c4   0x080106c4   0x00000020   Code   RO          814    i.SD_CloseFileOnCard  sd_card.o
    0x080106e4   0x080106e4   0x000000a0   Code   RO          815    i.SD_ConfirmationDeleting  sd_card.o
    0x08010784   0x08010784   0x000000b8   Code   RO          816    i.SD_CopyFile       sd_card.o
    0x0801083c   0x0801083c   0x00000024   Code   RO          817    i.SD_CreateNewFolder  sd_card.o
    0x08010860   0x08010860   0x00000074   Code   RO         4304    i.SD_DMAError       stm32f4xx_hal_sd.o
    0x080108d4   0x080108d4   0x00000048   Code   RO         4305    i.SD_DMAReceiveCplt  stm32f4xx_hal_sd.o
    0x0801091c   0x0801091c   0x00000048   Code   RO         4306    i.SD_DMARxAbort     stm32f4xx_hal_sd.o
    0x08010964   0x08010964   0x00000012   Code   RO         4307    i.SD_DMATransmitCplt  stm32f4xx_hal_sd.o
    0x08010976   0x08010976   0x00000048   Code   RO         4308    i.SD_DMATxAbort     stm32f4xx_hal_sd.o
    0x080109be   0x080109be   0x00000002   PAD
    0x080109c0   0x080109c0   0x00000038   Code   RO          818    i.SD_DeleteFolderOrFile  sd_card.o
    0x080109f8   0x080109f8   0x00000030   Code   RO          819    i.SD_EnterNameNewFolder  sd_card.o
    0x08010a28   0x08010a28   0x00000142   Code   RO         4309    i.SD_FindSCR        stm32f4xx_hal_sd.o
    0x08010b6a   0x08010b6a   0x00000002   PAD
    0x08010b6c   0x08010b6c   0x00000220   Code   RO          820    i.SD_GetListFiles   sd_card.o
    0x08010d8c   0x08010d8c   0x00000020   Code   RO          821    i.SD_GetStringFromFileOnCard  sd_card.o
    0x08010dac   0x08010dac   0x000000a4   Code   RO          822    i.SD_GoToParentDirectory  sd_card.o
    0x08010e50   0x08010e50   0x00000020   Code   RO          823    i.SD_InitCard       sd_card.o
    0x08010e70   0x08010e70   0x00000102   Code   RO         4310    i.SD_InitCard       stm32f4xx_hal_sd.o
    0x08010f72   0x08010f72   0x00000002   PAD
    0x08010f74   0x08010f74   0x00000060   Code   RO          824    i.SD_OpenCard       sd_card.o
    0x08010fd4   0x08010fd4   0x00000054   Code   RO          825    i.SD_OpenFileOnCard  sd_card.o
    0x08011028   0x08011028   0x00000034   Code   RO          826    i.SD_OpenFileToWrite  sd_card.o
    0x0801105c   0x0801105c   0x00000208   Code   RO          827    i.SD_OpenFolderOrSelectFile  sd_card.o
    0x08011264   0x08011264   0x000000cc   Code   RO         4312    i.SD_PowerON        stm32f4xx_hal_sd.o
    0x08011330   0x08011330   0x0000004a   Code   RO         4313    i.SD_Read_IT        stm32f4xx_hal_sd.o
    0x0801137a   0x0801137a   0x00000002   PAD
    0x0801137c   0x0801137c   0x00000060   Code   RO          828    i.SD_SelectFileForUpdateFirmware  sd_card.o
    0x080113dc   0x080113dc   0x00000058   Code   RO          829    i.SD_SelectFolderForFtpServer  sd_card.o
    0x08011434   0x08011434   0x00000030   Code   RO         4315    i.SD_SendStatus     stm32f4xx_hal_sd.o
    0x08011464   0x08011464   0x00000068   Code   RO         4316    i.SD_WideBus_Disable  stm32f4xx_hal_sd.o
    0x080114cc   0x080114cc   0x00000068   Code   RO         4317    i.SD_WideBus_Enable  stm32f4xx_hal_sd.o
    0x08011534   0x08011534   0x00000028   Code   RO          830    i.SD_WriteByteToFile  sd_card.o
    0x0801155c   0x0801155c   0x00000054   Code   RO         4318    i.SD_Write_IT       stm32f4xx_hal_sd.o
    0x080115b0   0x080115b0   0x0000006c   Code   RO         1832    i.SD_initialize     sd_diskio.o
    0x0801161c   0x0801161c   0x0000006c   Code   RO         1833    i.SD_ioctl          sd_diskio.o
    0x08011688   0x08011688   0x00000084   Code   RO         1834    i.SD_read           sd_diskio.o
    0x0801170c   0x0801170c   0x0000000c   Code   RO         1835    i.SD_status         sd_diskio.o
    0x08011718   0x08011718   0x00000080   Code   RO         1836    i.SD_write          sd_diskio.o
    0x08011798   0x08011798   0x00000020   Code   RO         1060    i.STORING_CheckFirstConnection  storingsettings.o
    0x080117b8   0x080117b8   0x00000050   Code   RO         1061    i.STORING_ReadSettingsFromFlash  storingsettings.o
    0x08011808   0x08011808   0x00000080   Code   RO         1062    i.STORING_SaveSettingsToFlash  storingsettings.o
    0x08011888   0x08011888   0x00000036   Code   RO         1063    i.STORING_WriteToFlash  storingsettings.o
    0x080118be   0x080118be   0x00000002   PAD
    0x080118c0   0x080118c0   0x00000354   Code   RO         1208    i.StartDefaultTask  freertos.o
    0x08011c14   0x08011c14   0x00000034   Code   RO         7863    i.SysTick_Handler   port.o
    0x08011c48   0x08011c48   0x000000b4   Code   RO         1105    i.SystemClock_Config  main.o
    0x08011cfc   0x08011cfc   0x00000020   Code   RO         5884    i.SystemInit        system_stm32f4xx.o
    0x08011d1c   0x08011d1c   0x00000010   Code   RO         1543    i.TIM1_UP_TIM10_IRQHandler  stm32f4xx_it.o
    0x08011d2c   0x08011d2c   0x0000002c   Code   RO         1544    i.TIM3_IRQHandler   stm32f4xx_it.o
    0x08011d58   0x08011d58   0x000000a4   Code   RO         4627    i.TIM_Base_SetConfig  stm32f4xx_hal_tim.o
    0x08011dfc   0x08011dfc   0x00000016   Code   RO         4638    i.TIM_ETR_SetConfig  stm32f4xx_hal_tim.o
    0x08011e12   0x08011e12   0x00000012   Code   RO         4639    i.TIM_ITRx_SetConfig  stm32f4xx_hal_tim.o
    0x08011e24   0x08011e24   0x00000026   Code   RO         4645    i.TIM_TI1_ConfigInputStage  stm32f4xx_hal_tim.o
    0x08011e4a   0x08011e4a   0x00000028   Code   RO         4647    i.TIM_TI2_ConfigInputStage  stm32f4xx_hal_tim.o
    0x08011e72   0x08011e72   0x00000014   Code   RO         5558    i.UART_DMAAbortOnError  stm32f4xx_hal_uart.o
    0x08011e86   0x08011e86   0x00000050   Code   RO         5559    i.UART_DMAError     stm32f4xx_hal_uart.o
    0x08011ed6   0x08011ed6   0x00000068   Code   RO         5560    i.UART_DMAReceiveCplt  stm32f4xx_hal_uart.o
    0x08011f3e   0x08011f3e   0x00000020   Code   RO         5562    i.UART_DMARxHalfCplt  stm32f4xx_hal_uart.o
    0x08011f5e   0x08011f5e   0x00000036   Code   RO         5568    i.UART_EndRxTransfer  stm32f4xx_hal_uart.o
    0x08011f94   0x08011f94   0x00000020   Code   RO         5569    i.UART_EndTransmit_IT  stm32f4xx_hal_uart.o
    0x08011fb4   0x08011fb4   0x00000014   Code   RO         5570    i.UART_EndTxTransfer  stm32f4xx_hal_uart.o
    0x08011fc8   0x08011fc8   0x000000be   Code   RO         5571    i.UART_Receive_IT   stm32f4xx_hal_uart.o
    0x08012086   0x08012086   0x00000002   PAD
    0x08012088   0x08012088   0x0000022c   Code   RO         5572    i.UART_SetConfig    stm32f4xx_hal_uart.o
    0x080122b4   0x080122b4   0x00000098   Code   RO         5573    i.UART_Start_Receive_DMA  stm32f4xx_hal_uart.o
    0x0801234c   0x0801234c   0x00000060   Code   RO         5575    i.UART_Transmit_IT  stm32f4xx_hal_uart.o
    0x080123ac   0x080123ac   0x0000006c   Code   RO         5576    i.UART_WaitOnFlagUntilTimeout  stm32f4xx_hal_uart.o
    0x08012418   0x08012418   0x00000010   Code   RO         1545    i.USART2_IRQHandler  stm32f4xx_it.o
    0x08012428   0x08012428   0x0000002c   Code   RO         1546    i.USART6_IRQHandler  stm32f4xx_it.o
    0x08012454   0x08012454   0x00000004   Code   RO         1547    i.UsageFault_Handler  stm32f4xx_it.o
    0x08012458   0x08012458   0x00000020   Code   RO         8281    i.__0printf         mc_w.l(printfa.o)
    0x08012478   0x08012478   0x00000028   Code   RO         8283    i.__0sprintf        mc_w.l(printfa.o)
    0x080124a0   0x080124a0   0x00000010   Code   RO         3113    i.__NVIC_GetPriorityGrouping  stm32f4xx_hal_cortex.o
    0x080124b0   0x080124b0   0x00000028   Code   RO         3114    i.__NVIC_SetPriority  stm32f4xx_hal_cortex.o
    0x080124d8   0x080124d8   0x0000000e   Code   RO         8384    i.__scatterload_copy  mc_w.l(handlers.o)
    0x080124e6   0x080124e6   0x00000002   Code   RO         8385    i.__scatterload_null  mc_w.l(handlers.o)
    0x080124e8   0x080124e8   0x0000000e   Code   RO         8386    i.__scatterload_zeroinit  mc_w.l(handlers.o)
    0x080124f6   0x080124f6   0x00000002   PAD
    0x080124f8   0x080124f8   0x00000184   Code   RO         8288    i._fp_digits        mc_w.l(printfa.o)
    0x0801267c   0x0801267c   0x000006dc   Code   RO         8289    i._printf_core      mc_w.l(printfa.o)
    0x08012d58   0x08012d58   0x00000024   Code   RO         8290    i._printf_post_padding  mc_w.l(printfa.o)
    0x08012d7c   0x08012d7c   0x0000002e   Code   RO         8291    i._printf_pre_padding  mc_w.l(printfa.o)
    0x08012daa   0x08012daa   0x0000000a   Code   RO         8293    i._sputc            mc_w.l(printfa.o)
    0x08012db4   0x08012db4   0x0000007c   Code   RO         5975    i.check_fs          ff.o
    0x08012e30   0x08012e30   0x00000014   Code   RO         5976    i.chk_chr           ff.o
    0x08012e44   0x08012e44   0x0000007c   Code   RO         5977    i.chk_lock          ff.o
    0x08012ec0   0x08012ec0   0x00000028   Code   RO         5978    i.clear_lock        ff.o
    0x08012ee8   0x08012ee8   0x00000036   Code   RO         5979    i.clmt_clust        ff.o
    0x08012f1e   0x08012f1e   0x0000001a   Code   RO         5980    i.clust2sect        ff.o
    0x08012f38   0x08012f38   0x00000098   Code   RO         5981    i.cmp_lfn           ff.o
    0x08012fd0   0x08012fd0   0x000000de   Code   RO         5982    i.create_chain      ff.o
    0x080130ae   0x080130ae   0x00000002   PAD
    0x080130b0   0x080130b0   0x00000288   Code   RO         5983    i.create_name       ff.o
    0x08013338   0x08013338   0x00000044   Code   RO         5984    i.dec_lock          ff.o
    0x0801337c   0x0801337c   0x00000060   Code   RO         5985    i.dir_alloc         ff.o
    0x080133dc   0x080133dc   0x000000fc   Code   RO         5986    i.dir_find          ff.o
    0x080134d8   0x080134d8   0x0000011a   Code   RO         5987    i.dir_next          ff.o
    0x080135f2   0x080135f2   0x000000d2   Code   RO         5988    i.dir_read          ff.o
    0x080136c4   0x080136c4   0x00000142   Code   RO         5989    i.dir_register      ff.o
    0x08013806   0x08013806   0x00000060   Code   RO         5990    i.dir_remove        ff.o
    0x08013866   0x08013866   0x000000a6   Code   RO         5991    i.dir_sdi           ff.o
    0x0801390c   0x0801390c   0x0000002c   Code   RO         5920    i.disk_initialize   diskio.o
    0x08013938   0x08013938   0x00000028   Code   RO         5921    i.disk_ioctl        diskio.o
    0x08013960   0x08013960   0x00000030   Code   RO         5922    i.disk_read         diskio.o
    0x08013990   0x08013990   0x0000001c   Code   RO         5923    i.disk_status       diskio.o
    0x080139ac   0x080139ac   0x00000030   Code   RO         5924    i.disk_write        diskio.o
    0x080139dc   0x080139dc   0x00000158   Code   RO         1209    i.displayFunc       freertos.o
    0x08013b34   0x08013b34   0x00000094   Code   RO         7043    i.eTaskGetState     tasks.o
    0x08013bc8   0x08013bc8   0x00000028   Code   RO         5992    i.enq_lock          ff.o
    0x08013bf0   0x08013bf0   0x00000086   Code   RO         5993    i.f_chdir           ff.o
    0x08013c76   0x08013c76   0x00000034   Code   RO         5994    i.f_close           ff.o
    0x08013caa   0x08013caa   0x0000002e   Code   RO         5995    i.f_closedir        ff.o
    0x08013cd8   0x08013cd8   0x0000014a   Code   RO         5996    i.f_getcwd          ff.o
    0x08013e22   0x08013e22   0x00000056   Code   RO         5998    i.f_gets            ff.o
    0x08013e78   0x08013e78   0x000001a4   Code   RO         6000    i.f_mkdir           ff.o
    0x0801401c   0x0801401c   0x00000084   Code   RO         6002    i.f_mount           ff.o
    0x080140a0   0x080140a0   0x00000274   Code   RO         6003    i.f_open            ff.o
    0x08014314   0x08014314   0x000000b6   Code   RO         6004    i.f_opendir         ff.o
    0x080143ca   0x080143ca   0x00000234   Code   RO         6008    i.f_read            ff.o
    0x080145fe   0x080145fe   0x00000078   Code   RO         6009    i.f_readdir         ff.o
    0x08014676   0x08014676   0x000000b0   Code   RO         6012    i.f_sync            ff.o
    0x08014726   0x08014726   0x000000f8   Code   RO         6014    i.f_unlink          ff.o
    0x0801481e   0x0801481e   0x00000278   Code   RO         6015    i.f_write           ff.o
    0x08014a96   0x08014a96   0x00000002   PAD
    0x08014a98   0x08014a98   0x0000004c   Code   RO         6489    i.ff_convert        ccsbcs.o
    0x08014ae4   0x08014ae4   0x00000026   Code   RO         6429    i.ff_cre_syncobj    syscall.o
    0x08014b0a   0x08014b0a   0x0000000e   Code   RO         6430    i.ff_del_syncobj    syscall.o
    0x08014b18   0x08014b18   0x0000000c   Code   RO         6431    i.ff_memalloc       syscall.o
    0x08014b24   0x08014b24   0x0000000c   Code   RO         6432    i.ff_memfree        syscall.o
    0x08014b30   0x08014b30   0x0000000c   Code   RO         6433    i.ff_rel_grant      syscall.o
    0x08014b3c   0x08014b3c   0x00000018   Code   RO         6434    i.ff_req_grant      syscall.o
    0x08014b54   0x08014b54   0x000000a4   Code   RO         6490    i.ff_wtoupper       ccsbcs.o
    0x08014bf8   0x08014bf8   0x00000360   Code   RO         6016    i.find_volume       ff.o
    0x08014f58   0x08014f58   0x000000dc   Code   RO         6017    i.follow_path       ff.o
    0x08015034   0x08015034   0x00000030   Code   RO         7945    i.fputc             retarget_io.o
    0x08015064   0x08015064   0x00000050   Code   RO         8309    i.free              mc_w.l(malloc.o)
    0x080150b4   0x080150b4   0x000000b4   Code   RO         6018    i.gen_numname       ff.o
    0x08015168   0x08015168   0x00000132   Code   RO         6019    i.get_fat           ff.o
    0x0801529a   0x0801529a   0x00000004   Code   RO         1909    i.get_fattime       fatfs.o
    0x0801529e   0x0801529e   0x00000142   Code   RO         6020    i.get_fileinfo      ff.o
    0x080153e0   0x080153e0   0x00000048   Code   RO         6021    i.get_ldnumber      ff.o
    0x08015428   0x08015428   0x00000010   Code   RO         7426    i.inHandlerMode     cmsis_os.o
    0x08015438   0x08015438   0x000000bc   Code   RO         6022    i.inc_lock          ff.o
    0x080154f4   0x080154f4   0x00000160   Code   RO         1210    i.keyboardFunc      freertos.o
    0x08015654   0x08015654   0x00000026   Code   RO         6023    i.ld_clust          ff.o
    0x0801567a   0x0801567a   0x00000018   Code   RO         6024    i.ld_dword          ff.o
    0x08015692   0x08015692   0x0000000c   Code   RO         6025    i.ld_word           ff.o
    0x0801569e   0x0801569e   0x00000016   Code   RO         6026    i.lock_fs           ff.o
    0x080156b4   0x080156b4   0x000000a0   Code   RO         1106    i.main              main.o
    0x08015754   0x08015754   0x0000000e   Code   RO         7428    i.makeFreeRtosPriority  cmsis_os.o
    0x08015762   0x08015762   0x00000002   PAD
    0x08015764   0x08015764   0x0000006c   Code   RO         8310    i.malloc            mc_w.l(malloc.o)
    0x080157d0   0x080157d0   0x00000024   Code   RO         6027    i.mem_cmp           ff.o
    0x080157f4   0x080157f4   0x0000001a   Code   RO         6028    i.mem_cpy           ff.o
    0x0801580e   0x0801580e   0x00000012   Code   RO         6029    i.mem_set           ff.o
    0x08015820   0x08015820   0x00000034   Code   RO         6030    i.move_window       ff.o
    0x08015854   0x08015854   0x00000018   Code   RO         7430    i.osDelay           cmsis_os.o
    0x0801586c   0x0801586c   0x00000012   Code   RO         7432    i.osKernelRunning   cmsis_os.o
    0x0801587e   0x0801587e   0x0000000a   Code   RO         7433    i.osKernelStart     cmsis_os.o
    0x08015888   0x08015888   0x00000014   Code   RO         7434    i.osKernelSysTick   cmsis_os.o
    0x0801589c   0x0801589c   0x00000028   Code   RO         7442    i.osMessageCreate   cmsis_os.o
    0x080158c4   0x080158c4   0x0000009c   Code   RO         7444    i.osMessageGet      cmsis_os.o
    0x08015960   0x08015960   0x00000060   Code   RO         7446    i.osMessagePut      cmsis_os.o
    0x080159c0   0x080159c0   0x0000004a   Code   RO         7459    i.osSemaphoreCreate  cmsis_os.o
    0x08015a0a   0x08015a0a   0x00000018   Code   RO         7460    i.osSemaphoreDelete  cmsis_os.o
    0x08015a22   0x08015a22   0x00000002   PAD
    0x08015a24   0x08015a24   0x00000050   Code   RO         7462    i.osSemaphoreRelease  cmsis_os.o
    0x08015a74   0x08015a74   0x00000068   Code   RO         7463    i.osSemaphoreWait   cmsis_os.o
    0x08015adc   0x08015adc   0x0000005e   Code   RO         7467    i.osThreadCreate    cmsis_os.o
    0x08015b3a   0x08015b3a   0x00000002   PAD
    0x08015b3c   0x08015b3c   0x00000088   Code   RO         6031    i.pick_lfn          ff.o
    0x08015bc4   0x08015bc4   0x00000098   Code   RO         7045    i.prvAddCurrentTaskToDelayedList  tasks.o
    0x08015c5c   0x08015c5c   0x000000b8   Code   RO         7046    i.prvAddNewTaskToReadyList  tasks.o
    0x08015d14   0x08015d14   0x00000048   Code   RO         7047    i.prvCheckTasksWaitingTermination  tasks.o
    0x08015d5c   0x08015d5c   0x0000002a   Code   RO         6674    i.prvCopyDataFromQueue  queue.o
    0x08015d86   0x08015d86   0x0000007e   Code   RO         6675    i.prvCopyDataToQueue  queue.o
    0x08015e04   0x08015e04   0x00000050   Code   RO         7048    i.prvDeleteTCB      tasks.o
    0x08015e54   0x08015e54   0x00000014   Code   RO         6676    i.prvGetDisinheritPriorityAfterTimeout  queue.o
    0x08015e68   0x08015e68   0x00000026   Code   RO         1548    i.prvGetRegistersFromStack  stm32f4xx_it.o
    0x08015e8e   0x08015e8e   0x00000002   PAD
    0x08015e90   0x08015e90   0x0000007c   Code   RO         7795    i.prvHeapInit       heap_4.o
    0x08015f0c   0x08015f0c   0x00000028   Code   RO         7049    i.prvIdleTask       tasks.o
    0x08015f34   0x08015f34   0x0000002a   Code   RO         6678    i.prvInitialiseNewQueue  queue.o
    0x08015f5e   0x08015f5e   0x000000be   Code   RO         7050    i.prvInitialiseNewTask  tasks.o
    0x0801601c   0x0801601c   0x00000068   Code   RO         7051    i.prvInitialiseTaskLists  tasks.o
    0x08016084   0x08016084   0x00000068   Code   RO         7796    i.prvInsertBlockIntoFreeList  heap_4.o
    0x080160ec   0x080160ec   0x0000001a   Code   RO         6679    i.prvIsQueueEmpty   queue.o
    0x08016106   0x08016106   0x0000001e   Code   RO         6680    i.prvIsQueueFull    queue.o
    0x08016124   0x08016124   0x0000006a   Code   RO         7052    i.prvListTasksWithinSingleList  tasks.o
    0x0801618e   0x0801618e   0x00000002   PAD
    0x08016190   0x08016190   0x00000034   Code   RO         7053    i.prvResetNextTaskUnblockTime  tasks.o
    0x080161c4   0x080161c4   0x00000016   Code   RO         7054    i.prvTaskCheckFreeStackSpace  tasks.o
    0x080161da   0x080161da   0x00000002   PAD
    0x080161dc   0x080161dc   0x00000040   Code   RO         7864    i.prvTaskExitError  port.o
    0x0801621c   0x0801621c   0x0000007e   Code   RO         6681    i.prvUnlockQueue    queue.o
    0x0801629a   0x0801629a   0x0000002a   Code   RO         7056    i.prvWriteNameToBuffer  tasks.o
    0x080162c4   0x080162c4   0x00000190   Code   RO         6032    i.put_fat           ff.o
    0x08016454   0x08016454   0x00000080   Code   RO         6033    i.put_lfn           ff.o
    0x080164d4   0x080164d4   0x0000014c   Code   RO         7797    i.pvPortMalloc      heap_4.o
    0x08016620   0x08016620   0x00000020   Code   RO         7057    i.pvTaskIncrementMutexHeldCount  tasks.o
    0x08016640   0x08016640   0x0000002c   Code   RO         7865    i.pxPortInitialiseStack  port.o
    0x0801666c   0x0801666c   0x0000009a   Code   RO         6037    i.remove_chain      ff.o
    0x08016706   0x08016706   0x00000002   PAD
    0x08016708   0x08016708   0x00000330   Code   RO         1211    i.ringBufferFunc    freertos.o
    0x08016a38   0x08016a38   0x000000a0   Code   RO          974    i.ssd1306_DrawPixel  ssd1306.o
    0x08016ad8   0x08016ad8   0x00000020   Code   RO          975    i.ssd1306_Fill      ssd1306.o
    0x08016af8   0x08016af8   0x0000010c   Code   RO          976    i.ssd1306_Init      ssd1306.o
    0x08016c04   0x08016c04   0x0000000c   Code   RO          977    i.ssd1306_SetCursor  ssd1306.o
    0x08016c10   0x08016c10   0x0000006c   Code   RO          978    i.ssd1306_UpdateScreen  ssd1306.o
    0x08016c7c   0x08016c7c   0x000000b0   Code   RO          979    i.ssd1306_WriteChar  ssd1306.o
    0x08016d2c   0x08016d2c   0x0000002c   Code   RO          981    i.ssd1306_WriteCommand  ssd1306.o
    0x08016d58   0x08016d58   0x0000002c   Code   RO          982    i.ssd1306_WriteString  ssd1306.o
    0x08016d84   0x08016d84   0x00000024   Code   RO         6038    i.st_clust          ff.o
    0x08016da8   0x08016da8   0x00000018   Code   RO         6039    i.st_dword          ff.o
    0x08016dc0   0x08016dc0   0x0000000c   Code   RO         6040    i.st_word           ff.o
    0x08016dcc   0x08016dcc   0x0000000c   Code   RO         7946    i.stderr_putchar    retarget_io.o
    0x08016dd8   0x08016dd8   0x0000000c   Code   RO         7947    i.stdout_putchar    retarget_io.o
    0x08016de4   0x08016de4   0x00000020   Code   RO         6041    i.sum_sfn           ff.o
    0x08016e04   0x08016e04   0x00000090   Code   RO         6042    i.sync_fs           ff.o
    0x08016e94   0x08016e94   0x00000052   Code   RO         6043    i.sync_window       ff.o
    0x08016ee6   0x08016ee6   0x0000001c   Code   RO         6044    i.unlock_fs         ff.o
    0x08016f02   0x08016f02   0x00000028   Code   RO         6634    i.uxListRemove      list.o
    0x08016f2a   0x08016f2a   0x00000002   PAD
    0x08016f2c   0x08016f2c   0x000000b0   Code   RO         7061    i.uxTaskGetSystemState  tasks.o
    0x08016fdc   0x08016fdc   0x00000018   Code   RO         1212    i.vApplicationGetIdleTaskMemory  freertos.o
    0x08016ff4   0x08016ff4   0x0000001a   Code   RO         6635    i.vListInitialise   list.o
    0x0801700e   0x0801700e   0x00000006   Code   RO         6636    i.vListInitialiseItem  list.o
    0x08017014   0x08017014   0x00000034   Code   RO         6637    i.vListInsert       list.o
    0x08017048   0x08017048   0x00000018   Code   RO         6638    i.vListInsertEnd    list.o
    0x08017060   0x08017060   0x00000054   Code   RO         7867    i.vPortEnterCritical  port.o
    0x080170b4   0x080170b4   0x0000003c   Code   RO         7868    i.vPortExitCritical  port.o
    0x080170f0   0x080170f0   0x000000a4   Code   RO         7798    i.vPortFree         heap_4.o
    0x08017194   0x08017194   0x00000028   Code   RO         7869    i.vPortSetupTimerInterrupt  port.o
    0x080171bc   0x080171bc   0x00000078   Code   RO         7870    i.vPortValidateInterruptPriority  port.o
    0x08017234   0x08017234   0x00000032   Code   RO         6688    i.vQueueDelete      queue.o
    0x08017266   0x08017266   0x00000002   PAD
    0x08017268   0x08017268   0x00000030   Code   RO         6690    i.vQueueUnregisterQueue  queue.o
    0x08017298   0x08017298   0x0000005c   Code   RO         7066    i.vTaskDelay        tasks.o
    0x080172f4   0x080172f4   0x00000084   Code   RO         7069    i.vTaskGetInfo      tasks.o
    0x08017378   0x08017378   0x00000018   Code   RO         7070    i.vTaskInternalSetTimeOutState  tasks.o
    0x08017390   0x08017390   0x000000dc   Code   RO         7071    i.vTaskList         tasks.o
    0x0801746c   0x0801746c   0x0000000c   Code   RO         7072    i.vTaskMissedYield  tasks.o
    0x08017478   0x08017478   0x00000038   Code   RO         7074    i.vTaskPlaceOnEventList  tasks.o
    0x080174b0   0x080174b0   0x000000e4   Code   RO         7076    i.vTaskPriorityDisinheritAfterTimeout  tasks.o
    0x08017594   0x08017594   0x000000b0   Code   RO         7082    i.vTaskStartScheduler  tasks.o
    0x08017644   0x08017644   0x00000010   Code   RO         7084    i.vTaskSuspendAll   tasks.o
    0x08017654   0x08017654   0x0000008c   Code   RO         7085    i.vTaskSwitchContext  tasks.o
    0x080176e0   0x080176e0   0x00000052   Code   RO         6045    i.validate          ff.o
    0x08017732   0x08017732   0x00000002   PAD
    0x08017734   0x08017734   0x0000000c   Code   RO         7801    i.xPortGetFreeHeapSize  heap_4.o
    0x08017740   0x08017740   0x00000168   Code   RO         7871    i.xPortStartScheduler  port.o
    0x080178a8   0x080178a8   0x0000005a   Code   RO         6693    i.xQueueGenericCreate  queue.o
    0x08017902   0x08017902   0x000000e0   Code   RO         6694    i.xQueueGenericCreateStatic  queue.o
    0x080179e2   0x080179e2   0x00000002   PAD
    0x080179e4   0x080179e4   0x00000098   Code   RO         6695    i.xQueueGenericReset  queue.o
    0x08017a7c   0x08017a7c   0x000001a8   Code   RO         6696    i.xQueueGenericSend  queue.o
    0x08017c24   0x08017c24   0x000000fc   Code   RO         6697    i.xQueueGenericSendFromISR  queue.o
    0x08017d20   0x08017d20   0x000000e0   Code   RO         6698    i.xQueueGiveFromISR  queue.o
    0x08017e00   0x08017e00   0x00000168   Code   RO         6703    i.xQueueReceive     queue.o
    0x08017f68   0x08017f68   0x000000ca   Code   RO         6704    i.xQueueReceiveFromISR  queue.o
    0x08018032   0x08018032   0x00000002   PAD
    0x08018034   0x08018034   0x000001b8   Code   RO         6705    i.xQueueSemaphoreTake  queue.o
    0x080181ec   0x080181ec   0x0000008c   Code   RO         7087    i.xTaskCheckForTimeOut  tasks.o
    0x08018278   0x08018278   0x00000064   Code   RO         7088    i.xTaskCreate       tasks.o
    0x080182dc   0x080182dc   0x000000ba   Code   RO         7089    i.xTaskCreateStatic  tasks.o
    0x08018396   0x08018396   0x00000002   PAD
    0x08018398   0x08018398   0x00000020   Code   RO         7093    i.xTaskGetSchedulerState  tasks.o
    0x080183b8   0x080183b8   0x0000000c   Code   RO         7094    i.xTaskGetTickCount  tasks.o
    0x080183c4   0x080183c4   0x00000014   Code   RO         7095    i.xTaskGetTickCountFromISR  tasks.o
    0x080183d8   0x080183d8   0x00000148   Code   RO         7096    i.xTaskIncrementTick  tasks.o
    0x08018520   0x08018520   0x000000c8   Code   RO         7099    i.xTaskPriorityDisinherit  tasks.o
    0x080185e8   0x080185e8   0x000000b8   Code   RO         7100    i.xTaskPriorityInherit  tasks.o
    0x080186a0   0x080186a0   0x00000098   Code   RO         7101    i.xTaskRemoveFromEventList  tasks.o
    0x08018738   0x08018738   0x00000104   Code   RO         7102    i.xTaskResumeAll    tasks.o
    0x0801883c   0x0801883c   0x000004cc   Data   RO           30    .constdata          bootloader.o
    0x08018d08   0x08018d08   0x0000001c   Data   RO          328    .constdata          displaymenu.o
    0x08018d24   0x08018d24   0x0000076c   Data   RO          949    .constdata          fonts.o
    0x08019490   0x08019490   0x000003b4   Data   RO         1214    .constdata          freertos.o
    0x08019844   0x08019844   0x00000024   Data   RO         1837    .constdata          sd_diskio.o
    0x08019868   0x08019868   0x00000008   Data   RO         2806    .constdata          stm32f4xx_hal_dma.o
    0x08019870   0x08019870   0x00000018   Data   RO         5885    .constdata          system_stm32f4xx.o
    0x08019888   0x08019888   0x000000aa   Data   RO         6047    .constdata          ff.o
    0x08019932   0x08019932   0x000003ae   Data   RO         6491    .constdata          ccsbcs.o
    0x08019ce0   0x08019ce0   0x000004cd   Data   RO           31    .conststring        bootloader.o
    0x0801a1ad   0x0801a1ad   0x00000003   PAD
    0x0801a1b0   0x0801a1b0   0x0000017e   Data   RO          329    .conststring        displaymenu.o
    0x0801a32e   0x0801a32e   0x00000002   PAD
    0x0801a330   0x0801a330   0x00000179   Data   RO         1215    .conststring        freertos.o
    0x0801a4a9   0x0801a4a9   0x00000003   PAD
    0x0801a4ac   0x0801a4ac   0x00000030   Data   RO         8382    Region$$Table       anon$$obj.o


    Execution Region RW_IRAM1 (Exec base: 0x20000000, Load base: 0x0801a4dc, Size: 0x00012db8, Max: 0x0001e000, ABSOLUTE, COMPRESSED[0x00000150])

    Exec Addr    Load Addr    Size         Type   Attr      Idx    E Section Name        Object

    0x20000000   COMPRESSED   0x0000000c   Data   RW           32    .data               bootloader.o
    0x2000000c   COMPRESSED   0x000001ce   Data   RW          330    .data               displaymenu.o
    0x200001da   COMPRESSED   0x00000002   Data   RW          517    .data               esp8266_lib.o
    0x200001dc   COMPRESSED   0x00000002   Data   RW          646    .data               ftp.o
    0x200001de   COMPRESSED   0x00000006   Data   RW          735    .data               ringbuffer.o
    0x200001e4   COMPRESSED   0x00000030   Data   RW          785    .data               scanningbuttons.o
    0x20000214   COMPRESSED   0x00000001   Data   RW          832    .data               sd_card.o
    0x20000215   COMPRESSED   0x00000003   PAD
    0x20000218   COMPRESSED   0x00000008   Data   RW          950    .data               fonts.o
    0x20000220   COMPRESSED   0x00000006   Data   RW          986    .data               ssd1306.o
    0x20000226   COMPRESSED   0x00000002   PAD
    0x20000228   COMPRESSED   0x00000014   Data   RW         1064    .data               storingsettings.o
    0x2000023c   COMPRESSED   0x00000004   Data   RW         1107    .data               main.o
    0x20000240   COMPRESSED   0x00000020   Data   RW         1216    .data               freertos.o
    0x20000260   COMPRESSED   0x00000004   Data   RW         1549    .data               stm32f4xx_it.o
    0x20000264   COMPRESSED   0x00000008   Data   RW         1838    .data               sd_diskio.o
    0x2000026c   COMPRESSED   0x00000005   Data   RW         1911    .data               fatfs.o
    0x20000271   COMPRESSED   0x00000003   PAD
    0x20000274   COMPRESSED   0x00000009   Data   RW         3262    .data               stm32f4xx_hal.o
    0x2000027d   COMPRESSED   0x00000003   PAD
    0x20000280   COMPRESSED   0x00000004   Data   RW         5886    .data               system_stm32f4xx.o
    0x20000284   COMPRESSED   0x00000006   Data   RW         6048    .data               ff.o
    0x2000028a   COMPRESSED   0x00000002   PAD
    0x2000028c   COMPRESSED   0x0000003c   Data   RW         7105    .data               tasks.o
    0x200002c8   COMPRESSED   0x00000020   Data   RW         7804    .data               heap_4.o
    0x200002e8   COMPRESSED   0x0000000c   Data   RW         7872    .data               port.o
    0x200002f4   COMPRESSED   0x00000004   Data   RW         8024    .data               mc_w.l(stdout.o)
    0x200002f8   COMPRESSED   0x00000004   Data   RW         8025    .data               mc_w.l(stderr.o)
    0x200002fc   COMPRESSED   0x00000004   Data   RW         8363    .data               mc_w.l(mvars.o)
    0x20000300   COMPRESSED   0x00000004   Data   RW         8364    .data               mc_w.l(mvars.o)
    0x20000304        -       0x00000118   Zero   RW           29    .bss                bootloader.o
    0x2000041c   COMPRESSED   0x00000004   PAD
    0x20000420        -       0x00002fb0   Zero   RW          327    .bss                displaymenu.o
    0x200033d0        -       0x00001340   Zero   RW          516    .bss                esp8266_lib.o
    0x20004710        -       0x00002850   Zero   RW          645    .bss                ftp.o
    0x20006f60        -       0x00000204   Zero   RW          734    .bss                ringbuffer.o
    0x20007164        -       0x00003558   Zero   RW          831    .bss                sd_card.o
    0x2000a6bc        -       0x00000400   Zero   RW          985    .bss                ssd1306.o
    0x2000aabc   COMPRESSED   0x00000004   PAD
    0x2000aac0        -       0x0000066c   Zero   RW         1213    .bss                freertos.o
    0x2000b12c        -       0x00000048   Zero   RW         1292    .bss                adc.o
    0x2000b174        -       0x00000054   Zero   RW         1358    .bss                i2c.o
    0x2000b1c8        -       0x00000144   Zero   RW         1400    .bss                sdio.o
    0x2000b30c        -       0x00000090   Zero   RW         1443    .bss                tim.o
    0x2000b39c        -       0x000000e8   Zero   RW         1491    .bss                usart.o
    0x2000b484        -       0x00000048   Zero   RW         1671    .bss                stm32f4xx_hal_timebase_tim.o
    0x2000b4cc        -       0x00000020   Zero   RW         2402    .bss                stm32f4xx_hal_flash.o
    0x2000b4ec        -       0x00000020   Zero   RW         6046    .bss                ff.o
    0x2000b50c        -       0x0000000c   Zero   RW         6383    .bss                ff_gen_drv.o
    0x2000b518        -       0x00000040   Zero   RW         6706    .bss                queue.o
    0x2000b558        -       0x000000f0   Zero   RW         7104    .bss                tasks.o
    0x2000b648        -       0x00001770   Zero   RW         7803    .bss                heap_4.o
    0x2000cdb8        -       0x00003000   Zero   RW            2    HEAP                startup_stm32f411xe.o
    0x2000fdb8        -       0x00003000   Zero   RW            1    STACK               startup_stm32f411xe.o


    Execution Region RW_IRAM2 (Exec base: 0x2001e000, Load base: 0x0801a62c, Size: 0x00001c04, Max: 0x00002000, ABSOLUTE, COMPRESSED[0x0000003c])

    Exec Addr    Load Addr    Size         Type   Attr      Idx    E Section Name        Object

    0x2001e000   COMPRESSED   0x00001c02   Data   RW          736    RING_BUFFER         ringbuffer.o


==============================================================================

Image component sizes


      Code (inc. data)   RO Data    RW Data    ZI Data      Debug   Object Name

       256         22          0          0         72       1781   adc.o
      2940        648       2457         12        280     520545   bootloader.o
       216         26          0          0          0       6422   bsp_driver_sd.o
       240         24        942          0          0       2223   ccsbcs.o
       770         18          0          0          0      36026   cmsis_os.o
       208         24          0          0          0       3969   diskio.o
      4742        724        410        462      12208      24269   displaymenu.o
        88          4          0          0          0        806   dma.o
      3292        774          0          2       4928      16767   esp8266_lib.o
         0          0          0          0          0      20096   event_groups.o
        32         12          0          5          0       1572   fatfs.o
     10330        106        170          6         32      57778   ff.o
       102          6          0          0         12       1715   ff_gen_drv.o
         0          0       1900          8          0        964   fonts.o
      2564        306       1325         32       1644       8525   freertos.o
      1320        466          0          2      10320       8985   ftp.o
       312         18          0          0          0       1083   gpio.o
       736         80          0         32       6000       8118   heap_4.o
       196         26          0          0         84       1713   i2c.o
       148          0          0          0          0       3650   list.o
       370         40          0          4          0       7625   main.o
      1014         92          0         12          0      12197   port.o
      2878         24          0          0         64      23851   queue.o
       120         14          0          0          0       3755   retarget_io.o
       916         42          0       7176        516       5604   ringbuffer.o
        36          0          0         48          0       2188   scanningbuttons.o
      2264        648          0          1      13656      43181   sd_card.o
       606         44         36          8          0       9537   sd_diskio.o
       436         36          0          0        324       1983   sdio.o
       844         36          0          6       1024       5931   ssd1306.o
        84         12        408          0      24576        884   startup_stm32f411xe.o
       136         24          0          9          0       8674   stm32f4xx_hal.o
      1176         52          0          0          0       4321   stm32f4xx_hal_adc.o
       320         28          0          0          0      34520   stm32f4xx_hal_cortex.o
      1552         16          8          0          0       8534   stm32f4xx_hal_dma.o
       680         62          0          0         32       6126   stm32f4xx_hal_flash.o
       432         26          0          0          0       3330   stm32f4xx_hal_flash_ex.o
       832         62          0          0          0       4350   stm32f4xx_hal_gpio.o
      1620         30          0          0          0       8367   stm32f4xx_hal_i2c.o
        84          6          0          0          0        886   stm32f4xx_hal_msp.o
      1888         94          0          0          0       6377   stm32f4xx_hal_rcc.o
      3728         76          0          0          0      19359   stm32f4xx_hal_sd.o
      1338         74          0          0          0      10540   stm32f4xx_hal_tim.o
       160         22          0          0          0       2541   stm32f4xx_hal_tim_ex.o
       140         18          0          0         72       1511   stm32f4xx_hal_timebase_tim.o
      2716         30          0          0          0      17571   stm32f4xx_hal_uart.o
       368         96          0          4          0       8562   stm32f4xx_it.o
      2110         46          0          0          0      24799   stm32f4xx_ll_sdmmc.o
       294         48          0         20          0       3413   storingsettings.o
         0          0          0          0          0        392   stream_buffer.o
       112          0          0          0          0       4835   syscall.o
        32         10         24          4          0       1263   system_stm32f4xx.o
      4110        454          0         60        240      36254   tasks.o
       336         24          0          0        144       2459   tim.o
       580         60          0          0        232       3151   usart.o

    ----------------------------------------------------------------------
     62876       5630       7736       7928      76468    1065878   Object Totals
         0          0         48          0          0          0   (incl. Generated)
        72          0          8         15          8          0   (incl. Padding)

    ----------------------------------------------------------------------

      Code (inc. data)   RO Data    RW Data    ZI Data      Debug   Library Member Name

        86          0          0          0          0          0   __dczerorl2.o
         0          0          0          0          0          0   entry.o
         0          0          0          0          0          0   entry10a.o
         0          0          0          0          0          0   entry11a.o
         8          4          0          0          0          0   entry2.o
         4          0          0          0          0          0   entry5.o
         0          0          0          0          0          0   entry7b.o
         0          0          0          0          0          0   entry8b.o
         8          4          0          0          0          0   entry9a.o
        30          0          0          0          0          0   handlers.o
        36          8          0          0          0         68   init.o
         0          0          0          0          0          0   iusefp.o
        30          0          0          0          0         68   llshl.o
        36          0          0          0          0         68   llsshr.o
        32          0          0          0          0         68   llushr.o
       188         20          0          0          0        160   malloc.o
        36          0          0          0          0         68   memcpya.o
        36          0          0          0          0        108   memseta.o
         0          0          0          8          0          0   mvars.o
      2308         96          0          0          0        604   printfa.o
         0          0          0          4          0          0   stderr.o
         0          0          0          4          0          0   stdout.o
        24          0          0          0          0         68   strcat.o
        28          0          0          0          0         76   strcmp.o
        18          0          0          0          0         68   strcpy.o
        14          0          0          0          0         68   strlen.o
        40          0          0          0          0         76   strncat.o
        24          0          0          0          0         76   strncpy.o
        44          0          0          0          0         80   uidiv.o
        98          0          0          0          0         92   uldiv.o
        48          0          0          0          0         68   cdrcmple.o
       334          0          0          0          0        148   dadd.o
       222          0          0          0          0        100   ddiv.o
       186          0          0          0          0        176   depilogue.o
        48          0          0          0          0         68   dfixul.o
        24          0          0          0          0         76   dfltul.o
       228          0          0          0          0         96   dmul.o
       110          0          0          0          0        168   fepilogue.o
        28          0          0          0          0         84   ffltul.o

    ----------------------------------------------------------------------
      4360        132          0         16          0       2800   Library Totals
         4          0          0          0          0          0   (incl. Padding)

    ----------------------------------------------------------------------

      Code (inc. data)   RO Data    RW Data    ZI Data      Debug   Library Name

      3128        132          0         16          0       1816   mc_w.l
      1228          0          0          0          0        984   mf_w.l

    ----------------------------------------------------------------------
      4360        132          0         16          0       2800   Library Totals

    ----------------------------------------------------------------------

==============================================================================


      Code (inc. data)   RO Data    RW Data    ZI Data      Debug   

     67236       5762       7736       7944      76468    1019954   Grand Totals
     67236       5762       7736        396      76468    1019954   ELF Image Totals (compressed)
     67236       5762       7736        396          0          0   ROM Totals

==============================================================================

    Total RO  Size (Code + RO Data)                74972 (  73.21kB)
    Total RW  Size (RW Data + ZI Data)             84412 (  82.43kB)
    Total ROM Size (Code + RO Data + RW Data)      75368 (  73.60kB)

==============================================================================

