Archive member included to satisfy reference by file (symbol)

g:/st/stm32cubeide_1.3.0/stm32cubeide/plugins/com.st.stm32cube.ide.mcu.externaltools.gnu-tools-for-stm32.9-2020-q2-update.win32_2.0.0.202105311346/tools/bin/../lib/gcc/arm-none-eabi/9.3.1/../../../../arm-none-eabi/lib/thumb/v7e-m+fp/hard\libc_nano.a(lib_a-errno.o)
                              ./Src/syscalls.o (__errno)
g:/st/stm32cubeide_1.3.0/stm32cubeide/plugins/com.st.stm32cube.ide.mcu.externaltools.gnu-tools-for-stm32.9-2020-q2-update.win32_2.0.0.202105311346/tools/bin/../lib/gcc/arm-none-eabi/9.3.1/../../../../arm-none-eabi/lib/thumb/v7e-m+fp/hard\libc_nano.a(lib_a-exit.o)
                              g:/st/stm32cubeide_1.3.0/stm32cubeide/plugins/com.st.stm32cube.ide.mcu.externaltools.gnu-tools-for-stm32.9-2020-q2-update.win32_2.0.0.202105311346/tools/bin/../lib/gcc/arm-none-eabi/9.3.1/../../../../arm-none-eabi/lib/thumb/v7e-m+fp/hard/crt0.o (exit)
g:/st/stm32cubeide_1.3.0/stm32cubeide/plugins/com.st.stm32cube.ide.mcu.externaltools.gnu-tools-for-stm32.9-2020-q2-update.win32_2.0.0.202105311346/tools/bin/../lib/gcc/arm-none-eabi/9.3.1/../../../../arm-none-eabi/lib/thumb/v7e-m+fp/hard\libc_nano.a(lib_a-impure.o)
                              g:/st/stm32cubeide_1.3.0/stm32cubeide/plugins/com.st.stm32cube.ide.mcu.externaltools.gnu-tools-for-stm32.9-2020-q2-update.win32_2.0.0.202105311346/tools/bin/../lib/gcc/arm-none-eabi/9.3.1/../../../../arm-none-eabi/lib/thumb/v7e-m+fp/hard\libc_nano.a(lib_a-exit.o) (_global_impure_ptr)
g:/st/stm32cubeide_1.3.0/stm32cubeide/plugins/com.st.stm32cube.ide.mcu.externaltools.gnu-tools-for-stm32.9-2020-q2-update.win32_2.0.0.202105311346/tools/bin/../lib/gcc/arm-none-eabi/9.3.1/../../../../arm-none-eabi/lib/thumb/v7e-m+fp/hard\libc_nano.a(lib_a-init.o)
                              g:/st/stm32cubeide_1.3.0/stm32cubeide/plugins/com.st.stm32cube.ide.mcu.externaltools.gnu-tools-for-stm32.9-2020-q2-update.win32_2.0.0.202105311346/tools/bin/../lib/gcc/arm-none-eabi/9.3.1/../../../../arm-none-eabi/lib/thumb/v7e-m+fp/hard/crt0.o (__libc_init_array)
g:/st/stm32cubeide_1.3.0/stm32cubeide/plugins/com.st.stm32cube.ide.mcu.externaltools.gnu-tools-for-stm32.9-2020-q2-update.win32_2.0.0.202105311346/tools/bin/../lib/gcc/arm-none-eabi/9.3.1/../../../../arm-none-eabi/lib/thumb/v7e-m+fp/hard\libc_nano.a(lib_a-memcpy-stub.o)
                              ./Middlewares/Third_Party/FreeRTOS/Source/queue.o (memcpy)
g:/st/stm32cubeide_1.3.0/stm32cubeide/plugins/com.st.stm32cube.ide.mcu.externaltools.gnu-tools-for-stm32.9-2020-q2-update.win32_2.0.0.202105311346/tools/bin/../lib/gcc/arm-none-eabi/9.3.1/../../../../arm-none-eabi/lib/thumb/v7e-m+fp/hard\libc_nano.a(lib_a-memset.o)
                              g:/st/stm32cubeide_1.3.0/stm32cubeide/plugins/com.st.stm32cube.ide.mcu.externaltools.gnu-tools-for-stm32.9-2020-q2-update.win32_2.0.0.202105311346/tools/bin/../lib/gcc/arm-none-eabi/9.3.1/../../../../arm-none-eabi/lib/thumb/v7e-m+fp/hard/crt0.o (memset)
g:/st/stm32cubeide_1.3.0/stm32cubeide/plugins/com.st.stm32cube.ide.mcu.externaltools.gnu-tools-for-stm32.9-2020-q2-update.win32_2.0.0.202105311346/tools/bin/../lib/gcc/arm-none-eabi/9.3.1/../../../../arm-none-eabi/lib/thumb/v7e-m+fp/hard\libc_nano.a(lib_a-sprintf.o)
                              ./Display/display.o (sprintf)
g:/st/stm32cubeide_1.3.0/stm32cubeide/plugins/com.st.stm32cube.ide.mcu.externaltools.gnu-tools-for-stm32.9-2020-q2-update.win32_2.0.0.202105311346/tools/bin/../lib/gcc/arm-none-eabi/9.3.1/../../../../arm-none-eabi/lib/thumb/v7e-m+fp/hard\libc_nano.a(lib_a-nano-svfprintf.o)
                              g:/st/stm32cubeide_1.3.0/stm32cubeide/plugins/com.st.stm32cube.ide.mcu.externaltools.gnu-tools-for-stm32.9-2020-q2-update.win32_2.0.0.202105311346/tools/bin/../lib/gcc/arm-none-eabi/9.3.1/../../../../arm-none-eabi/lib/thumb/v7e-m+fp/hard\libc_nano.a(lib_a-sprintf.o) (_svfprintf_r)
g:/st/stm32cubeide_1.3.0/stm32cubeide/plugins/com.st.stm32cube.ide.mcu.externaltools.gnu-tools-for-stm32.9-2020-q2-update.win32_2.0.0.202105311346/tools/bin/../lib/gcc/arm-none-eabi/9.3.1/../../../../arm-none-eabi/lib/thumb/v7e-m+fp/hard\libc_nano.a(lib_a-nano-vfprintf_i.o)
                              g:/st/stm32cubeide_1.3.0/stm32cubeide/plugins/com.st.stm32cube.ide.mcu.externaltools.gnu-tools-for-stm32.9-2020-q2-update.win32_2.0.0.202105311346/tools/bin/../lib/gcc/arm-none-eabi/9.3.1/../../../../arm-none-eabi/lib/thumb/v7e-m+fp/hard\libc_nano.a(lib_a-nano-svfprintf.o) (_printf_i)
g:/st/stm32cubeide_1.3.0/stm32cubeide/plugins/com.st.stm32cube.ide.mcu.externaltools.gnu-tools-for-stm32.9-2020-q2-update.win32_2.0.0.202105311346/tools/bin/../lib/gcc/arm-none-eabi/9.3.1/../../../../arm-none-eabi/lib/thumb/v7e-m+fp/hard\libc_nano.a(lib_a-memchr.o)
[...]
Memory Configuration

Name             Origin             Length             Attributes
CCMRAM           0x0000000010000000 0x0000000000002000 xrw
RAM              0x0000000020000000 0x000000000000a000 xrw
FLASH            0x0000000008000000 0x0000000000040000 xr
*default*        0x0000000000000000 0xffffffffffffffff

Linker script and memory map

LOAD g:/st/stm32cubeide_1.3.0/stm32cubeide/plugins/com.st.stm32cube.ide.mcu.externaltools.gnu-tools-for-stm32.9-2020-q2-update.win32_2.0.0.202105311346/tools/bin/../lib/gcc/arm-none-eabi/9.3.1/thumb/v7e-m+fp/hard/crti.o
LOAD g:/st/stm32cubeide_1.3.0/stm32cubeide/plugins/com.st.stm32cube.ide.mcu.externaltools.gnu-tools-for-stm32.9-2020-q2-update.win32_2.0.0.202105311346/tools/bin/../lib/gcc/arm-none-eabi/9.3.1/thumb/v7e-m+fp/hard/crtbegin.o
LOAD g:/st/stm32cubeide_1.3.0/stm32cubeide/plugins/com.st.stm32cube.ide.mcu.externaltools.gnu-tools-for-stm32.9-2020-q2-update.win32_2.0.0.202105311346/tools/bin/../lib/gcc/arm-none-eabi/9.3.1/../../../../arm-none-eabi/lib/thumb/v7e-m+fp/hard/crt0.o
LOAD ./Display/display.o
LOAD ./Drivers/STM32F3xx_HAL_Driver/Src/stm32f3xx_hal.o
LOAD ./Drivers/STM32F3xx_HAL_Driver/Src/stm32f3xx_hal_cortex.o
LOAD ./Drivers/STM32F3xx_HAL_Driver/Src/stm32f3xx_hal_dma.o
LOAD ./Drivers/STM32F3xx_HAL_Driver/Src/stm32f3xx_hal_exti.o
LOAD ./Drivers/STM32F3xx_HAL_Driver/Src/stm32f3xx_hal_flash.o
LOAD ./Drivers/STM32F3xx_HAL_Driver/Src/stm32f3xx_hal_flash_ex.o
LOAD ./Drivers/STM32F3xx_HAL_Driver/Src/stm32f3xx_hal_gpio.o
LOAD ./Drivers/STM32F3xx_HAL_Driver/Src/stm32f3xx_hal_i2c.o
LOAD ./Drivers/STM32F3xx_HAL_Driver/Src/stm32f3xx_hal_i2c_ex.o
LOAD ./Drivers/STM32F3xx_HAL_Driver/Src/stm32f3xx_hal_iwdg.o
LOAD ./Drivers/STM32F3xx_HAL_Driver/Src/stm32f3xx_hal_pwr.o
LOAD ./Drivers/STM32F3xx_HAL_Driver/Src/stm32f3xx_hal_pwr_ex.o
LOAD ./Drivers/STM32F3xx_HAL_Driver/Src/stm32f3xx_hal_rcc.o
LOAD ./Drivers/STM32F3xx_HAL_Driver/Src/stm32f3xx_hal_rcc_ex.o
LOAD ./Drivers/STM32F3xx_HAL_Driver/Src/stm32f3xx_hal_rtc.o
LOAD ./Drivers/STM32F3xx_HAL_Driver/Src/stm32f3xx_hal_rtc_ex.o
LOAD ./Drivers/STM32F3xx_HAL_Driver/Src/stm32f3xx_hal_tim.o
LOAD ./Drivers/STM32F3xx_HAL_Driver/Src/stm32f3xx_hal_tim_ex.o
LOAD ./Fans/fans.o
LOAD ./Keyboard/keyboard.o
LOAD ./Middlewares/Third_Party/FreeRTOS/Source/CMSIS_RTOS/cmsis_os.o
LOAD ./Middlewares/Third_Party/FreeRTOS/Source/croutine.o
LOAD ./Middlewares/Third_Party/FreeRTOS/Source/event_groups.o
LOAD ./Middlewares/Third_Party/FreeRTOS/Source/list.o
LOAD ./Middlewares/Third_Party/FreeRTOS/Source/queue.o
LOAD ./Middlewares/Third_Party/FreeRTOS/Source/stream_buffer.o
LOAD ./Middlewares/Third_Party/FreeRTOS/Source/tasks.o
LOAD ./Middlewares/Third_Party/FreeRTOS/Source/timers.o
LOAD ./Middlewares/Third_Party/FreeRTOS/Source/portable/GCC/ARM_CM4F/port.o
LOAD ./Middlewares/Third_Party/FreeRTOS/Source/portable/MemMang/heap_4.o
LOAD ./Src/freertos.o
LOAD ./Src/gpio.o
LOAD ./Src/i2c.o
LOAD ./Src/iwdg.o
LOAD ./Src/main.o
LOAD ./Src/rtc.o
LOAD ./Src/stm32f3xx_hal_msp.o
LOAD ./Src/stm32f3xx_hal_timebase_tim.o
LOAD ./Src/stm32f3xx_it.o
LOAD ./Src/syscalls.o
LOAD ./Src/sysmem.o
LOAD ./Src/system_stm32f3xx.o
LOAD ./Src/tim.o
LOAD ./Startup/startup_stm32f303cctx.o
LOAD ./StoringSettings/storingSettings.o
LOAD ./fillMenu/fillMenu.o
LOAD ./ssd1306/fonts.o
LOAD ./ssd1306/ssd1306.o
START GROUP
LOAD g:/st/stm32cubeide_1.3.0/stm32cubeide/plugins/com.st.stm32cube.ide.mcu.externaltools.gnu-tools-for-stm32.9-2020-q2-update.win32_2.0.0.202105311346/tools/bin/../lib/gcc/arm-none-eabi/9.3.1/../../../../arm-none-eabi/lib/thumb/v7e-m+fp/hard\libc_nano.a
LOAD g:/st/stm32cubeide_1.3.0/stm32cubeide/plugins/com.st.stm32cube.ide.mcu.externaltools.gnu-tools-for-stm32.9-2020-q2-update.win32_2.0.0.202105311346/tools/bin/../lib/gcc/arm-none-eabi/9.3.1/../../../../arm-none-eabi/lib/thumb/v7e-m+fp/hard\libm.a
END GROUP
START GROUP
LOAD g:/st/stm32cubeide_1.3.0/stm32cubeide/plugins/com.st.stm32cube.ide.mcu.externaltools.gnu-tools-for-stm32.9-2020-q2-update.win32_2.0.0.202105311346/tools/bin/../lib/gcc/arm-none-eabi/9.3.1/thumb/v7e-m+fp/hard\libgcc.a
LOAD g:/st/stm32cubeide_1.3.0/stm32cubeide/plugins/com.st.stm32cube.ide.mcu.externaltools.gnu-tools-for-stm32.9-2020-q2-update.win32_2.0.0.202105311346/tools/bin/../lib/gcc/arm-none-eabi/9.3.1/../../../../arm-none-eabi/lib/thumb/v7e-m+fp/hard\libc_nano.a
END GROUP
START GROUP
LOAD g:/st/stm32cubeide_1.3.0/stm32cubeide/plugins/com.st.stm32cube.ide.mcu.externaltools.gnu-tools-for-stm32.9-2020-q2-update.win32_2.0.0.202105311346/tools/bin/../lib/gcc/arm-none-eabi/9.3.1/thumb/v7e-m+fp/hard\libgcc.a
LOAD g:/st/stm32cubeide_1.3.0/stm32cubeide/plugins/com.st.stm32cube.ide.mcu.externaltools.gnu-tools-for-stm32.9-2020-q2-update.win32_2.0.0.202105311346/tools/bin/../lib/gcc/arm-none-eabi/9.3.1/../../../../arm-none-eabi/lib/thumb/v7e-m+fp/hard\libc_nano.a
LOAD g:/st/stm32cubeide_1.3.0/stm32cubeide/plugins/com.st.stm32cube.ide.mcu.externaltools.gnu-tools-for-stm32.9-2020-q2-update.win32_2.0.0.202105311346/tools/bin/../lib/gcc/arm-none-eabi/9.3.1/../../../../arm-none-eabi/lib/thumb/v7e-m+fp/hard\libnosys.a
END GROUP
START GROUP
LOAD g:/st/stm32cubeide_1.3.0/stm32cubeide/plugins/com.st.stm32cube.ide.mcu.externaltools.gnu-tools-for-stm32.9-2020-q2-update.win32_2.0.0.202105311346/tools/bin/../lib/gcc/arm-none-eabi/9.3.1/thumb/v7e-m+fp/hard\libgcc.a
LOAD g:/st/stm32cubeide_1.3.0/stm32cubeide/plugins/com.st.stm32cube.ide.mcu.externaltools.gnu-tools-for-stm32.9-2020-q2-update.win32_2.0.0.202105311346/tools/bin/../lib/gcc/arm-none-eabi/9.3.1/../../../../arm-none-eabi/lib/thumb/v7e-m+fp/hard\libc_nano.a
LOAD g:/st/stm32cubeide_1.3.0/stm32cubeide/plugins/com.st.stm32cube.ide.mcu.externaltools.gnu-tools-for-stm32.9-2020-q2-update.win32_2.0.0.202105311346/tools/bin/../lib/gcc/arm-none-eabi/9.3.1/../../../../arm-none-eabi/lib/thumb/v7e-m+fp/hard\libnosys.a
END GROUP
LOAD g:/st/stm32cubeide_1.3.0/stm32cubeide/plugins/com.st.stm32cube.ide.mcu.externaltools.gnu-tools-for-stm32.9-2020-q2-update.win32_2.0.0.202105311346/tools/bin/../lib/gcc/arm-none-eabi/9.3.1/thumb/v7e-m+fp/hard/crtend.o
LOAD g:/st/stm32cubeide_1.3.0/stm32cubeide/plugins/com.st.stm32cube.ide.mcu.externaltools.gnu-tools-for-stm32.9-2020-q2-update.win32_2.0.0.202105311346/tools/bin/../lib/gcc/arm-none-eabi/9.3.1/thumb/v7e-m+fp/hard/crtn.o
                0x000000002000a000                _estack = (ORIGIN (RAM) + LENGTH (RAM))
                0x0000000000000800                _Min_Heap_Size = 0x800
                0x0000000000000800                _Min_Stack_Size = 0x800

.isr_vector     0x0000000008000000      0x188
                0x0000000008000000                . = ALIGN (0x4)
 *(.isr_vector)
 .isr_vector    0x0000000008000000      0x188 ./Startup/startup_stm32f303cctx.o
                0x0000000008000000                g_pfnVectors
                0x0000000008000188                . = ALIGN (0x4)

.text           0x0000000008000190     0x8380
                0x0000000008000190                . = ALIGN (0x4)
 *(.text)
 .text          0x0000000008000190       0x40 g:/st/stm32cubeide_1.3.0/stm32cubeide/plugins/com.st.stm32cube.ide.mcu.externaltools.gnu-tools-for-stm32.9-2020-q2-update.win32_2.0.0.202105311346/tools/bin/../lib/gcc/arm-none-eabi/9.3.1/thumb/v7e-m+fp/hard/crtbegin.o
 .text          0x00000000080001d0       0xa0 g:/st/stm32cubeide_1.3.0/stm32cubeide/plugins/com.st.stm32cube.ide.mcu.externaltools.gnu-tools-for-stm32.9-2020-q2-update.win32_2.0.0.202105311346/tools/bin/../lib/gcc/arm-none-eabi/9.3.1/../../../../arm-none-eabi/lib/thumb/v7e-m+fp/hard\libc_nano.a(lib_a-memchr.o)
                0x00000000080001d0                memchr
 *(.text*)
 .text.DISPLAY_ShowMenu
                0x0000000008000270      0x468 ./Display/display.o
                0x0000000008000270                DISPLAY_ShowMenu
 .text.DISPLAY_GoesTo
                0x00000000080006d8        0x4 ./Display/display.o
                0x00000000080006d8                DISPLAY_GoesTo
 .text.DISPLAY_GoesToAndShowInfo
                0x00000000080006dc        0x4 ./Display/display.o
                0x00000000080006dc                DISPLAY_GoesToAndShowInfo
 .text.DISPLAY_GoesToAndNotShowTime
                0x00000000080006e0        0xc ./Display/display.o
                0x00000000080006e0                DISPLAY_GoesToAndNotShowTime
 .text.DISPLAY_GoesToAndFillTime
                0x00000000080006ec       0x28 ./Display/display.o
                0x00000000080006ec                DISPLAY_GoesToAndFillTime
 .text.DISPLAY_GoesToAndFillDate
                0x0000000008000714       0x20 ./Display/display.o
                0x0000000008000714                DISPLAY_GoesToAndFillDate
 .text.DISPLAY_GoesToAndFillStartDay
                0x0000000008000734       0x18 ./Display/display.o
                0x0000000008000734                DISPLAY_GoesToAndFillStartDay
 .text.DISPLAY_GoesToAndFillEndDay
                0x000000000800074c       0x18 ./Display/display.o
                0x000000000800074c                DISPLAY_GoesToAndFillEndDay
 .text.HAL_Init
                0x0000000008000764       0x24 ./Drivers/STM32F3xx_HAL_Driver/Src/stm32f3xx_hal.o
                0x0000000008000764                HAL_Init
 .text.HAL_IncTick
                0x0000000008000788       0x18 ./Drivers/STM32F3xx_HAL_Driver/Src/stm32f3xx_hal.o
                0x0000000008000788                HAL_IncTick
 .text.HAL_GetTick
                0x00000000080007a0        0xc ./Drivers/STM32F3xx_HAL_Driver/Src/stm32f3xx_hal.o
                0x00000000080007a0                HAL_GetTick
 .text.HAL_Delay
                0x00000000080007ac       0x24 ./Drivers/STM32F3xx_HAL_Driver/Src/stm32f3xx_hal.o
                0x00000000080007ac                HAL_Delay
 .text.HAL_NVIC_SetPriorityGrouping
                0x00000000080007d0       0x28 ./Drivers/STM32F3xx_HAL_Driver/Src/stm32f3xx_hal_cortex.o
                0x00000000080007d0                HAL_NVIC_SetPriorityGrouping
 .text.HAL_NVIC_SetPriority
                0x00000000080007f8       0x70 ./Drivers/STM32F3xx_HAL_Driver/Src/stm32f3xx_hal_cortex.o
                0x00000000080007f8                HAL_NVIC_SetPriority
 .text.HAL_NVIC_EnableIRQ
                0x0000000008000868       0x1c ./Drivers/STM32F3xx_HAL_Driver/Src/stm32f3xx_hal_cortex.o
                0x0000000008000868                HAL_NVIC_EnableIRQ
 .text.HAL_NVIC_DisableIRQ
                0x0000000008000884       0x28 ./Drivers/STM32F3xx_HAL_Driver/Src/stm32f3xx_hal_cortex.o
                0x0000000008000884                HAL_NVIC_DisableIRQ
 .text.HAL_FLASH_Program
                0x00000000080008ac      0x194 ./Drivers/STM32F3xx_HAL_Driver/Src/stm32f3xx_hal_flash.o
                0x00000000080008ac                HAL_FLASH_Program
 .text.HAL_FLASH_Unlock
                0x0000000008000a40       0x28 ./Drivers/STM32F3xx_HAL_Driver/Src/stm32f3xx_hal_flash.o
                0x0000000008000a40                HAL_FLASH_Unlock
 .text.HAL_FLASH_Lock
                0x0000000008000a68       0x14 ./Drivers/STM32F3xx_HAL_Driver/Src/stm32f3xx_hal_flash.o
                0x0000000008000a68                HAL_FLASH_Lock
 .text.FLASH_WaitForLastOperation
                0x0000000008000a7c       0x8c ./Drivers/STM32F3xx_HAL_Driver/Src/stm32f3xx_hal_flash.o
                0x0000000008000a7c                FLASH_WaitForLastOperation
 .text.HAL_FLASHEx_Erase
                0x0000000008000b08       0xc4 ./Drivers/STM32F3xx_HAL_Driver/Src/stm32f3xx_hal_flash_ex.o
                0x0000000008000b08                HAL_FLASHEx_Erase
 .text.HAL_GPIO_Init
                0x0000000008000bcc      0x1d4 ./Drivers/STM32F3xx_HAL_Driver/Src/stm32f3xx_hal_gpio.o
                0x0000000008000bcc                HAL_GPIO_Init
 .text.HAL_GPIO_WritePin
                0x0000000008000da0        0xc ./Drivers/STM32F3xx_HAL_Driver/Src/stm32f3xx_hal_gpio.o
                0x0000000008000da0                HAL_GPIO_WritePin
 .text.HAL_GPIO_EXTI_IRQHandler
                0x0000000008000dac       0x18 ./Drivers/STM32F3xx_HAL_Driver/Src/stm32f3xx_hal_gpio.o
                0x0000000008000dac                HAL_GPIO_EXTI_IRQHandler
 .text.I2C_WaitOnTXISFlagUntilTimeout
                0x0000000008000dc4       0xa8 ./Drivers/STM32F3xx_HAL_Driver/Src/stm32f3xx_hal_i2c.o
 .text.I2C_WaitOnSTOPFlagUntilTimeout
                0x0000000008000e6c       0xac ./Drivers/STM32F3xx_HAL_Driver/Src/stm32f3xx_hal_i2c.o
 .text.HAL_I2C_Init
                0x0000000008000f18       0xa8 ./Drivers/STM32F3xx_HAL_Driver/Src/stm32f3xx_hal_i2c.o
                0x0000000008000f18                HAL_I2C_Init
 .text.HAL_I2C_Mem_Write
                0x0000000008000fc0      0x25c ./Drivers/STM32F3xx_HAL_Driver/Src/stm32f3xx_hal_i2c.o
                0x0000000008000fc0                HAL_I2C_Mem_Write
 .text.HAL_I2CEx_ConfigAnalogFilter
                0x000000000800121c       0x58 ./Drivers/STM32F3xx_HAL_Driver/Src/stm32f3xx_hal_i2c_ex.o
                0x000000000800121c                HAL_I2CEx_ConfigAnalogFilter
 .text.HAL_I2CEx_ConfigDigitalFilter
                0x0000000008001274       0x54 ./Drivers/STM32F3xx_HAL_Driver/Src/stm32f3xx_hal_i2c_ex.o
                0x0000000008001274                HAL_I2CEx_ConfigDigitalFilter
 .text.HAL_IWDG_Init
                0x00000000080012c8       0x58 ./Drivers/STM32F3xx_HAL_Driver/Src/stm32f3xx_hal_iwdg.o
                0x00000000080012c8                HAL_IWDG_Init
 .text.HAL_IWDG_Refresh
                0x0000000008001320        0xc ./Drivers/STM32F3xx_HAL_Driver/Src/stm32f3xx_hal_iwdg.o
                0x0000000008001320                HAL_IWDG_Refresh
 .text.HAL_PWR_EnableBkUpAccess
                0x000000000800132c       0x10 ./Drivers/STM32F3xx_HAL_Driver/Src/stm32f3xx_hal_pwr.o
                0x000000000800132c                HAL_PWR_EnableBkUpAccess
 .text.HAL_RCC_OscConfig
                0x000000000800133c      0x5d8 ./Drivers/STM32F3xx_HAL_Driver/Src/stm32f3xx_hal_rcc.o
                0x000000000800133c                HAL_RCC_OscConfig
 .text.HAL_RCC_ClockConfig
                0x0000000008001914      0x1e8 ./Drivers/STM32F3xx_HAL_Driver/Src/stm32f3xx_hal_rcc.o
                0x0000000008001914                HAL_RCC_ClockConfig
 .text.HAL_RCC_GetPCLK2Freq
                0x0000000008001afc       0x30 ./Drivers/STM32F3xx_HAL_Driver/Src/stm32f3xx_hal_rcc.o
                0x0000000008001afc                HAL_RCC_GetPCLK2Freq
 .text.HAL_RCC_GetClockConfig
                0x0000000008001b2c       0x44 ./Drivers/STM32F3xx_HAL_Driver/Src/stm32f3xx_hal_rcc.o
                0x0000000008001b2c                HAL_RCC_GetClockConfig
 .text.HAL_RCCEx_PeriphCLKConfig
                0x0000000008001b70      0x224 ./Drivers/STM32F3xx_HAL_Driver/Src/stm32f3xx_hal_rcc_ex.o
                0x0000000008001b70                HAL_RCCEx_PeriphCLKConfig
 .text.HAL_RTC_Init
                0x0000000008001d94       0xdc ./Drivers/STM32F3xx_HAL_Driver/Src/stm32f3xx_hal_rtc.o
                0x0000000008001d94                HAL_RTC_Init
 .text.HAL_RTC_SetTime
                0x0000000008001e70      0x170 ./Drivers/STM32F3xx_HAL_Driver/Src/stm32f3xx_hal_rtc.o
                0x0000000008001e70                HAL_RTC_SetTime
 .text.HAL_RTC_GetTime
                0x0000000008001fe0       0x68 ./Drivers/STM32F3xx_HAL_Driver/Src/stm32f3xx_hal_rtc.o
                0x0000000008001fe0                HAL_RTC_GetTime
 .text.HAL_RTC_SetDate
                0x0000000008002048      0x150 ./Drivers/STM32F3xx_HAL_Driver/Src/stm32f3xx_hal_rtc.o
                0x0000000008002048                HAL_RTC_SetDate
 .text.HAL_RTC_GetDate
                0x0000000008002198       0x5c ./Drivers/STM32F3xx_HAL_Driver/Src/stm32f3xx_hal_rtc.o
                0x0000000008002198                HAL_RTC_GetDate
 .text.HAL_RTC_SetAlarm_IT
                0x00000000080021f4      0x1e0 ./Drivers/STM32F3xx_HAL_Driver/Src/stm32f3xx_hal_rtc.o
                0x00000000080021f4                HAL_RTC_SetAlarm_IT
 .text.HAL_RTC_AlarmIRQHandler
                0x00000000080023d4       0x58 ./Drivers/STM32F3xx_HAL_Driver/Src/stm32f3xx_hal_rtc.o
                0x00000000080023d4                HAL_RTC_AlarmIRQHandler
 .text.HAL_RTCEx_AlarmBEventCallback
                0x000000000800242c        0x4 ./Drivers/STM32F3xx_HAL_Driver/Src/stm32f3xx_hal_rtc_ex.o
                0x000000000800242c                HAL_RTCEx_AlarmBEventCallback
 .text.TIM_OC1_SetConfig
                0x0000000008002430       0x7c ./Drivers/STM32F3xx_HAL_Driver/Src/stm32f3xx_hal_tim.o
 .text.TIM_OC3_SetConfig
                0x00000000080024ac       0x80 ./Drivers/STM32F3xx_HAL_Driver/Src/stm32f3xx_hal_tim.o
 .text.HAL_TIM_Base_Init
                0x000000000800252c       0xdc ./Drivers/STM32F3xx_HAL_Driver/Src/stm32f3xx_hal_tim.o
                0x000000000800252c                HAL_TIM_Base_Init
 .text.HAL_TIM_Base_Start_IT
                0x0000000008002608       0x2c ./Drivers/STM32F3xx_HAL_Driver/Src/stm32f3xx_hal_tim.o
                0x0000000008002608                HAL_TIM_Base_Start_IT
 .text.HAL_TIM_PWM_Init
                0x0000000008002634       0xdc ./Drivers/STM32F3xx_HAL_Driver/Src/stm32f3xx_hal_tim.o
                0x0000000008002634                HAL_TIM_PWM_Init
 .text.HAL_TIM_PWM_Start
                0x0000000008002710       0x74 ./Drivers/STM32F3xx_HAL_Driver/Src/stm32f3xx_hal_tim.o
                0x0000000008002710                HAL_TIM_PWM_Start
 .text.HAL_TIM_Encoder_Init
                0x0000000008002784      0x150 ./Drivers/STM32F3xx_HAL_Driver/Src/stm32f3xx_hal_tim.o
                0x0000000008002784                HAL_TIM_Encoder_Init
 .text.HAL_TIM_Encoder_Start_IT
                0x00000000080028d4       0x7c ./Drivers/STM32F3xx_HAL_Driver/Src/stm32f3xx_hal_tim.o
                0x00000000080028d4                HAL_TIM_Encoder_Start_IT
 .text.HAL_TIM_ConfigClockSource
                0x0000000008002950      0x14c ./Drivers/STM32F3xx_HAL_Driver/Src/stm32f3xx_hal_tim.o
                0x0000000008002950                HAL_TIM_ConfigClockSource
 .text.HAL_TIM_OC_DelayElapsedCallback
                0x0000000008002a9c        0x4 ./Drivers/STM32F3xx_HAL_Driver/Src/stm32f3xx_hal_tim.o
                0x0000000008002a9c                HAL_TIM_OC_DelayElapsedCallback
 .text.HAL_TIM_PWM_PulseFinishedCallback
                0x0000000008002aa0        0x4 ./Drivers/STM32F3xx_HAL_Driver/Src/stm32f3xx_hal_tim.o
                0x0000000008002aa0                HAL_TIM_PWM_PulseFinishedCallback
 .text.HAL_TIM_TriggerCallback
                0x0000000008002aa4        0x4 ./Drivers/STM32F3xx_HAL_Driver/Src/stm32f3xx_hal_tim.o
                0x0000000008002aa4                HAL_TIM_TriggerCallback
 .text.HAL_TIM_IRQHandler
                0x0000000008002aa8      0x170 ./Drivers/STM32F3xx_HAL_Driver/Src/stm32f3xx_hal_tim.o
                0x0000000008002aa8                HAL_TIM_IRQHandler
 .text.TIM_OC2_SetConfig
                0x0000000008002c18       0x80 ./Drivers/STM32F3xx_HAL_Driver/Src/stm32f3xx_hal_tim.o
                0x0000000008002c18                TIM_OC2_SetConfig
 .text.HAL_TIM_PWM_ConfigChannel
                0x0000000008002c98      0x294 ./Drivers/STM32F3xx_HAL_Driver/Src/stm32f3xx_hal_tim.o
                0x0000000008002c98                HAL_TIM_PWM_ConfigChannel
 .text.HAL_TIMEx_MasterConfigSynchronization
                0x0000000008002f2c       0x88 ./Drivers/STM32F3xx_HAL_Driver/Src/stm32f3xx_hal_tim_ex.o
                0x0000000008002f2c                HAL_TIMEx_MasterConfigSynchronization
 .text.HAL_TIMEx_ConfigBreakDeadTime
                0x0000000008002fb4       0x8c ./Drivers/STM32F3xx_HAL_Driver/Src/stm32f3xx_hal_tim_ex.o
                0x0000000008002fb4                HAL_TIMEx_ConfigBreakDeadTime
 .text.HAL_TIMEx_CommutCallback
                0x0000000008003040        0x4 ./Drivers/STM32F3xx_HAL_Driver/Src/stm32f3xx_hal_tim_ex.o
                0x0000000008003040                HAL_TIMEx_CommutCallback
 .text.HAL_TIMEx_BreakCallback
                0x0000000008003044        0x4 ./Drivers/STM32F3xx_HAL_Driver/Src/stm32f3xx_hal_tim_ex.o
                0x0000000008003044                HAL_TIMEx_BreakCallback
 .text.HAL_TIMEx_Break2Callback
                0x0000000008003048        0x4 ./Drivers/STM32F3xx_HAL_Driver/Src/stm32f3xx_hal_tim_ex.o
                0x0000000008003048                HAL_TIMEx_Break2Callback
 .text.FANS_UpdateCyrrentDays
                0x000000000800304c      0x1e4 ./Fans/fans.o
                0x000000000800304c                FANS_UpdateCyrrentDays
 .text.FANS_Toggle
                0x0000000008003230       0x1c ./Fans/fans.o
                0x0000000008003230                FANS_Toggle
 .text.FANS_UpdateFirstDay
                0x000000000800324c       0x28 ./Fans/fans.o
                0x000000000800324c                FANS_UpdateFirstDay
 .text.FANS_FillProgram
                0x0000000008003274       0x84 ./Fans/fans.o
                0x0000000008003274                FANS_FillProgram
 .text.FANS_ResetSettings
                0x00000000080032f8       0xf8 ./Fans/fans.o
                0x00000000080032f8                FANS_ResetSettings
 .text.FANS_SetTime
                0x00000000080033f0       0x24 ./Fans/fans.o
                0x00000000080033f0                FANS_SetTime
 .text.FANS_CalculationDate
                0x0000000008003414       0xa0 ./Fans/fans.o
                0x0000000008003414                FANS_CalculationDate
 .text.FANS_SetDate
                0x00000000080034b4      0x1f0 ./Fans/fans.o
                0x00000000080034b4                FANS_SetDate
 .text.FANS_SetStartDayTime
                0x00000000080036a4       0x30 ./Fans/fans.o
                0x00000000080036a4                FANS_SetStartDayTime
 .text.FANS_SetEndDayTime
                0x00000000080036d4       0x30 ./Fans/fans.o
                0x00000000080036d4                FANS_SetEndDayTime
 .text.FANS_SetPeriod
                0x0000000008003704       0x24 ./Fans/fans.o
                0x0000000008003704                FANS_SetPeriod
 .text.HAL_RTC_AlarmAEventCallback
                0x0000000008003728        0xc ./Fans/fans.o
                0x0000000008003728                HAL_RTC_AlarmAEventCallback
 .text.FANS_SetSpeed
                0x0000000008003734      0x178 ./Fans/fans.o
                0x0000000008003734                FANS_SetSpeed
 .text.HAL_GPIO_EXTI_Callback
                0x00000000080038ac       0x20 ./Keyboard/keyboard.o
                0x00000000080038ac                HAL_GPIO_EXTI_Callback
 .text.HAL_TIM_IC_CaptureCallback
                0x00000000080038cc       0x90 ./Keyboard/keyboard.o
                0x00000000080038cc                HAL_TIM_IC_CaptureCallback
 .text.KEYBOARD_ButtonClick
                0x000000000800395c       0x38 ./Keyboard/keyboard.o
                0x000000000800395c                KEYBOARD_ButtonClick
 .text.osKernelStart
                0x0000000008003994        0xc ./Middlewares/Third_Party/FreeRTOS/Source/CMSIS_RTOS/cmsis_os.o
                0x0000000008003994                osKernelStart
 .text.osThreadCreate
                0x00000000080039a0       0x58 ./Middlewares/Third_Party/FreeRTOS/Source/CMSIS_RTOS/cmsis_os.o
                0x00000000080039a0                osThreadCreate
 .text.osDelay  0x00000000080039f8       0x10 ./Middlewares/Third_Party/FreeRTOS/Source/CMSIS_RTOS/cmsis_os.o
                0x00000000080039f8                osDelay
 .text.vListInitialise
                0x0000000008003a08       0x18 ./Middlewares/Third_Party/FreeRTOS/Source/list.o
                0x0000000008003a08                vListInitialise
 .text.vListInitialiseItem
                0x0000000008003a20        0x8 ./Middlewares/Third_Party/FreeRTOS/Source/list.o
                0x0000000008003a20                vListInitialiseItem
 .text.vListInsertEnd
                0x0000000008003a28       0x20 ./Middlewares/Third_Party/FreeRTOS/Source/list.o
                0x0000000008003a28                vListInsertEnd
 .text.vListInsert
                0x0000000008003a48       0x30 ./Middlewares/Third_Party/FreeRTOS/Source/list.o
                0x0000000008003a48                vListInsert
 .text.uxListRemove
                0x0000000008003a78       0x28 ./Middlewares/Third_Party/FreeRTOS/Source/list.o
                0x0000000008003a78                uxListRemove
 .text.prvAddNewTaskToReadyList
                0x0000000008003aa0      0x13c ./Middlewares/Third_Party/FreeRTOS/Source/tasks.o
 .text.prvAddCurrentTaskToDelayedList
                0x0000000008003bdc       0x8c ./Middlewares/Third_Party/FreeRTOS/Source/tasks.o
 .text.prvIdleTask
                0x0000000008003c68       0xa0 ./Middlewares/Third_Party/FreeRTOS/Source/tasks.o
 .text.xTaskCreateStatic
                0x0000000008003d08      0x160 ./Middlewares/Third_Party/FreeRTOS/Source/tasks.o
                0x0000000008003d08                xTaskCreateStatic
 .text.xTaskCreate
                0x0000000008003e68      0x15c ./Middlewares/Third_Party/FreeRTOS/Source/tasks.o
                0x0000000008003e68                xTaskCreate
 .text.vTaskStartScheduler
                0x0000000008003fc4       0xf4 ./Middlewares/Third_Party/FreeRTOS/Source/tasks.o
                0x0000000008003fc4                vTaskStartScheduler
 .text.vTaskSuspendAll
                0x00000000080040b8       0x10 ./Middlewares/Third_Party/FreeRTOS/Source/tasks.o
                0x00000000080040b8                vTaskSuspendAll
 .text.xTaskIncrementTick
                0x00000000080040c8      0x168 ./Middlewares/Third_Party/FreeRTOS/Source/tasks.o
                0x00000000080040c8                xTaskIncrementTick
 .text.xTaskResumeAll
                0x0000000008004230      0x128 ./Middlewares/Third_Party/FreeRTOS/Source/tasks.o
                0x0000000008004230                xTaskResumeAll
 .text.vTaskDelay
                0x0000000008004358       0x48 ./Middlewares/Third_Party/FreeRTOS/Source/tasks.o
                0x0000000008004358                vTaskDelay
 .text.vTaskSwitchContext
                0x00000000080043a0       0x78 ./Middlewares/Third_Party/FreeRTOS/Source/tasks.o
                0x00000000080043a0                vTaskSwitchContext
 .text.prvPortStartFirstTask
                0x0000000008004418       0x28 ./Middlewares/Third_Party/FreeRTOS/Source/portable/GCC/ARM_CM4F/port.o
 .text.vPortEnableVFP
                0x0000000008004440       0x14 ./Middlewares/Third_Party/FreeRTOS/Source/portable/GCC/ARM_CM4F/port.o
 .text.prvTaskExitError
                0x0000000008004454       0x40 ./Middlewares/Third_Party/FreeRTOS/Source/portable/GCC/ARM_CM4F/port.o
 .text.pxPortInitialiseStack
                0x0000000008004494       0x30 ./Middlewares/Third_Party/FreeRTOS/Source/portable/GCC/ARM_CM4F/port.o
                0x0000000008004494                pxPortInitialiseStack
 *fill*         0x00000000080044c4        0xc 
 .text.SVC_Handler
                0x00000000080044d0       0x24 ./Middlewares/Third_Party/FreeRTOS/Source/portable/GCC/ARM_CM4F/port.o
                0x00000000080044d0                SVC_Handler
 .text.vPortEnterCritical
                0x00000000080044f4       0x44 ./Middlewares/Third_Party/FreeRTOS/Source/portable/GCC/ARM_CM4F/port.o
                0x00000000080044f4                vPortEnterCritical
 .text.vPortExitCritical
                0x0000000008004538       0x28 ./Middlewares/Third_Party/FreeRTOS/Source/portable/GCC/ARM_CM4F/port.o
                0x0000000008004538                vPortExitCritical
 .text.PendSV_Handler
                0x0000000008004560       0x64 ./Middlewares/Third_Party/FreeRTOS/Source/portable/GCC/ARM_CM4F/port.o
                0x0000000008004560                PendSV_Handler
 .text.SysTick_Handler
                0x00000000080045c4       0x2c ./Middlewares/Third_Party/FreeRTOS/Source/portable/GCC/ARM_CM4F/port.o
                0x00000000080045c4                SysTick_Handler
 .text.vPortSetupTimerInterrupt
                0x00000000080045f0       0x3c ./Middlewares/Third_Party/FreeRTOS/Source/portable/GCC/ARM_CM4F/port.o
                0x00000000080045f0                vPortSetupTimerInterrupt
 .text.xPortStartScheduler
                0x000000000800462c      0x138 ./Middlewares/Third_Party/FreeRTOS/Source/portable/GCC/ARM_CM4F/port.o
                0x000000000800462c                xPortStartScheduler
 .text.pvPortMalloc
                0x0000000008004764      0x168 ./Middlewares/Third_Party/FreeRTOS/Source/portable/MemMang/heap_4.o
                0x0000000008004764                pvPortMalloc
 .text.vPortFree
                0x00000000080048cc       0xb0 ./Middlewares/Third_Party/FreeRTOS/Source/portable/MemMang/heap_4.o
                0x00000000080048cc                vPortFree
 .text.ScreenAndButtonTask
                0x000000000800497c       0x70 ./Src/freertos.o
                0x000000000800497c                ScreenAndButtonTask
 .text.FansTask
                0x00000000080049ec       0xb0 ./Src/freertos.o
                0x00000000080049ec                FansTask
 .text.vApplicationGetIdleTaskMemory
                0x0000000008004a9c       0x1c ./Src/freertos.o
                0x0000000008004a9c                vApplicationGetIdleTaskMemory
 .text.MX_FREERTOS_Init
                0x0000000008004ab8       0x50 ./Src/freertos.o
                0x0000000008004ab8                MX_FREERTOS_Init
 .text.MX_GPIO_Init
                0x0000000008004b08       0xf8 ./Src/gpio.o
                0x0000000008004b08                MX_GPIO_Init
 .text.MX_I2C1_Init
                0x0000000008004c00       0x70 ./Src/i2c.o
                0x0000000008004c00                MX_I2C1_Init
 .text.HAL_I2C_MspInit
                0x0000000008004c70       0x70 ./Src/i2c.o
                0x0000000008004c70                HAL_I2C_MspInit
 .text.MX_IWDG_Init
                0x0000000008004ce0       0x2c ./Src/iwdg.o
                0x0000000008004ce0                MX_IWDG_Init
 .text.SystemClock_Config
                0x0000000008004d0c       0xa0 ./Src/main.o
                0x0000000008004d0c                SystemClock_Config
 .text.startup.main
                0x0000000008004dac      0x118 ./Src/main.o
                0x0000000008004dac                main
 .text.HAL_TIM_PeriodElapsedCallback
                0x0000000008004ec4       0x2c ./Src/main.o
                0x0000000008004ec4                HAL_TIM_PeriodElapsedCallback
 .text.Error_Handler
                0x0000000008004ef0        0x4 ./Src/main.o
                0x0000000008004ef0                Error_Handler
 .text.MX_RTC_Init
                0x0000000008004ef4       0x7c ./Src/rtc.o
                0x0000000008004ef4                MX_RTC_Init
 .text.HAL_RTC_MspInit
                0x0000000008004f70       0x40 ./Src/rtc.o
                0x0000000008004f70                HAL_RTC_MspInit
 .text.HAL_MspInit
                0x0000000008004fb0       0x3c ./Src/stm32f3xx_hal_msp.o
                0x0000000008004fb0                HAL_MspInit
 .text.HAL_InitTick
                0x0000000008004fec       0x7c ./Src/stm32f3xx_hal_timebase_tim.o
                0x0000000008004fec                HAL_InitTick
 .text.NMI_Handler
                0x0000000008005068        0x4 ./Src/stm32f3xx_it.o
                0x0000000008005068                NMI_Handler
 .text.HardFault_Handler
                0x000000000800506c        0x4 ./Src/stm32f3xx_it.o
                0x000000000800506c                HardFault_Handler
 .text.MemManage_Handler
                0x0000000008005070        0x4 ./Src/stm32f3xx_it.o
                0x0000000008005070                MemManage_Handler
 .text.BusFault_Handler
                0x0000000008005074        0x4 ./Src/stm32f3xx_it.o
                0x0000000008005074                BusFault_Handler
 .text.UsageFault_Handler
                0x0000000008005078        0x4 ./Src/stm32f3xx_it.o
                0x0000000008005078                UsageFault_Handler
 .text.DebugMon_Handler
                0x000000000800507c        0x4 ./Src/stm32f3xx_it.o
                0x000000000800507c                DebugMon_Handler
 .text.TIM1_TRG_COM_TIM17_IRQHandler
                0x0000000008005080        0xc ./Src/stm32f3xx_it.o
                0x0000000008005080                TIM1_TRG_COM_TIM17_IRQHandler
 .text.TIM2_IRQHandler
                0x000000000800508c        0xc ./Src/stm32f3xx_it.o
                0x000000000800508c                TIM2_IRQHandler
 .text.TIM4_IRQHandler
                0x0000000008005098        0xc ./Src/stm32f3xx_it.o
                0x0000000008005098                TIM4_IRQHandler
 .text.EXTI15_10_IRQHandler
                0x00000000080050a4        0x8 ./Src/stm32f3xx_it.o
                0x00000000080050a4                EXTI15_10_IRQHandler
 .text.RTC_Alarm_IRQHandler
                0x00000000080050ac        0xc ./Src/stm32f3xx_it.o
                0x00000000080050ac                RTC_Alarm_IRQHandler
 .text.TIM8_UP_IRQHandler
                0x00000000080050b8        0xc ./Src/stm32f3xx_it.o
                0x00000000080050b8                TIM8_UP_IRQHandler
 .text.TIM6_DAC_IRQHandler
                0x00000000080050c4        0xc ./Src/stm32f3xx_it.o
                0x00000000080050c4                TIM6_DAC_IRQHandler
 .text._sbrk    0x00000000080050d0       0x44 ./Src/sysmem.o
                0x00000000080050d0                _sbrk
 .text.SystemInit
                0x0000000008005114       0x1c ./Src/system_stm32f3xx.o
                0x0000000008005114                SystemInit
 .text.MX_TIM2_Init
                0x0000000008005130       0x70 ./Src/tim.o
                0x0000000008005130                MX_TIM2_Init
 .text.MX_TIM4_Init
                0x00000000080051a0       0x78 ./Src/tim.o
                0x00000000080051a0                MX_TIM4_Init
 .text.MX_TIM6_Init
                0x0000000008005218       0x58 ./Src/tim.o
                0x0000000008005218                MX_TIM6_Init
 .text.HAL_TIM_PWM_MspInit
                0x0000000008005270       0x68 ./Src/tim.o
                0x0000000008005270                HAL_TIM_PWM_MspInit
 .text.HAL_TIM_Encoder_MspInit
                0x00000000080052d8       0x78 ./Src/tim.o
                0x00000000080052d8                HAL_TIM_Encoder_MspInit
 .text.HAL_TIM_Base_MspInit
                0x0000000008005350       0x78 ./Src/tim.o
                0x0000000008005350                HAL_TIM_Base_MspInit
 .text.HAL_TIM_MspPostInit
                0x00000000080053c8       0xe8 ./Src/tim.o
                0x00000000080053c8                HAL_TIM_MspPostInit
 .text.MX_TIM1_Init
                0x00000000080054b0      0x120 ./Src/tim.o
                0x00000000080054b0                MX_TIM1_Init
 .text.MX_TIM3_Init
                0x00000000080055d0       0xc4 ./Src/tim.o
                0x00000000080055d0                MX_TIM3_Init
 .text.Reset_Handler
                0x0000000008005694       0x50 ./Startup/startup_stm32f303cctx.o
                0x0000000008005694                Reset_Handler
 .text.Default_Handler
                0x00000000080056e4        0x2 ./Startup/startup_stm32f303cctx.o
                0x00000000080056e4                TIM8_TRG_COM_IRQHandler
                0x00000000080056e4                TIM8_CC_IRQHandler
                0x00000000080056e4                TIM1_CC_IRQHandler
                0x00000000080056e4                USB_HP_IRQHandler
                0x00000000080056e4                PVD_IRQHandler
                0x00000000080056e4                TAMP_STAMP_IRQHandler
                0x00000000080056e4                EXTI3_IRQHandler
                0x00000000080056e4                USB_HP_CAN_TX_IRQHandler
                0x00000000080056e4                EXTI0_IRQHandler
                0x00000000080056e4                I2C2_EV_IRQHandler
                0x00000000080056e4                FPU_IRQHandler
                0x00000000080056e4                TIM1_UP_TIM16_IRQHandler
                0x00000000080056e4                ADC1_2_IRQHandler
                0x00000000080056e4                SPI1_IRQHandler
                0x00000000080056e4                CAN_SCE_IRQHandler
                0x00000000080056e4                DMA2_Channel2_IRQHandler
                0x00000000080056e4                DMA1_Channel4_IRQHandler
                0x00000000080056e4                USART3_IRQHandler
                0x00000000080056e4                DMA1_Channel7_IRQHandler
                0x00000000080056e4                UART5_IRQHandler
                0x00000000080056e4                ADC3_IRQHandler
                0x00000000080056e4                CAN_RX1_IRQHandler
                0x00000000080056e4                DMA2_Channel1_IRQHandler
                0x00000000080056e4                I2C1_EV_IRQHandler
                0x00000000080056e4                DMA1_Channel6_IRQHandler
                0x00000000080056e4                UART4_IRQHandler
                0x00000000080056e4                DMA2_Channel4_IRQHandler
                0x00000000080056e4                TIM3_IRQHandler
                0x00000000080056e4                RCC_IRQHandler
                0x00000000080056e4                DMA1_Channel1_IRQHandler
                0x00000000080056e4                Default_Handler
                0x00000000080056e4                USBWakeUp_RMP_IRQHandler
                0x00000000080056e4                TIM7_IRQHandler
                0x00000000080056e4                EXTI9_5_IRQHandler
                0x00000000080056e4                RTC_WKUP_IRQHandler
                0x00000000080056e4                SPI2_IRQHandler
                0x00000000080056e4                USB_LP_CAN_RX0_IRQHandler
                0x00000000080056e4                DMA2_Channel5_IRQHandler
                0x00000000080056e4                DMA1_Channel5_IRQHandler
                0x00000000080056e4                USB_LP_IRQHandler
                0x00000000080056e4                EXTI4_IRQHandler
                0x00000000080056e4                DMA1_Channel3_IRQHandler
                0x00000000080056e4                ADC4_IRQHandler
                0x00000000080056e4                WWDG_IRQHandler
                0x00000000080056e4                COMP7_IRQHandler
                0x00000000080056e4                COMP1_2_3_IRQHandler
                0x00000000080056e4                EXTI1_IRQHandler
                0x00000000080056e4                USART2_IRQHandler
                0x00000000080056e4                COMP4_5_6_IRQHandler
                0x00000000080056e4                I2C2_ER_IRQHandler
                0x00000000080056e4                DMA1_Channel2_IRQHandler
                0x00000000080056e4                TIM8_BRK_IRQHandler
                0x00000000080056e4                FLASH_IRQHandler
                0x00000000080056e4                USART1_IRQHandler
                0x00000000080056e4                SPI3_IRQHandler
                0x00000000080056e4                I2C1_ER_IRQHandler
                0x00000000080056e4                USBWakeUp_IRQHandler
                0x00000000080056e4                DMA2_Channel3_IRQHandler
                0x00000000080056e4                EXTI2_TSC_IRQHandler
                0x00000000080056e4                TIM1_BRK_TIM15_IRQHandler
 *fill*         0x00000000080056e6        0x2 
 .text.STORING_CheckFirstStart
                0x00000000080056e8      0x3e8 ./StoringSettings/storingSettings.o
                0x00000000080056e8                STORING_CheckFirstStart
 .text.STORING_SaveSetting
                0x0000000008005ad0      0x318 ./StoringSettings/storingSettings.o
                0x0000000008005ad0                STORING_SaveSetting
 .text.STORING_ReadSetting
                0x0000000008005de8       0x50 ./StoringSettings/storingSettings.o
                0x0000000008005de8                STORING_ReadSetting
 .text.MENU_Fill
                0x0000000008005e38     0x178c ./fillMenu/fillMenu.o
                0x0000000008005e38                MENU_Fill
 .text.ssd1306_on
                0x00000000080075c4       0x34 ./ssd1306/ssd1306.o
                0x00000000080075c4                ssd1306_on
 .text.ssd1306_off
                0x00000000080075f8       0x34 ./ssd1306/ssd1306.o
                0x00000000080075f8                ssd1306_off
 .text.ssd1306_CheckDisplayStatus
                0x000000000800762c       0x10 ./ssd1306/ssd1306.o
                0x000000000800762c                ssd1306_CheckDisplayStatus
 .text.ssd1306_Fill
                0x000000000800763c       0x18 ./ssd1306/ssd1306.o
                0x000000000800763c                ssd1306_Fill
 .text.ssd1306_UpdateScreen
                0x0000000008007654       0x90 ./ssd1306/ssd1306.o
                0x0000000008007654                ssd1306_UpdateScreen
 .text.ssd1306_Init
                0x00000000080076e4      0x30c ./ssd1306/ssd1306.o
                0x00000000080076e4                ssd1306_Init
 .text.ssd1306_DrawPixel
                0x00000000080079f0       0x5c ./ssd1306/ssd1306.o
                0x00000000080079f0                ssd1306_DrawPixel
 .text.ssd1306_WriteChar
                0x0000000008007a4c      0x1a8 ./ssd1306/ssd1306.o
                0x0000000008007a4c                ssd1306_WriteChar
 .text.ssd1306_WriteString
                0x0000000008007bf4       0x38 ./ssd1306/ssd1306.o
                0x0000000008007bf4                ssd1306_WriteString
 .text.ssd1306_SetCursor
                0x0000000008007c2c        0xc ./ssd1306/ssd1306.o
                0x0000000008007c2c                ssd1306_SetCursor
 .text.__errno  0x0000000008007c38        0xc g:/st/stm32cubeide_1.3.0/stm32cubeide/plugins/com.st.stm32cube.ide.mcu.externaltools.gnu-tools-for-stm32.9-2020-q2-update.win32_2.0.0.202105311346/tools/bin/../lib/gcc/arm-none-eabi/9.3.1/../../../../arm-none-eabi/lib/thumb/v7e-m+fp/hard\libc_nano.a(lib_a-errno.o)
                0x0000000008007c38                __errno
 .text.__libc_init_array
                0x0000000008007c44       0x48 g:/st/stm32cubeide_1.3.0/stm32cubeide/plugins/com.st.stm32cube.ide.mcu.externaltools.gnu-tools-for-stm32.9-2020-q2-update.win32_2.0.0.202105311346/tools/bin/../lib/gcc/arm-none-eabi/9.3.1/../../../../arm-none-eabi/lib/thumb/v7e-m+fp/hard\libc_nano.a(lib_a-init.o)
                0x0000000008007c44                __libc_init_array
 .text.memcpy   0x0000000008007c8c       0x1c g:/st/stm32cubeide_1.3.0/stm32cubeide/plugins/com.st.stm32cube.ide.mcu.externaltools.gnu-tools-for-stm32.9-2020-q2-update.win32_2.0.0.202105311346/tools/bin/../lib/gcc/arm-none-eabi/9.3.1/../../../../arm-none-eabi/lib/thumb/v7e-m+fp/hard\libc_nano.a(lib_a-memcpy-stub.o)
                0x0000000008007c8c                memcpy
 .text.memset   0x0000000008007ca8       0x10 g:/st/stm32cubeide_1.3.0/stm32cubeide/plugins/com.st.stm32cube.ide.mcu.externaltools.gnu-tools-for-stm32.9-2020-q2-update.win32_2.0.0.202105311346/tools/bin/../lib/gcc/arm-none-eabi/9.3.1/../../../../arm-none-eabi/lib/thumb/v7e-m+fp/hard\libc_nano.a(lib_a-memset.o)
                0x0000000008007ca8                memset
 .text.sprintf  0x0000000008007cb8       0x40 g:/st/stm32cubeide_1.3.0/stm32cubeide/plugins/com.st.stm32cube.ide.mcu.externaltools.gnu-tools-for-stm32.9-2020-q2-update.win32_2.0.0.202105311346/tools/bin/../lib/gcc/arm-none-eabi/9.3.1/../../../../arm-none-eabi/lib/thumb/v7e-m+fp/hard\libc_nano.a(lib_a-sprintf.o)
                0x0000000008007cb8                siprintf
                0x0000000008007cb8                sprintf
 .text.__ssputs_r
                0x0000000008007cf8       0xb6 g:/st/stm32cubeide_1.3.0/stm32cubeide/plugins/com.st.stm32cube.ide.mcu.externaltools.gnu-tools-for-stm32.9-2020-q2-update.win32_2.0.0.202105311346/tools/bin/../lib/gcc/arm-none-eabi/9.3.1/../../../../arm-none-eabi/lib/thumb/v7e-m+fp/hard\libc_nano.a(lib_a-nano-svfprintf.o)
                0x0000000008007cf8                __ssputs_r
 *fill*         0x0000000008007dae        0x2 
 .text._svfprintf_r
                0x0000000008007db0      0x200 g:/st/stm32cubeide_1.3.0/stm32cubeide/plugins/com.st.stm32cube.ide.mcu.externaltools.gnu-tools-for-stm32.9-2020-q2-update.win32_2.0.0.202105311346/tools/bin/../lib/gcc/arm-none-eabi/9.3.1/../../../../arm-none-eabi/lib/thumb/v7e-m+fp/hard\libc_nano.a(lib_a-nano-svfprintf.o)
                0x0000000008007db0                _svfiprintf_r
                0x0000000008007db0                _svfprintf_r
 .text._printf_common
                0x0000000008007fb0       0xda g:/st/stm32cubeide_1.3.0/stm32cubeide/plugins/com.st.stm32cube.ide.mcu.externaltools.gnu-tools-for-stm32.9-2020-q2-update.win32_2.0.0.202105311346/tools/bin/../lib/gcc/arm-none-eabi/9.3.1/../../../../arm-none-eabi/lib/thumb/v7e-m+fp/hard\libc_nano.a(lib_a-nano-vfprintf_i.o)
                0x0000000008007fb0                _printf_common
 *fill*         0x000000000800808a        0x2 
 .text._printf_i
                0x000000000800808c      0x24c g:/st/stm32cubeide_1.3.0/stm32cubeide/plugins/com.st.stm32cube.ide.mcu.externaltools.gnu-tools-for-stm32.9-2020-q2-update.win32_2.0.0.202105311346/tools/bin/../lib/gcc/arm-none-eabi/9.3.1/../../../../arm-none-eabi/lib/thumb/v7e-m+fp/hard\libc_nano.a(lib_a-nano-vfprintf_i.o)
                0x000000000800808c                _printf_i
 .text.memmove  0x00000000080082d8       0x34 g:/st/stm32cubeide_1.3.0/stm32cubeide/plugins/com.st.stm32cube.ide.mcu.externaltools.gnu-tools-for-stm32.9-2020-q2-update.win32_2.0.0.202105311346/tools/bin/../lib/gcc/arm-none-eabi/9.3.1/../../../../arm-none-eabi/lib/thumb/v7e-m+fp/hard\libc_nano.a(lib_a-memmove.o)
                0x00000000080082d8                memmove
 .text._free_r  0x000000000800830c       0xa0 g:/st/stm32cubeide_1.3.0/stm32cubeide/plugins/com.st.stm32cube.ide.mcu.externaltools.gnu-tools-for-stm32.9-2020-q2-update.win32_2.0.0.202105311346/tools/bin/../lib/gcc/arm-none-eabi/9.3.1/../../../../arm-none-eabi/lib/thumb/v7e-m+fp/hard\libc_nano.a(lib_a-nano-freer.o)
                0x000000000800830c                _free_r
 .text._malloc_r
                0x00000000080083ac       0xb4 g:/st/stm32cubeide_1.3.0/stm32cubeide/plugins/com.st.stm32cube.ide.mcu.externaltools.gnu-tools-for-stm32.9-2020-q2-update.win32_2.0.0.202105311346/tools/bin/../lib/gcc/arm-none-eabi/9.3.1/../../../../arm-none-eabi/lib/thumb/v7e-m+fp/hard\libc_nano.a(lib_a-nano-mallocr.o)
                0x00000000080083ac                _malloc_r
 .text._realloc_r
                0x0000000008008460       0x4c g:/st/stm32cubeide_1.3.0/stm32cubeide/plugins/com.st.stm32cube.ide.mcu.externaltools.gnu-tools-for-stm32.9-2020-q2-update.win32_2.0.0.202105311346/tools/bin/../lib/gcc/arm-none-eabi/9.3.1/../../../../arm-none-eabi/lib/thumb/v7e-m+fp/hard\libc_nano.a(lib_a-nano-reallocr.o)
                0x0000000008008460                _realloc_r
 .text._sbrk_r  0x00000000080084ac       0x20 g:/st/stm32cubeide_1.3.0/stm32cubeide/plugins/com.st.stm32cube.ide.mcu.externaltools.gnu-tools-for-stm32.9-2020-q2-update.win32_2.0.0.202105311346/tools/bin/../lib/gcc/arm-none-eabi/9.3.1/../../../../arm-none-eabi/lib/thumb/v7e-m+fp/hard\libc_nano.a(lib_a-sbrkr.o)
                0x00000000080084ac                _sbrk_r
 .text.__malloc_lock
                0x00000000080084cc        0xc g:/st/stm32cubeide_1.3.0/stm32cubeide/plugins/com.st.stm32cube.ide.mcu.externaltools.gnu-tools-for-stm32.9-2020-q2-update.win32_2.0.0.202105311346/tools/bin/../lib/gcc/arm-none-eabi/9.3.1/../../../../arm-none-eabi/lib/thumb/v7e-m+fp/hard\libc_nano.a(lib_a-mlock.o)
                0x00000000080084cc                __malloc_lock
 .text.__malloc_unlock
                0x00000000080084d8        0xc g:/st/stm32cubeide_1.3.0/stm32cubeide/plugins/com.st.stm32cube.ide.mcu.externaltools.gnu-tools-for-stm32.9-2020-q2-update.win32_2.0.0.202105311346/tools/bin/../lib/gcc/arm-none-eabi/9.3.1/../../../../arm-none-eabi/lib/thumb/v7e-m+fp/hard\libc_nano.a(lib_a-mlock.o)
                0x00000000080084d8                __malloc_unlock
 .text._malloc_usable_size_r
                0x00000000080084e4       0x10 g:/st/stm32cubeide_1.3.0/stm32cubeide/plugins/com.st.stm32cube.ide.mcu.externaltools.gnu-tools-for-stm32.9-2020-q2-update.win32_2.0.0.202105311346/tools/bin/../lib/gcc/arm-none-eabi/9.3.1/../../../../arm-none-eabi/lib/thumb/v7e-m+fp/hard\libc_nano.a(lib_a-nano-msizer.o)
                0x00000000080084e4                _malloc_usable_size_r
 .text.__retarget_lock_acquire_recursive
                0x00000000080084f4        0x2 g:/st/stm32cubeide_1.3.0/stm32cubeide/plugins/com.st.stm32cube.ide.mcu.externaltools.gnu-tools-for-stm32.9-2020-q2-update.win32_2.0.0.202105311346/tools/bin/../lib/gcc/arm-none-eabi/9.3.1/../../../../arm-none-eabi/lib/thumb/v7e-m+fp/hard\libc_nano.a(lib_a-lock.o)
                0x00000000080084f4                __retarget_lock_acquire_recursive
 .text.__retarget_lock_release_recursive
                0x00000000080084f6        0x2 g:/st/stm32cubeide_1.3.0/stm32cubeide/plugins/com.st.stm32cube.ide.mcu.externaltools.gnu-tools-for-stm32.9-2020-q2-update.win32_2.0.0.202105311346/tools/bin/../lib/gcc/arm-none-eabi/9.3.1/../../../../arm-none-eabi/lib/thumb/v7e-m+fp/hard\libc_nano.a(lib_a-lock.o)
                0x00000000080084f6                __retarget_lock_release_recursive
 *(.glue_7)
 .glue_7        0x00000000080084f8        0x0 linker stubs
 *(.glue_7t)
 .glue_7t       0x00000000080084f8        0x0 linker stubs
 *(.eh_frame)
 .eh_frame      0x00000000080084f8        0x0 g:/st/stm32cubeide_1.3.0/stm32cubeide/plugins/com.st.stm32cube.ide.mcu.externaltools.gnu-tools-for-stm32.9-2020-q2-update.win32_2.0.0.202105311346/tools/bin/../lib/gcc/arm-none-eabi/9.3.1/thumb/v7e-m+fp/hard/crtbegin.o
 *(.init)
 .init          0x00000000080084f8        0x4 g:/st/stm32cubeide_1.3.0/stm32cubeide/plugins/com.st.stm32cube.ide.mcu.externaltools.gnu-tools-for-stm32.9-2020-q2-update.win32_2.0.0.202105311346/tools/bin/../lib/gcc/arm-none-eabi/9.3.1/thumb/v7e-m+fp/hard/crti.o
                0x00000000080084f8                _init
 .init          0x00000000080084fc        0x8 g:/st/stm32cubeide_1.3.0/stm32cubeide/plugins/com.st.stm32cube.ide.mcu.externaltools.gnu-tools-for-stm32.9-2020-q2-update.win32_2.0.0.202105311346/tools/bin/../lib/gcc/arm-none-eabi/9.3.1/thumb/v7e-m+fp/hard/crtn.o
 *(.fini)
 .fini          0x0000000008008504        0x4 g:/st/stm32cubeide_1.3.0/stm32cubeide/plugins/com.st.stm32cube.ide.mcu.externaltools.gnu-tools-for-stm32.9-2020-q2-update.win32_2.0.0.202105311346/tools/bin/../lib/gcc/arm-none-eabi/9.3.1/thumb/v7e-m+fp/hard/crti.o
                0x0000000008008504                _fini
 .fini          0x0000000008008508        0x8 g:/st/stm32cubeide_1.3.0/stm32cubeide/plugins/com.st.stm32cube.ide.mcu.externaltools.gnu-tools-for-stm32.9-2020-q2-update.win32_2.0.0.202105311346/tools/bin/../lib/gcc/arm-none-eabi/9.3.1/thumb/v7e-m+fp/hard/crtn.o
                0x0000000008008510                . = ALIGN (0x4)
                0x0000000008008510                _etext = .

.vfp11_veneer   0x0000000008008510        0x0
 .vfp11_veneer  0x0000000008008510        0x0 linker stubs

.v4_bx          0x0000000008008510        0x0
 .v4_bx         0x0000000008008510        0x0 linker stubs

.iplt           0x0000000008008510        0x0
 .iplt          0x0000000008008510        0x0 g:/st/stm32cubeide_1.3.0/stm32cubeide/plugins/com.st.stm32cube.ide.mcu.externaltools.gnu-tools-for-stm32.9-2020-q2-update.win32_2.0.0.202105311346/tools/bin/../lib/gcc/arm-none-eabi/9.3.1/thumb/v7e-m+fp/hard/crtbegin.o

.rodata         0x0000000008008510      0xb50
                0x0000000008008510                . = ALIGN (0x4)
 *(.rodata)
 .rodata        0x0000000008008510       0x38 ./Src/freertos.o
 *(.rodata*)
 .rodata.DISPLAY_ShowMenu.str1.4
                0x0000000008008548       0x40 ./Display/display.o
 .rodata.aPLLMULFactorTable
                0x0000000008008588       0x10 ./Drivers/STM32F3xx_HAL_Driver/Src/stm32f3xx_hal_rcc.o
                0x0000000008008588                aPLLMULFactorTable
 .rodata.aPredivFactorTable
                0x0000000008008598       0x10 ./Drivers/STM32F3xx_HAL_Driver/Src/stm32f3xx_hal_rcc.o
                0x0000000008008598                aPredivFactorTable
 .rodata.fanDriver
                0x00000000080085a8       0x60 ./Fans/fans.o
                0x00000000080085a8                fanDriver
 .rodata.leapYears
                0x0000000008008608       0x19 ./Fans/fans.o
                0x0000000008008608                leapYears
 *fill*         0x0000000008008621        0x3 
 .rodata.months
                0x0000000008008624        0xd ./Fans/fans.o
                0x0000000008008624                months
 *fill*         0x0000000008008631        0x3 
 .rodata.str1.4
                0x0000000008008634       0x20 ./Src/freertos.o
 .rodata.AHBPrescTable
                0x0000000008008654       0x10 ./Src/system_stm32f3xx.o
                0x0000000008008654                AHBPrescTable
 .rodata.APBPrescTable
                0x0000000008008664        0x8 ./Src/system_stm32f3xx.o
                0x0000000008008664                APBPrescTable
 .rodata.MENU_Fill.str1.4
                0x000000000800866c      0x254 ./fillMenu/fillMenu.o
                                        0x258 (size before relaxing)
 .rodata.Font7x10
                0x00000000080088c0      0x76c ./ssd1306/fonts.o
 .rodata._svfprintf_r.str1.1
                0x000000000800902c       0x11 g:/st/stm32cubeide_1.3.0/stm32cubeide/plugins/com.st.stm32cube.ide.mcu.externaltools.gnu-tools-for-stm32.9-2020-q2-update.win32_2.0.0.202105311346/tools/bin/../lib/gcc/arm-none-eabi/9.3.1/../../../../arm-none-eabi/lib/thumb/v7e-m+fp/hard\libc_nano.a(lib_a-nano-svfprintf.o)
 .rodata._printf_i.str1.1
                0x000000000800903d       0x22 g:/st/stm32cubeide_1.3.0/stm32cubeide/plugins/com.st.stm32cube.ide.mcu.externaltools.gnu-tools-for-stm32.9-2020-q2-update.win32_2.0.0.202105311346/tools/bin/../lib/gcc/arm-none-eabi/9.3.1/../../../../arm-none-eabi/lib/thumb/v7e-m+fp/hard\libc_nano.a(lib_a-nano-vfprintf_i.o)
                0x0000000008009060                . = ALIGN (0x4)
 *fill*         0x000000000800905f        0x1 

.rel.dyn        0x0000000008009060        0x0
 .rel.iplt      0x0000000008009060        0x0 g:/st/stm32cubeide_1.3.0/stm32cubeide/plugins/com.st.stm32cube.ide.mcu.externaltools.gnu-tools-for-stm32.9-2020-q2-update.win32_2.0.0.202105311346/tools/bin/../lib/gcc/arm-none-eabi/9.3.1/thumb/v7e-m+fp/hard/crtbegin.o

.ARM.extab      0x0000000008009060        0x0
                0x0000000008009060                . = ALIGN (0x4)
 *(.ARM.extab* .gnu.linkonce.armextab.*)
                0x0000000008009060                . = ALIGN (0x4)

.ARM            0x0000000008009060        0x0
                0x0000000008009060                . = ALIGN (0x4)
                0x0000000008009060                __exidx_start = .
 *(.ARM.exidx*)
                0x0000000008009060                __exidx_end = .
                0x0000000008009060                . = ALIGN (0x4)

.preinit_array  0x0000000008009060        0x0
                0x0000000008009060                . = ALIGN (0x4)
                0x0000000008009060                PROVIDE (__preinit_array_start = .)
 *(.preinit_array*)
                0x0000000008009060                PROVIDE (__preinit_array_end = .)
                0x0000000008009060                . = ALIGN (0x4)

.init_array     0x0000000008009060        0x4
                0x0000000008009060                . = ALIGN (0x4)
                0x0000000008009060                PROVIDE (__init_array_start = .)
 *(SORT_BY_NAME(.init_array.*))
 *(.init_array*)
 .init_array    0x0000000008009060        0x4 g:/st/stm32cubeide_1.3.0/stm32cubeide/plugins/com.st.stm32cube.ide.mcu.externaltools.gnu-tools-for-stm32.9-2020-q2-update.win32_2.0.0.202105311346/tools/bin/../lib/gcc/arm-none-eabi/9.3.1/thumb/v7e-m+fp/hard/crtbegin.o
                0x0000000008009064                PROVIDE (__init_array_end = .)
                0x0000000008009064                . = ALIGN (0x4)

.fini_array     0x0000000008009064        0x4
                0x0000000008009064                . = ALIGN (0x4)
                [!provide]                        PROVIDE (__fini_array_start = .)
 *(SORT_BY_NAME(.fini_array.*))
 *(.fini_array*)
 .fini_array    0x0000000008009064        0x4 g:/st/stm32cubeide_1.3.0/stm32cubeide/plugins/com.st.stm32cube.ide.mcu.externaltools.gnu-tools-for-stm32.9-2020-q2-update.win32_2.0.0.202105311346/tools/bin/../lib/gcc/arm-none-eabi/9.3.1/thumb/v7e-m+fp/hard/crtbegin.o
                [!provide]                        PROVIDE (__fini_array_end = .)
                0x0000000008009068                . = ALIGN (0x4)
                0x0000000008009068                _sidata = LOADADDR (.data)

.data           0x0000000020000000       0x8c load address 0x0000000008009068
                0x0000000020000000                . = ALIGN (0x4)
                0x0000000020000000                _sdata = .
 *(.data)
 *(.data*)
 .data.uwTickFreq
                0x0000000020000000        0x1 ./Drivers/STM32F3xx_HAL_Driver/Src/stm32f3xx_hal.o
                0x0000000020000000                uwTickFreq
 *fill*         0x0000000020000001        0x3 
 .data.uwTickPrio
                0x0000000020000004        0x4 ./Drivers/STM32F3xx_HAL_Driver/Src/stm32f3xx_hal.o
                0x0000000020000004                uwTickPrio
 .data.uxCriticalNesting
                0x0000000020000008        0x4 ./Middlewares/Third_Party/FreeRTOS/Source/portable/GCC/ARM_CM4F/port.o
 .data.SystemCoreClock
                0x000000002000000c        0x4 ./Src/system_stm32f3xx.o
                0x000000002000000c                SystemCoreClock
 .data.EraseInitStruct
                0x0000000020000010        0xc ./StoringSettings/storingSettings.o
 .data.curMainMenu
                0x000000002000001c        0x4 ./fillMenu/fillMenu.o
                0x000000002000001c                curMainMenu
 .data.Font_7x10
                0x0000000020000020        0x8 ./ssd1306/fonts.o
                0x0000000020000020                Font_7x10
 .data._impure_ptr
                0x0000000020000028        0x4 g:/st/stm32cubeide_1.3.0/stm32cubeide/plugins/com.st.stm32cube.ide.mcu.externaltools.gnu-tools-for-stm32.9-2020-q2-update.win32_2.0.0.202105311346/tools/bin/../lib/gcc/arm-none-eabi/9.3.1/../../../../arm-none-eabi/lib/thumb/v7e-m+fp/hard\libc_nano.a(lib_a-impure.o)
                0x0000000020000028                _impure_ptr
 .data.impure_data
                0x000000002000002c       0x60 g:/st/stm32cubeide_1.3.0/stm32cubeide/plugins/com.st.stm32cube.ide.mcu.externaltools.gnu-tools-for-stm32.9-2020-q2-update.win32_2.0.0.202105311346/tools/bin/../lib/gcc/arm-none-eabi/9.3.1/../../../../arm-none-eabi/lib/thumb/v7e-m+fp/hard\libc_nano.a(lib_a-impure.o)
 *(.RamFunc)
 *(.RamFunc*)
                0x000000002000008c                . = ALIGN (0x4)
                0x000000002000008c                _edata = .
                0x00000000080090f4                _siccmram = LOADADDR (.ccmram)

.igot.plt       0x000000002000008c        0x0 load address 0x00000000080090f4
 .igot.plt      0x000000002000008c        0x0 g:/st/stm32cubeide_1.3.0/stm32cubeide/plugins/com.st.stm32cube.ide.mcu.externaltools.gnu-tools-for-stm32.9-2020-q2-update.win32_2.0.0.202105311346/tools/bin/../lib/gcc/arm-none-eabi/9.3.1/thumb/v7e-m+fp/hard/crtbegin.o

.ccmram         0x0000000010000000        0x0 load address 0x00000000080090f4
                0x0000000010000000                . = ALIGN (0x4)
                0x0000000010000000                _sccmram = .
 *(.ccmram)
 *(.ccmram*)
                0x0000000010000000                . = ALIGN (0x4)
                0x0000000010000000                _eccmram = .
                0x0000000010000000                . = ALIGN (0x4)

.bss            0x0000000020000090     0x2dcc
                0x0000000020000090                _sbss = .
                0x0000000020000090                __bss_start__ = _sbss
 *(.bss)
 .bss           0x0000000020000090       0x1c g:/st/stm32cubeide_1.3.0/stm32cubeide/plugins/com.st.stm32cube.ide.mcu.externaltools.gnu-tools-for-stm32.9-2020-q2-update.win32_2.0.0.202105311346/tools/bin/../lib/gcc/arm-none-eabi/9.3.1/thumb/v7e-m+fp/hard/crtbegin.o
 *(.bss*)
 .bss.showTime  0x00000000200000ac        0x1 ./Display/display.o
 *fill*         0x00000000200000ad        0x1 
 .bss.fullDate  0x00000000200000ae        0x2 ./Fans/fans.o
                0x00000000200000ae                fullDate
 .bss.g_flagNewDay
                0x00000000200000b0        0x1 ./Fans/fans.o
                0x00000000200000b0                g_flagNewDay
 .bss.g_operatingMode
                0x00000000200000b1        0x1 ./Fans/fans.o
                0x00000000200000b1                g_operatingMode
 .bss.g_switchingPeriod
                0x00000000200000b2        0x1 ./Fans/fans.o
                0x00000000200000b2                g_switchingPeriod
 *fill*         0x00000000200000b3        0x1 
 .bss.timeOfLastClick
                0x00000000200000b4        0x4 ./Keyboard/keyboard.o
                0x00000000200000b4                timeOfLastClick
 .bss.pxCurrentTCB
                0x00000000200000b8        0x4 ./Middlewares/Third_Party/FreeRTOS/Source/tasks.o
                0x00000000200000b8                pxCurrentTCB
 .bss.pxDelayedTaskList
                0x00000000200000bc        0x4 ./Middlewares/Third_Party/FreeRTOS/Source/tasks.o
 .bss.pxOverflowDelayedTaskList
                0x00000000200000c0        0x4 ./Middlewares/Third_Party/FreeRTOS/Source/tasks.o
 .bss.pxReadyTasksLists
                0x00000000200000c4       0x8c ./Middlewares/Third_Party/FreeRTOS/Source/tasks.o
 .bss.uxCurrentNumberOfTasks
                0x0000000020000150        0x4 ./Middlewares/Third_Party/FreeRTOS/Source/tasks.o
 .bss.uxDeletedTasksWaitingCleanUp
                0x0000000020000154        0x4 ./Middlewares/Third_Party/FreeRTOS/Source/tasks.o
 .bss.uxPendedTicks
                0x0000000020000158        0x4 ./Middlewares/Third_Party/FreeRTOS/Source/tasks.o
 .bss.uxSchedulerSuspended
                0x000000002000015c        0x4 ./Middlewares/Third_Party/FreeRTOS/Source/tasks.o
 .bss.uxTaskNumber
                0x0000000020000160        0x4 ./Middlewares/Third_Party/FreeRTOS/Source/tasks.o
 .bss.uxTopReadyPriority
                0x0000000020000164        0x4 ./Middlewares/Third_Party/FreeRTOS/Source/tasks.o
 .bss.xDelayedTaskList1
                0x0000000020000168       0x14 ./Middlewares/Third_Party/FreeRTOS/Source/tasks.o
 .bss.xDelayedTaskList2
                0x000000002000017c       0x14 ./Middlewares/Third_Party/FreeRTOS/Source/tasks.o
 .bss.xNextTaskUnblockTime
                0x0000000020000190        0x4 ./Middlewares/Third_Party/FreeRTOS/Source/tasks.o
 .bss.xNumOfOverflows
                0x0000000020000194        0x4 ./Middlewares/Third_Party/FreeRTOS/Source/tasks.o
 .bss.xPendingReadyList
                0x0000000020000198       0x14 ./Middlewares/Third_Party/FreeRTOS/Source/tasks.o
 .bss.xSchedulerRunning
                0x00000000200001ac        0x4 ./Middlewares/Third_Party/FreeRTOS/Source/tasks.o
 .bss.xSuspendedTaskList
                0x00000000200001b0       0x14 ./Middlewares/Third_Party/FreeRTOS/Source/tasks.o
 .bss.xTasksWaitingTermination
                0x00000000200001c4       0x14 ./Middlewares/Third_Party/FreeRTOS/Source/tasks.o
 .bss.xTickCount
                0x00000000200001d8        0x4 ./Middlewares/Third_Party/FreeRTOS/Source/tasks.o
 .bss.xYieldPending
                0x00000000200001dc        0x4 ./Middlewares/Third_Party/FreeRTOS/Source/tasks.o
 .bss.ucMaxSysCallPriority
                0x00000000200001e0        0x1 ./Middlewares/Third_Party/FreeRTOS/Source/portable/GCC/ARM_CM4F/port.o
 *fill*         0x00000000200001e1        0x3 
 .bss.ulMaxPRIGROUPValue
                0x00000000200001e4        0x4 ./Middlewares/Third_Party/FreeRTOS/Source/portable/GCC/ARM_CM4F/port.o
 .bss.pxEnd     0x00000000200001e8        0x4 ./Middlewares/Third_Party/FreeRTOS/Source/portable/MemMang/heap_4.o
 .bss.ucHeap    0x00000000200001ec      0xa00 ./Middlewares/Third_Party/FreeRTOS/Source/portable/MemMang/heap_4.o
 .bss.xBlockAllocatedBit
                0x0000000020000bec        0x4 ./Middlewares/Third_Party/FreeRTOS/Source/portable/MemMang/heap_4.o
 .bss.xFreeBytesRemaining
                0x0000000020000bf0        0x4 ./Middlewares/Third_Party/FreeRTOS/Source/portable/MemMang/heap_4.o
 .bss.xMinimumEverFreeBytesRemaining
                0x0000000020000bf4        0x4 ./Middlewares/Third_Party/FreeRTOS/Source/portable/MemMang/heap_4.o
 .bss.xStart    0x0000000020000bf8        0x8 ./Middlewares/Third_Party/FreeRTOS/Source/portable/MemMang/heap_4.o
 .bss.xIdleStack
                0x0000000020000c00      0x200 ./Src/freertos.o
 .bss.xIdleTaskTCBBuffer
                0x0000000020000e00       0x54 ./Src/freertos.o
 .bss.currentDate
                0x0000000020000e54        0x4 ./Src/main.o
                0x0000000020000e54                currentDate
 .bss.currentTime
                0x0000000020000e58       0x18 ./Src/main.o
                0x0000000020000e58                currentTime
 .bss.dayOff    0x0000000020000e70       0x18 ./Src/main.o
                0x0000000020000e70                dayOff
 .bss.dayOn     0x0000000020000e88       0x18 ./Src/main.o
                0x0000000020000e88                dayOn
 .bss.userDate  0x0000000020000ea0        0x4 ./Src/main.o
                0x0000000020000ea0                userDate
 .bss.userTime  0x0000000020000ea4       0x18 ./Src/main.o
                0x0000000020000ea4                userTime
 .bss.__sbrk_heap_end
                0x0000000020000ebc        0x4 ./Src/sysmem.o
 .bss.SSD1306   0x0000000020000ec0        0x6 ./ssd1306/ssd1306.o
 *fill*         0x0000000020000ec6        0x2 
 .bss.SSD1306_Buffer
                0x0000000020000ec8      0x400 ./ssd1306/ssd1306.o
 .bss.displayStatus
                0x00000000200012c8        0x1 ./ssd1306/ssd1306.o
 *fill*         0x00000000200012c9        0x3 
 .bss.__malloc_free_list
                0x00000000200012cc        0x4 g:/st/stm32cubeide_1.3.0/stm32cubeide/plugins/com.st.stm32cube.ide.mcu.externaltools.gnu-tools-for-stm32.9-2020-q2-update.win32_2.0.0.202105311346/tools/bin/../lib/gcc/arm-none-eabi/9.3.1/../../../../arm-none-eabi/lib/thumb/v7e-m+fp/hard\libc_nano.a(lib_a-nano-mallocr.o)
                0x00000000200012cc                __malloc_free_list
 .bss.__malloc_sbrk_start
                0x00000000200012d0        0x4 g:/st/stm32cubeide_1.3.0/stm32cubeide/plugins/com.st.stm32cube.ide.mcu.externaltools.gnu-tools-for-stm32.9-2020-q2-update.win32_2.0.0.202105311346/tools/bin/../lib/gcc/arm-none-eabi/9.3.1/../../../../arm-none-eabi/lib/thumb/v7e-m+fp/hard\libc_nano.a(lib_a-nano-mallocr.o)
                0x00000000200012d0                __malloc_sbrk_start
 *(COMMON)
 COMMON         0x00000000200012d4        0x4 ./Drivers/STM32F3xx_HAL_Driver/Src/stm32f3xx_hal.o
                0x00000000200012d4                uwTick
 COMMON         0x00000000200012d8       0x20 ./Drivers/STM32F3xx_HAL_Driver/Src/stm32f3xx_hal_flash.o
                0x00000000200012d8                pFlash
 COMMON         0x00000000200012f8      0x440 ./Fans/fans.o
                0x00000000200012f8                dlRouteM
                0x0000000020001304                g_timeOfDay
                0x0000000020001308                ProgramForFun
 COMMON         0x0000000020001738        0x8 ./Src/freertos.o
                0x0000000020001738                updateScreenHandle
                0x000000002000173c                configuringParaHandle
 COMMON         0x0000000020001740       0x4c ./Src/i2c.o
                0x0000000020001740                hi2c1
 COMMON         0x000000002000178c       0x10 ./Src/iwdg.o
                0x000000002000178c                hiwdg
 COMMON         0x000000002000179c       0x20 ./Src/rtc.o
                0x000000002000179c                hrtc
 COMMON         0x00000000200017bc       0x40 ./Src/stm32f3xx_hal_timebase_tim.o
                0x00000000200017bc                htim8
 COMMON         0x00000000200017fc      0x140 ./Src/tim.o
                0x00000000200017fc                htim4
                0x000000002000183c                htim3
                0x000000002000187c                htim6
                0x00000000200018bc                htim1
                0x00000000200018fc                htim2
 COMMON         0x000000002000193c       0x6e ./StoringSettings/storingSettings.o
                0x000000002000193c                romMemUn
 *fill*         0x00000000200019aa        0x2 
 COMMON         0x00000000200019ac     0x14a0 ./fillMenu/fillMenu.o
                0x00000000200019ac                modeDay
                0x0000000020001a88                endDay
                0x0000000020001b64                fan7Menu
                0x0000000020001c98                mode2
                0x0000000020001d48                fan4Menu
                0x0000000020001e7c                areYouSure
                0x0000000020001f00                fan6Menu
                0x0000000020002034                mode3
                0x00000000200020e4                mode1
                0x0000000020002194                fan3Menu
                0x00000000200022c8                periodT
                0x000000002000234c                mainMenu
                0x00000000200024d8                setting
                0x0000000020002638                fan1Menu
                0x000000002000276c                fan8Menu
                0x00000000200028a0                time
                0x000000002000297c                startDay
                0x0000000020002a58                mode0
                0x0000000020002b08                fan5Menu
                0x0000000020002c3c                date
                0x0000000020002d18                fan2Menu
 COMMON         0x0000000020002e4c        0x4 g:/st/stm32cubeide_1.3.0/stm32cubeide/plugins/com.st.stm32cube.ide.mcu.externaltools.gnu-tools-for-stm32.9-2020-q2-update.win32_2.0.0.202105311346/tools/bin/../lib/gcc/arm-none-eabi/9.3.1/../../../../arm-none-eabi/lib/thumb/v7e-m+fp/hard\libc_nano.a(lib_a-reent.o)
                0x0000000020002e4c                errno
 COMMON         0x0000000020002e50        0x9 g:/st/stm32cubeide_1.3.0/stm32cubeide/plugins/com.st.stm32cube.ide.mcu.externaltools.gnu-tools-for-stm32.9-2020-q2-update.win32_2.0.0.202105311346/tools/bin/../lib/gcc/arm-none-eabi/9.3.1/../../../../arm-none-eabi/lib/thumb/v7e-m+fp/hard\libc_nano.a(lib_a-lock.o)
                0x0000000020002e50                __lock___atexit_recursive_mutex
                0x0000000020002e51                __lock___arc4random_mutex
                0x0000000020002e52                __lock___env_recursive_mutex
                0x0000000020002e53                __lock___sinit_recursive_mutex
                0x0000000020002e54                __lock___malloc_recursive_mutex
                0x0000000020002e55                __lock___at_quick_exit_mutex
                0x0000000020002e56                __lock___dd_hash_mutex
                0x0000000020002e57                __lock___tz_mutex
                0x0000000020002e58                __lock___sfp_recursive_mutex
                0x0000000020002e5c                . = ALIGN (0x4)
 *fill*         0x0000000020002e59        0x3 
                0x0000000020002e5c                _ebss = .
                0x0000000020002e5c                __bss_end__ = _ebss

._user_heap_stack
                0x0000000020002e5c     0x1004
                0x0000000020002e60                . = ALIGN (0x8)
 *fill*         0x0000000020002e5c        0x4 
                [!provide]                        PROVIDE (end = .)
                0x0000000020002e60                PROVIDE (_end = .)
                0x0000000020003660                . = (. + _Min_Heap_Size)
 *fill*         0x0000000020002e60      0x800 
                0x0000000020003e60                . = (. + _Min_Stack_Size)
 *fill*         0x0000000020003660      0x800 
                0x0000000020003e60                . = ALIGN (0x8)

/DISCARD/
 libc.a(*)
 libm.a(*)
 libgcc.a(*)

.ARM.attributes
                0x0000000000000000       0x30
 *(.ARM.attributes)
 .ARM.attributes
                0x0000000000000000       0x1e g:/st/stm32cubeide_1.3.0/stm32cubeide/plugins/com.st.stm32cube.ide.mcu.externaltools.gnu-tools-for-stm32.9-2020-q2-update.win32_2.0.0.202105311346/tools/bin/../lib/gcc/arm-none-eabi/9.3.1/thumb/v7e-m+fp/hard/crti.o
 .ARM.attributes
                0x000000000000001e       0x34 g:/st/stm32cubeide_1.3.0/stm32cubeide/plugins/com.st.stm32cube.ide.mcu.externaltools.gnu-tools-for-stm32.9-2020-q2-update.win32_2.0.0.202105311346/tools/bin/../lib/gcc/arm-none-eabi/9.3.1/thumb/v7e-m+fp/hard/crtbegin.o
 .ARM.attributes
                0x0000000000000052       0x30 ./Display/display.o
 .ARM.attributes
                0x0000000000000082       0x30 ./Drivers/STM32F3xx_HAL_Driver/Src/stm32f3xx_hal.o
 .ARM.attributes
                0x00000000000000b2       0x30 ./Drivers/STM32F3xx_HAL_Driver/Src/stm32f3xx_hal_cortex.o
 .ARM.attributes
                0x00000000000000e2       0x30 ./Drivers/STM32F3xx_HAL_Driver/Src/stm32f3xx_hal_flash.o
 .ARM.attributes
                0x0000000000000112       0x30 ./Drivers/STM32F3xx_HAL_Driver/Src/stm32f3xx_hal_flash_ex.o
 .ARM.attributes
                0x0000000000000142       0x30 ./Drivers/STM32F3xx_HAL_Driver/Src/stm32f3xx_hal_gpio.o
 .ARM.attributes
                0x0000000000000172       0x30 ./Drivers/STM32F3xx_HAL_Driver/Src/stm32f3xx_hal_i2c.o
 .ARM.attributes
                0x00000000000001a2       0x30 ./Drivers/STM32F3xx_HAL_Driver/Src/stm32f3xx_hal_i2c_ex.o
 .ARM.attributes
                0x00000000000001d2       0x30 ./Drivers/STM32F3xx_HAL_Driver/Src/stm32f3xx_hal_iwdg.o
 .ARM.attributes
                0x0000000000000202       0x30 ./Drivers/STM32F3xx_HAL_Driver/Src/stm32f3xx_hal_pwr.o
 .ARM.attributes
                0x0000000000000232       0x30 ./Drivers/STM32F3xx_HAL_Driver/Src/stm32f3xx_hal_rcc.o
 .ARM.attributes
                0x0000000000000262       0x30 ./Drivers/STM32F3xx_HAL_Driver/Src/stm32f3xx_hal_rcc_ex.o
 .ARM.attributes
                0x0000000000000292       0x30 ./Drivers/STM32F3xx_HAL_Driver/Src/stm32f3xx_hal_rtc.o
 .ARM.attributes
                0x00000000000002c2       0x30 ./Drivers/STM32F3xx_HAL_Driver/Src/stm32f3xx_hal_rtc_ex.o
 .ARM.attributes
                0x00000000000002f2       0x30 ./Drivers/STM32F3xx_HAL_Driver/Src/stm32f3xx_hal_tim.o
 .ARM.attributes
                0x0000000000000322       0x30 ./Drivers/STM32F3xx_HAL_Driver/Src/stm32f3xx_hal_tim_ex.o
 .ARM.attributes
                0x0000000000000352       0x30 ./Fans/fans.o
 .ARM.attributes
                0x0000000000000382       0x30 ./Keyboard/keyboard.o
 .ARM.attributes
                0x00000000000003b2       0x30 ./Middlewares/Third_Party/FreeRTOS/Source/CMSIS_RTOS/cmsis_os.o
 .ARM.attributes
                0x00000000000003e2       0x30 ./Middlewares/Third_Party/FreeRTOS/Source/list.o
 .ARM.attributes
                0x0000000000000412       0x30 ./Middlewares/Third_Party/FreeRTOS/Source/tasks.o
 .ARM.attributes
                0x0000000000000442       0x30 ./Middlewares/Third_Party/FreeRTOS/Source/portable/GCC/ARM_CM4F/port.o
 .ARM.attributes
                0x0000000000000472       0x30 ./Middlewares/Third_Party/FreeRTOS/Source/portable/MemMang/heap_4.o
 .ARM.attributes
                0x00000000000004a2       0x30 ./Src/freertos.o
 .ARM.attributes
                0x00000000000004d2       0x30 ./Src/gpio.o
 .ARM.attributes
                0x0000000000000502       0x30 ./Src/i2c.o
 .ARM.attributes
                0x0000000000000532       0x30 ./Src/iwdg.o
 .ARM.attributes
                0x0000000000000562       0x30 ./Src/main.o
 .ARM.attributes
                0x0000000000000592       0x30 ./Src/rtc.o
 .ARM.attributes
                0x00000000000005c2       0x30 ./Src/stm32f3xx_hal_msp.o
 .ARM.attributes
                0x00000000000005f2       0x30 ./Src/stm32f3xx_hal_timebase_tim.o
 .ARM.attributes
                0x0000000000000622       0x30 ./Src/stm32f3xx_it.o
 .ARM.attributes
                0x0000000000000652       0x30 ./Src/sysmem.o
 .ARM.attributes
                0x0000000000000682       0x30 ./Src/system_stm32f3xx.o
 .ARM.attributes
                0x00000000000006b2       0x30 ./Src/tim.o
 .ARM.attributes
                0x00000000000006e2       0x21 ./Startup/startup_stm32f303cctx.o
 .ARM.attributes
                0x0000000000000703       0x30 ./StoringSettings/storingSettings.o
 .ARM.attributes
                0x0000000000000733       0x30 ./fillMenu/fillMenu.o
 .ARM.attributes
                0x0000000000000763       0x35 ./ssd1306/fonts.o
 .ARM.attributes
                0x0000000000000798       0x30 ./ssd1306/ssd1306.o
 .ARM.attributes
                0x00000000000007c8       0x34 g:/st/stm32cubeide_1.3.0/stm32cubeide/plugins/com.st.stm32cube.ide.mcu.externaltools.gnu-tools-for-stm32.9-2020-q2-update.win32_2.0.0.202105311346/tools/bin/../lib/gcc/arm-none-eabi/9.3.1/../../../../arm-none-eabi/lib/thumb/v7e-m+fp/hard\libc_nano.a(lib_a-errno.o)
 .ARM.attributes
                0x00000000000007fc       0x32 g:/st/stm32cubeide_1.3.0/stm32cubeide/plugins/com.st.stm32cube.ide.mcu.externaltools.gnu-tools-for-stm32.9-2020-q2-update.win32_2.0.0.202105311346/tools/bin/../lib/gcc/arm-none-eabi/9.3.1/../../../../arm-none-eabi/lib/thumb/v7e-m+fp/hard\libc_nano.a(lib_a-impure.o)
 .ARM.attributes
                0x000000000000082e       0x34 g:/st/stm32cubeide_1.3.0/stm32cubeide/plugins/com.st.stm32cube.ide.mcu.externaltools.gnu-tools-for-stm32.9-2020-q2-update.win32_2.0.0.202105311346/tools/bin/../lib/gcc/arm-none-eabi/9.3.1/../../../../arm-none-eabi/lib/thumb/v7e-m+fp/hard\libc_nano.a(lib_a-init.o)
 .ARM.attributes
                0x0000000000000862       0x34 g:/st/stm32cubeide_1.3.0/stm32cubeide/plugins/com.st.stm32cube.ide.mcu.externaltools.gnu-tools-for-stm32.9-2020-q2-update.win32_2.0.0.202105311346/tools/bin/../lib/gcc/arm-none-eabi/9.3.1/../../../../arm-none-eabi/lib/thumb/v7e-m+fp/hard\libc_nano.a(lib_a-memcpy-stub.o)
 .ARM.attributes
                0x0000000000000896       0x34 g:/st/stm32cubeide_1.3.0/stm32cubeide/plugins/com.st.stm32cube.ide.mcu.externaltools.gnu-tools-for-stm32.9-2020-q2-update.win32_2.0.0.202105311346/tools/bin/../lib/gcc/arm-none-eabi/9.3.1/../../../../arm-none-eabi/lib/thumb/v7e-m+fp/hard\libc_nano.a(lib_a-memset.o)
 .ARM.attributes
                0x00000000000008ca       0x34 g:/st/stm32cubeide_1.3.0/stm32cubeide/plugins/com.st.stm32cube.ide.mcu.externaltools.gnu-tools-for-stm32.9-2020-q2-update.win32_2.0.0.202105311346/tools/bin/../lib/gcc/arm-none-eabi/9.3.1/../../../../arm-none-eabi/lib/thumb/v7e-m+fp/hard\libc_nano.a(lib_a-sprintf.o)
 .ARM.attributes
                0x00000000000008fe       0x34 g:/st/stm32cubeide_1.3.0/stm32cubeide/plugins/com.st.stm32cube.ide.mcu.externaltools.gnu-tools-for-stm32.9-2020-q2-update.win32_2.0.0.202105311346/tools/bin/../lib/gcc/arm-none-eabi/9.3.1/../../../../arm-none-eabi/lib/thumb/v7e-m+fp/hard\libc_nano.a(lib_a-nano-svfprintf.o)
 .ARM.attributes
                0x0000000000000932       0x34 g:/st/stm32cubeide_1.3.0/stm32cubeide/plugins/com.st.stm32cube.ide.mcu.externaltools.gnu-tools-for-stm32.9-2020-q2-update.win32_2.0.0.202105311346/tools/bin/../lib/gcc/arm-none-eabi/9.3.1/../../../../arm-none-eabi/lib/thumb/v7e-m+fp/hard\libc_nano.a(lib_a-nano-vfprintf_i.o)
 .ARM.attributes
                0x0000000000000966       0x1c g:/st/stm32cubeide_1.3.0/stm32cubeide/plugins/com.st.stm32cube.ide.mcu.externaltools.gnu-tools-for-stm32.9-2020-q2-update.win32_2.0.0.202105311346/tools/bin/../lib/gcc/arm-none-eabi/9.3.1/../../../../arm-none-eabi/lib/thumb/v7e-m+fp/hard\libc_nano.a(lib_a-memchr.o)
 .ARM.attributes
                0x0000000000000982       0x34 g:/st/stm32cubeide_1.3.0/stm32cubeide/plugins/com.st.stm32cube.ide.mcu.externaltools.gnu-tools-for-stm32.9-2020-q2-update.win32_2.0.0.202105311346/tools/bin/../lib/gcc/arm-none-eabi/9.3.1/../../../../arm-none-eabi/lib/thumb/v7e-m+fp/hard\libc_nano.a(lib_a-memmove.o)
 .ARM.attributes
                0x00000000000009b6       0x34 g:/st/stm32cubeide_1.3.0/stm32cubeide/plugins/com.st.stm32cube.ide.mcu.externaltools.gnu-tools-for-stm32.9-2020-q2-update.win32_2.0.0.202105311346/tools/bin/../lib/gcc/arm-none-eabi/9.3.1/../../../../arm-none-eabi/lib/thumb/v7e-m+fp/hard\libc_nano.a(lib_a-nano-freer.o)
 .ARM.attributes
                0x00000000000009ea       0x34 g:/st/stm32cubeide_1.3.0/stm32cubeide/plugins/com.st.stm32cube.ide.mcu.externaltools.gnu-tools-for-stm32.9-2020-q2-update.win32_2.0.0.202105311346/tools/bin/../lib/gcc/arm-none-eabi/9.3.1/../../../../arm-none-eabi/lib/thumb/v7e-m+fp/hard\libc_nano.a(lib_a-nano-mallocr.o)
 .ARM.attributes
                0x0000000000000a1e       0x34 g:/st/stm32cubeide_1.3.0/stm32cubeide/plugins/com.st.stm32cube.ide.mcu.externaltools.gnu-tools-for-stm32.9-2020-q2-update.win32_2.0.0.202105311346/tools/bin/../lib/gcc/arm-none-eabi/9.3.1/../../../../arm-none-eabi/lib/thumb/v7e-m+fp/hard\libc_nano.a(lib_a-nano-reallocr.o)
 .ARM.attributes
                0x0000000000000a52       0x34 g:/st/stm32cubeide_1.3.0/stm32cubeide/plugins/com.st.stm32cube.ide.mcu.externaltools.gnu-tools-for-stm32.9-2020-q2-update.win32_2.0.0.202105311346/tools/bin/../lib/gcc/arm-none-eabi/9.3.1/../../../../arm-none-eabi/lib/thumb/v7e-m+fp/hard\libc_nano.a(lib_a-sbrkr.o)
 .ARM.attributes
                0x0000000000000a86       0x34 g:/st/stm32cubeide_1.3.0/stm32cubeide/plugins/com.st.stm32cube.ide.mcu.externaltools.gnu-tools-for-stm32.9-2020-q2-update.win32_2.0.0.202105311346/tools/bin/../lib/gcc/arm-none-eabi/9.3.1/../../../../arm-none-eabi/lib/thumb/v7e-m+fp/hard\libc_nano.a(lib_a-mlock.o)
 .ARM.attributes
                0x0000000000000aba       0x34 g:/st/stm32cubeide_1.3.0/stm32cubeide/plugins/com.st.stm32cube.ide.mcu.externaltools.gnu-tools-for-stm32.9-2020-q2-update.win32_2.0.0.202105311346/tools/bin/../lib/gcc/arm-none-eabi/9.3.1/../../../../arm-none-eabi/lib/thumb/v7e-m+fp/hard\libc_nano.a(lib_a-nano-msizer.o)
 .ARM.attributes
                0x0000000000000aee       0x34 g:/st/stm32cubeide_1.3.0/stm32cubeide/plugins/com.st.stm32cube.ide.mcu.externaltools.gnu-tools-for-stm32.9-2020-q2-update.win32_2.0.0.202105311346/tools/bin/../lib/gcc/arm-none-eabi/9.3.1/../../../../arm-none-eabi/lib/thumb/v7e-m+fp/hard\libc_nano.a(lib_a-reent.o)
 .ARM.attributes
                0x0000000000000b22       0x34 g:/st/stm32cubeide_1.3.0/stm32cubeide/plugins/com.st.stm32cube.ide.mcu.externaltools.gnu-tools-for-stm32.9-2020-q2-update.win32_2.0.0.202105311346/tools/bin/../lib/gcc/arm-none-eabi/9.3.1/../../../../arm-none-eabi/lib/thumb/v7e-m+fp/hard\libc_nano.a(lib_a-lock.o)
 .ARM.attributes
                0x0000000000000b56       0x1e g:/st/stm32cubeide_1.3.0/stm32cubeide/plugins/com.st.stm32cube.ide.mcu.externaltools.gnu-tools-for-stm32.9-2020-q2-update.win32_2.0.0.202105311346/tools/bin/../lib/gcc/arm-none-eabi/9.3.1/thumb/v7e-m+fp/hard/crtn.o
OUTPUT(Fans_controller_F303_Cube.elf elf32-littlearm)
LOAD linker stubs
LOAD g:/st/stm32cubeide_1.3.0/stm32cubeide/plugins/com.st.stm32cube.ide.mcu.externaltools.gnu-tools-for-stm32.9-2020-q2-update.win32_2.0.0.202105311346/tools/bin/../lib/gcc/arm-none-eabi/9.3.1/../../../../arm-none-eabi/lib/thumb/v7e-m+fp/hard\libc.a
LOAD g:/st/stm32cubeide_1.3.0/stm32cubeide/plugins/com.st.stm32cube.ide.mcu.externaltools.gnu-tools-for-stm32.9-2020-q2-update.win32_2.0.0.202105311346/tools/bin/../lib/gcc/arm-none-eabi/9.3.1/../../../../arm-none-eabi/lib/thumb/v7e-m+fp/hard\libm.a
LOAD g:/st/stm32cubeide_1.3.0/stm32cubeide/plugins/com.st.stm32cube.ide.mcu.externaltools.gnu-tools-for-stm32.9-2020-q2-update.win32_2.0.0.202105311346/tools/bin/../lib/gcc/arm-none-eabi/9.3.1/thumb/v7e-m+fp/hard\libgcc.a

.comment        0x0000000000000000       0x53
 .comment       0x0000000000000000       0x53 ./Display/display.o
                                         0x54 (size before relaxing)
 .comment       0x0000000000000053       0x54 ./Drivers/STM32F3xx_HAL_Driver/Src/stm32f3xx_hal.o
 .comment       0x0000000000000053       0x54 ./Drivers/STM32F3xx_HAL_Driver/Src/stm32f3xx_hal_cortex.o
 .comment       0x0000000000000053       0x54 ./Drivers/STM32F3xx_HAL_Driver/Src/stm32f3xx_hal_flash.o
 .comment       0x0000000000000053       0x54 ./Drivers/STM32F3xx_HAL_Driver/Src/stm32f3xx_hal_flash_ex.o
 .comment       0x0000000000000053       0x54 ./Drivers/STM32F3xx_HAL_Driver/Src/stm32f3xx_hal_gpio.o
 .comment       0x0000000000000053       0x54 ./Drivers/STM32F3xx_HAL_Driver/Src/stm32f3xx_hal_i2c.o
 .comment       0x0000000000000053       0x54 ./Drivers/STM32F3xx_HAL_Driver/Src/stm32f3xx_hal_i2c_ex.o
 .comment       0x0000000000000053       0x54 ./Drivers/STM32F3xx_HAL_Driver/Src/stm32f3xx_hal_iwdg.o
 .comment       0x0000000000000053       0x54 ./Drivers/STM32F3xx_HAL_Driver/Src/stm32f3xx_hal_pwr.o
 .comment       0x0000000000000053       0x54 ./Drivers/STM32F3xx_HAL_Driver/Src/stm32f3xx_hal_rcc.o
 .comment       0x0000000000000053       0x54 ./Drivers/STM32F3xx_HAL_Driver/Src/stm32f3xx_hal_rcc_ex.o
 .comment       0x0000000000000053       0x54 ./Drivers/STM32F3xx_HAL_Driver/Src/stm32f3xx_hal_rtc.o
 .comment       0x0000000000000053       0x54 ./Drivers/STM32F3xx_HAL_Driver/Src/stm32f3xx_hal_rtc_ex.o
 .comment       0x0000000000000053       0x54 ./Drivers/STM32F3xx_HAL_Driver/Src/stm32f3xx_hal_tim.o
 .comment       0x0000000000000053       0x54 ./Drivers/STM32F3xx_HAL_Driver/Src/stm32f3xx_hal_tim_ex.o
 .comment       0x0000000000000053       0x54 ./Fans/fans.o
 .comment       0x0000000000000053       0x54 ./Keyboard/keyboard.o
 .comment       0x0000000000000053       0x54 ./Middlewares/Third_Party/FreeRTOS/Source/CMSIS_RTOS/cmsis_os.o
 .comment       0x0000000000000053       0x54 ./Middlewares/Third_Party/FreeRTOS/Source/list.o
 .comment       0x0000000000000053       0x54 ./Middlewares/Third_Party/FreeRTOS/Source/tasks.o
 .comment       0x0000000000000053       0x54 ./Middlewares/Third_Party/FreeRTOS/Source/portable/GCC/ARM_CM4F/port.o
 .comment       0x0000000000000053       0x54 ./Middlewares/Third_Party/FreeRTOS/Source/portable/MemMang/heap_4.o
 .comment       0x0000000000000053       0x54 ./Src/freertos.o
 .comment       0x0000000000000053       0x54 ./Src/gpio.o
 .comment       0x0000000000000053       0x54 ./Src/i2c.o
 .comment       0x0000000000000053       0x54 ./Src/iwdg.o
 .comment       0x0000000000000053       0x54 ./Src/main.o
 .comment       0x0000000000000053       0x54 ./Src/rtc.o
 .comment       0x0000000000000053       0x54 ./Src/stm32f3xx_hal_msp.o
 .comment       0x0000000000000053       0x54 ./Src/stm32f3xx_hal_timebase_tim.o
 .comment       0x0000000000000053       0x54 ./Src/stm32f3xx_it.o
 .comment       0x0000000000000053       0x54 ./Src/sysmem.o
 .comment       0x0000000000000053       0x54 ./Src/system_stm32f3xx.o
 .comment       0x0000000000000053       0x54 ./Src/tim.o
 .comment       0x0000000000000053       0x54 ./StoringSettings/storingSettings.o
 .comment       0x0000000000000053       0x54 ./fillMenu/fillMenu.o
 .comment       0x0000000000000053       0x54 ./ssd1306/fonts.o
 .comment       0x0000000000000053       0x54 ./ssd1306/ssd1306.o

.debug_frame    0x0000000000000000      0x444
 .debug_frame   0x0000000000000000       0x20 g:/st/stm32cubeide_1.3.0/stm32cubeide/plugins/com.st.stm32cube.ide.mcu.externaltools.gnu-tools-for-stm32.9-2020-q2-update.win32_2.0.0.202105311346/tools/bin/../lib/gcc/arm-none-eabi/9.3.1/../../../../arm-none-eabi/lib/thumb/v7e-m+fp/hard\libc_nano.a(lib_a-errno.o)
 .debug_frame   0x0000000000000020       0x2c g:/st/stm32cubeide_1.3.0/stm32cubeide/plugins/com.st.stm32cube.ide.mcu.externaltools.gnu-tools-for-stm32.9-2020-q2-update.win32_2.0.0.202105311346/tools/bin/../lib/gcc/arm-none-eabi/9.3.1/../../../../arm-none-eabi/lib/thumb/v7e-m+fp/hard\libc_nano.a(lib_a-init.o)
 .debug_frame   0x000000000000004c       0x28 g:/st/stm32cubeide_1.3.0/stm32cubeide/plugins/com.st.stm32cube.ide.mcu.externaltools.gnu-tools-for-stm32.9-2020-q2-update.win32_2.0.0.202105311346/tools/bin/../lib/gcc/arm-none-eabi/9.3.1/../../../../arm-none-eabi/lib/thumb/v7e-m+fp/hard\libc_nano.a(lib_a-memcpy-stub.o)
 .debug_frame   0x0000000000000074       0x20 g:/st/stm32cubeide_1.3.0/stm32cubeide/plugins/com.st.stm32cube.ide.mcu.externaltools.gnu-tools-for-stm32.9-2020-q2-update.win32_2.0.0.202105311346/tools/bin/../lib/gcc/arm-none-eabi/9.3.1/../../../../arm-none-eabi/lib/thumb/v7e-m+fp/hard\libc_nano.a(lib_a-memset.o)
 .debug_frame   0x0000000000000094       0x6c g:/st/stm32cubeide_1.3.0/stm32cubeide/plugins/com.st.stm32cube.ide.mcu.externaltools.gnu-tools-for-stm32.9-2020-q2-update.win32_2.0.0.202105311346/tools/bin/../lib/gcc/arm-none-eabi/9.3.1/../../../../arm-none-eabi/lib/thumb/v7e-m+fp/hard\libc_nano.a(lib_a-sprintf.o)
 .debug_frame   0x0000000000000100       0x90 g:/st/stm32cubeide_1.3.0/stm32cubeide/plugins/com.st.stm32cube.ide.mcu.externaltools.gnu-tools-for-stm32.9-2020-q2-update.win32_2.0.0.202105311346/tools/bin/../lib/gcc/arm-none-eabi/9.3.1/../../../../arm-none-eabi/lib/thumb/v7e-m+fp/hard\libc_nano.a(lib_a-nano-svfprintf.o)
 .debug_frame   0x0000000000000190       0x60 g:/st/stm32cubeide_1.3.0/stm32cubeide/plugins/com.st.stm32cube.ide.mcu.externaltools.gnu-tools-for-stm32.9-2020-q2-update.win32_2.0.0.202105311346/tools/bin/../lib/gcc/arm-none-eabi/9.3.1/../../../../arm-none-eabi/lib/thumb/v7e-m+fp/hard\libc_nano.a(lib_a-nano-vfprintf_i.o)
 .debug_frame   0x00000000000001f0       0x28 g:/st/stm32cubeide_1.3.0/stm32cubeide/plugins/com.st.stm32cube.ide.mcu.externaltools.gnu-tools-for-stm32.9-2020-q2-update.win32_2.0.0.202105311346/tools/bin/../lib/gcc/arm-none-eabi/9.3.1/../../../../arm-none-eabi/lib/thumb/v7e-m+fp/hard\libc_nano.a(lib_a-memmove.o)
 .debug_frame   0x0000000000000218       0x38 g:/st/stm32cubeide_1.3.0/stm32cubeide/plugins/com.st.stm32cube.ide.mcu.externaltools.gnu-tools-for-stm32.9-2020-q2-update.win32_2.0.0.202105311346/tools/bin/../lib/gcc/arm-none-eabi/9.3.1/../../../../arm-none-eabi/lib/thumb/v7e-m+fp/hard\libc_nano.a(lib_a-nano-freer.o)
 .debug_frame   0x0000000000000250       0x30 g:/st/stm32cubeide_1.3.0/stm32cubeide/plugins/com.st.stm32cube.ide.mcu.externaltools.gnu-tools-for-stm32.9-2020-q2-update.win32_2.0.0.202105311346/tools/bin/../lib/gcc/arm-none-eabi/9.3.1/../../../../arm-none-eabi/lib/thumb/v7e-m+fp/hard\libc_nano.a(lib_a-nano-mallocr.o)
 .debug_frame   0x0000000000000280       0x3c g:/st/stm32cubeide_1.3.0/stm32cubeide/plugins/com.st.stm32cube.ide.mcu.externaltools.gnu-tools-for-stm32.9-2020-q2-update.win32_2.0.0.202105311346/tools/bin/../lib/gcc/arm-none-eabi/9.3.1/../../../../arm-none-eabi/lib/thumb/v7e-m+fp/hard\libc_nano.a(lib_a-nano-reallocr.o)
 .debug_frame   0x00000000000002bc       0x2c g:/st/stm32cubeide_1.3.0/stm32cubeide/plugins/com.st.stm32cube.ide.mcu.externaltools.gnu-tools-for-stm32.9-2020-q2-update.win32_2.0.0.202105311346/tools/bin/../lib/gcc/arm-none-eabi/9.3.1/../../../../arm-none-eabi/lib/thumb/v7e-m+fp/hard\libc_nano.a(lib_a-sbrkr.o)
 .debug_frame   0x00000000000002e8       0x30 g:/st/stm32cubeide_1.3.0/stm32cubeide/plugins/com.st.stm32cube.ide.mcu.externaltools.gnu-tools-for-stm32.9-2020-q2-update.win32_2.0.0.202105311346/tools/bin/../lib/gcc/arm-none-eabi/9.3.1/../../../../arm-none-eabi/lib/thumb/v7e-m+fp/hard\libc_nano.a(lib_a-mlock.o)
 .debug_frame   0x0000000000000318       0x20 g:/st/stm32cubeide_1.3.0/stm32cubeide/plugins/com.st.stm32cube.ide.mcu.externaltools.gnu-tools-for-stm32.9-2020-q2-update.win32_2.0.0.202105311346/tools/bin/../lib/gcc/arm-none-eabi/9.3.1/../../../../arm-none-eabi/lib/thumb/v7e-m+fp/hard\libc_nano.a(lib_a-nano-msizer.o)
 .debug_frame   0x0000000000000338       0x5c g:/st/stm32cubeide_1.3.0/stm32cubeide/plugins/com.st.stm32cube.ide.mcu.externaltools.gnu-tools-for-stm32.9-2020-q2-update.win32_2.0.0.202105311346/tools/bin/../lib/gcc/arm-none-eabi/9.3.1/../../../../arm-none-eabi/lib/thumb/v7e-m+fp/hard\libc_nano.a(lib_a-reent.o)
 .debug_frame   0x0000000000000394       0xb0 g:/st/stm32cubeide_1.3.0/stm32cubeide/plugins/com.st.stm32cube.ide.mcu.externaltools.gnu-tools-for-stm32.9-2020-q2-update.win32_2.0.0.202105311346/tools/bin/../lib/gcc/arm-none-eabi/9.3.1/../../../../arm-none-eabi/lib/thumb/v7e-m+fp/hard\libc_nano.a(lib_a-lock.o)
