core_cm4.h:1615:23:__NVIC_SetPriorityGrouping	24	static
core_cm4.h:1630:27:__NVIC_GetPriorityGrouping	4	static
core_cm4.h:1640:23:__NVIC_EnableIRQ	16	static
core_cm4.h:1668:23:__NVIC_DisableIRQ	16	static,ignoring_inline_asm
core_cm4.h:1684:27:__NVIC_GetPendingIRQ	16	static
core_cm4.h:1698:23:__NVIC_SetPendingIRQ	16	static
core_cm4.h:1710:23:__NVIC_ClearPendingIRQ	16	static
core_cm4.h:1724:27:__NVIC_GetActive	16	static
core_cm4.h:1741:23:__NVIC_SetPriority	16	static
core_cm4.h:1758:27:__NVIC_GetPriority	16	static
core_cm4.h:1778:27:NVIC_EncodePriority	40	static
core_cm4.h:1800:23:NVIC_DecodePriority	40	static
core_cm4.h:1843:35:__NVIC_SystemReset	4	static,ignoring_inline_asm
core_cm4.h:1916:26:SysTick_Config	16	static
stm32f3xx_hal_cortex.c:167:6:HAL_NVIC_SetPriorityGrouping	16	static
stm32f3xx_hal_cortex.c:188:6:HAL_NVIC_SetPriority	32	static
stm32f3xx_hal_cortex.c:209:6:HAL_NVIC_EnableIRQ	16	static
stm32f3xx_hal_cortex.c:224:6:HAL_NVIC_DisableIRQ	16	static
stm32f3xx_hal_cortex.c:236:6:HAL_NVIC_SystemReset	8	static
stm32f3xx_hal_cortex.c:248:10:HAL_SYSTICK_Config	16	static
stm32f3xx_hal_cortex.c:277:6:HAL_MPU_Disable	4	static
stm32f3xx_hal_cortex.c:296:6:HAL_MPU_Enable	16	static
stm32f3xx_hal_cortex.c:310:6:HAL_MPU_ConfigRegion	16	static
stm32f3xx_hal_cortex.c:344:10:HAL_NVIC_GetPriorityGrouping	8	static
stm32f3xx_hal_cortex.c:370:6:HAL_NVIC_GetPriority	24	static
stm32f3xx_hal_cortex.c:384:6:HAL_NVIC_SetPendingIRQ	16	static
stm32f3xx_hal_cortex.c:398:10:HAL_NVIC_GetPendingIRQ	16	static
stm32f3xx_hal_cortex.c:410:6:HAL_NVIC_ClearPendingIRQ	16	static
stm32f3xx_hal_cortex.c:423:10:HAL_NVIC_GetActive	16	static
stm32f3xx_hal_cortex.c:436:6:HAL_SYSTICK_CLKSourceConfig	16	static
stm32f3xx_hal_cortex.c:450:6:HAL_SYSTICK_IRQHandler	8	static
stm32f3xx_hal_cortex.c:458:13:HAL_SYSTICK_Callback	4	static
