stm32f3xx_hal_cortex.c:167:6:HAL_NVIC_SetPriorityGrouping	4	static
stm32f3xx_hal_cortex.c:188:6:HAL_NVIC_SetPriority	8	static
stm32f3xx_hal_cortex.c:209:6:HAL_NVIC_EnableIRQ	0	static
stm32f3xx_hal_cortex.c:224:6:HAL_NVIC_DisableIRQ	0	static,ignoring_inline_asm
stm32f3xx_hal_cortex.c:236:6:HAL_NVIC_SystemReset	0	static,ignoring_inline_asm
stm32f3xx_hal_cortex.c:248:10:HAL_SYSTICK_Config	4	static
stm32f3xx_hal_cortex.c:277:6:HAL_MPU_Disable	0	static
stm32f3xx_hal_cortex.c:296:6:HAL_MPU_Enable	0	static
stm32f3xx_hal_cortex.c:310:6:HAL_MPU_ConfigRegion	12	static
stm32f3xx_hal_cortex.c:344:10:HAL_NVIC_GetPriorityGrouping	0	static
stm32f3xx_hal_cortex.c:370:6:HAL_NVIC_GetPriority	8	static
stm32f3xx_hal_cortex.c:384:6:HAL_NVIC_SetPendingIRQ	0	static
stm32f3xx_hal_cortex.c:398:10:HAL_NVIC_GetPendingIRQ	0	static
stm32f3xx_hal_cortex.c:410:6:HAL_NVIC_ClearPendingIRQ	0	static
stm32f3xx_hal_cortex.c:423:10:HAL_NVIC_GetActive	0	static
stm32f3xx_hal_cortex.c:436:6:HAL_SYSTICK_CLKSourceConfig	0	static
stm32f3xx_hal_cortex.c:458:13:HAL_SYSTICK_Callback	0	static
stm32f3xx_hal_cortex.c:450:6:HAL_SYSTICK_IRQHandler	8	static
